Component: ARM Compiler 5.06 update 7 (build 960) Tool: armlink [4d3601]

==============================================================================

Section Cross References

    startup_stm32f40_41xxx.o(RESET) refers to startup_stm32f40_41xxx.o(STACK) for __initial_sp
    startup_stm32f40_41xxx.o(RESET) refers to startup_stm32f40_41xxx.o(.text) for Reset_Handler
    startup_stm32f40_41xxx.o(RESET) refers to stm32f4xx_it.o(i.NMI_Handler) for NMI_Handler
    startup_stm32f40_41xxx.o(RESET) refers to stm32f4xx_it.o(i.HardFault_Handler) for HardFault_Handler
    startup_stm32f40_41xxx.o(RESET) refers to stm32f4xx_it.o(i.MemManage_Handler) for MemManage_Handler
    startup_stm32f40_41xxx.o(RESET) refers to stm32f4xx_it.o(i.BusFault_Handler) for BusFault_Handler
    startup_stm32f40_41xxx.o(RESET) refers to stm32f4xx_it.o(i.UsageFault_Handler) for UsageFault_Handler
    startup_stm32f40_41xxx.o(RESET) refers to port.o(.emb_text) for SVC_Handler
    startup_stm32f40_41xxx.o(RESET) refers to stm32f4xx_it.o(i.DebugMon_Handler) for DebugMon_Handler
    startup_stm32f40_41xxx.o(RESET) refers to port.o(i.SysTick_Handler) for SysTick_Handler
    startup_stm32f40_41xxx.o(RESET) refers to spi.o(i.DMA1_Stream3_IRQHandler) for DMA1_Stream3_IRQHandler
    startup_stm32f40_41xxx.o(RESET) refers to tim.o(i.TIM3_IRQHandler) for TIM3_IRQHandler
    startup_stm32f40_41xxx.o(RESET) refers to f4_uart.o(i.USART1_IRQHandler) for USART1_IRQHandler
    startup_stm32f40_41xxx.o(RESET) refers to f4_uart.o(i.USART2_IRQHandler) for USART2_IRQHandler
    startup_stm32f40_41xxx.o(RESET) refers to f4_uart.o(i.USART3_IRQHandler) for USART3_IRQHandler
    startup_stm32f40_41xxx.o(RESET) refers to sdio_sdcard.o(i.SDIO_IRQHandler) for SDIO_IRQHandler
    startup_stm32f40_41xxx.o(RESET) refers to uart_device.o(i.UART4_IRQHandler) for UART4_IRQHandler
    startup_stm32f40_41xxx.o(RESET) refers to f4_uart.o(i.UART5_IRQHandler) for UART5_IRQHandler
    startup_stm32f40_41xxx.o(RESET) refers to usbh_usr.o(i.OTG_FS_IRQHandler) for OTG_FS_IRQHandler
    startup_stm32f40_41xxx.o(RESET) refers to f4_uart.o(i.USART6_IRQHandler) for USART6_IRQHandler
    startup_stm32f40_41xxx.o(.text) refers to system_stm32f4xx.o(i.SystemInit) for SystemInit
    startup_stm32f40_41xxx.o(.text) refers to entry.o(.ARM.Collect$$$$00000000) for __main
    system_stm32f4xx.o(i.SystemCoreClockUpdate) refers to system_stm32f4xx.o(.data) for SystemCoreClock
    system_stm32f4xx.o(i.SystemInit) refers to system_stm32f4xx.o(i.SetSysClock) for SetSysClock
    stm32f4xx_adc.o(i.ADC_DeInit) refers to stm32f4xx_rcc.o(i.RCC_APB2PeriphResetCmd) for RCC_APB2PeriphResetCmd
    stm32f4xx_can.o(i.CAN_DeInit) refers to stm32f4xx_rcc.o(i.RCC_APB1PeriphResetCmd) for RCC_APB1PeriphResetCmd
    stm32f4xx_can.o(i.CAN_GetITStatus) refers to stm32f4xx_can.o(i.CheckITStatus) for CheckITStatus
    stm32f4xx_cryp.o(i.CRYP_DeInit) refers to stm32f4xx_rcc.o(i.RCC_AHB2PeriphResetCmd) for RCC_AHB2PeriphResetCmd
    stm32f4xx_cryp_aes.o(i.CRYP_AES_CBC) refers to stm32f4xx_cryp.o(i.CRYP_KeyStructInit) for CRYP_KeyStructInit
    stm32f4xx_cryp_aes.o(i.CRYP_AES_CBC) refers to stm32f4xx_cryp.o(i.CRYP_FIFOFlush) for CRYP_FIFOFlush
    stm32f4xx_cryp_aes.o(i.CRYP_AES_CBC) refers to stm32f4xx_cryp.o(i.CRYP_Init) for CRYP_Init
    stm32f4xx_cryp_aes.o(i.CRYP_AES_CBC) refers to stm32f4xx_cryp.o(i.CRYP_KeyInit) for CRYP_KeyInit
    stm32f4xx_cryp_aes.o(i.CRYP_AES_CBC) refers to stm32f4xx_cryp.o(i.CRYP_Cmd) for CRYP_Cmd
    stm32f4xx_cryp_aes.o(i.CRYP_AES_CBC) refers to stm32f4xx_cryp.o(i.CRYP_GetFlagStatus) for CRYP_GetFlagStatus
    stm32f4xx_cryp_aes.o(i.CRYP_AES_CBC) refers to stm32f4xx_cryp.o(i.CRYP_IVInit) for CRYP_IVInit
    stm32f4xx_cryp_aes.o(i.CRYP_AES_CBC) refers to stm32f4xx_cryp.o(i.CRYP_GetCmdStatus) for CRYP_GetCmdStatus
    stm32f4xx_cryp_aes.o(i.CRYP_AES_CBC) refers to stm32f4xx_cryp.o(i.CRYP_DataIn) for CRYP_DataIn
    stm32f4xx_cryp_aes.o(i.CRYP_AES_CBC) refers to stm32f4xx_cryp.o(i.CRYP_DataOut) for CRYP_DataOut
    stm32f4xx_cryp_aes.o(i.CRYP_AES_CCM) refers to stm32f4xx_cryp.o(i.CRYP_KeyStructInit) for CRYP_KeyStructInit
    stm32f4xx_cryp_aes.o(i.CRYP_AES_CCM) refers to stm32f4xx_cryp.o(i.CRYP_FIFOFlush) for CRYP_FIFOFlush
    stm32f4xx_cryp_aes.o(i.CRYP_AES_CCM) refers to stm32f4xx_cryp.o(i.CRYP_KeyInit) for CRYP_KeyInit
    stm32f4xx_cryp_aes.o(i.CRYP_AES_CCM) refers to stm32f4xx_cryp.o(i.CRYP_IVInit) for CRYP_IVInit
    stm32f4xx_cryp_aes.o(i.CRYP_AES_CCM) refers to stm32f4xx_cryp.o(i.CRYP_Init) for CRYP_Init
    stm32f4xx_cryp_aes.o(i.CRYP_AES_CCM) refers to stm32f4xx_cryp.o(i.CRYP_PhaseConfig) for CRYP_PhaseConfig
    stm32f4xx_cryp_aes.o(i.CRYP_AES_CCM) refers to stm32f4xx_cryp.o(i.CRYP_DataIn) for CRYP_DataIn
    stm32f4xx_cryp_aes.o(i.CRYP_AES_CCM) refers to stm32f4xx_cryp.o(i.CRYP_Cmd) for CRYP_Cmd
    stm32f4xx_cryp_aes.o(i.CRYP_AES_CCM) refers to stm32f4xx_cryp.o(i.CRYP_GetCmdStatus) for CRYP_GetCmdStatus
[...]
    .data                                    0x200004f8   Section        4  errno.o(.data)
    .data                                    0x200004fc   Section       48  uart_device.o(.data)
    g_uart4_data                             0x200004fc   Data          20  uart_device.o(.data)
    g_uart_devices                           0x20000528   Data           4  uart_device.o(.data)
    .data                                    0x2000052c   Section        4  stdout.o(.data)
    .bss                                     0x20000530   Section       61  config.o(.bss)
    .bss                                     0x20000570   Section     2081  app.o(.bss)
    .bss                                     0x20000d91   Section      482  rfid.o(.bss)
    rfid1_pack_buf                           0x20000eab   Data         100  rfid.o(.bss)
    rfid2_pack_buf                           0x20000f0f   Data         100  rfid.o(.bss)
    .bss                                     0x20000f78   Section      704  sdio_sdcard.o(.bss)
    CSD_Tab                                  0x20000fbc   Data          16  sdio_sdcard.o(.bss)
    CID_Tab                                  0x20000fcc   Data          16  sdio_sdcard.o(.bss)
    .bss                                     0x20001238   Section     2128  ws2812b.o(.bss)
    .bss                                     0x20001a88   Section       52  hx711.o(.bss)
    .bss                                     0x20001abc   Section     6500  f4_uart.o(.bss)
    uart1_tx_buf                             0x20001abc   Data        1000  f4_uart.o(.bss)
    uart1_rx_buf                             0x20001ea4   Data         500  f4_uart.o(.bss)
    uart2_tx_buf                             0x20002098   Data         500  f4_uart.o(.bss)
    uart2_rx_buf                             0x2000228c   Data         500  f4_uart.o(.bss)
    uart3_tx_buf                             0x20002480   Data         500  f4_uart.o(.bss)
    uart3_rx_buf                             0x20002674   Data         500  f4_uart.o(.bss)
    uart4_tx_buf                             0x20002868   Data         500  f4_uart.o(.bss)
    uart4_rx_buf                             0x20002a5c   Data         500  f4_uart.o(.bss)
    uart5_tx_buf                             0x20002c50   Data         500  f4_uart.o(.bss)
    uart5_rx_buf                             0x20002e44   Data         500  f4_uart.o(.bss)
    uart6_tx_buf                             0x20003038   Data         500  f4_uart.o(.bss)
    uart6_rx_buf                             0x2000322c   Data         500  f4_uart.o(.bss)
    .bss                                     0x20003420   Section       64  queue.o(.bss)
    .bss                                     0x20003460   Section      400  tasks.o(.bss)
    pxReadyTasksLists                        0x20003460   Data         300  tasks.o(.bss)
    xDelayedTaskList1                        0x2000358c   Data          20  tasks.o(.bss)
    xDelayedTaskList2                        0x200035a0   Data          20  tasks.o(.bss)
    xPendingReadyList                        0x200035b4   Data          20  tasks.o(.bss)
    xTasksWaitingTermination                 0x200035c8   Data          20  tasks.o(.bss)
    xSuspendedTaskList                       0x200035dc   Data          20  tasks.o(.bss)
    .bss                                     0x200035f0   Section       40  timers.o(.bss)
    xActiveTimerList1                        0x200035f0   Data          20  timers.o(.bss)
    xActiveTimerList2                        0x20003604   Data          20  timers.o(.bss)
    .bss                                     0x20003618   Section    30720  heap_4.o(.bss)
    ucHeap                                   0x20003618   Data       30720  heap_4.o(.bss)
    STACK                                    0x2000ae18   Section     8192  startup_stm32f40_41xxx.o(STACK)

    Global Symbols

    Symbol Name                              Value     Ov Type        Size  Object(Section)

    BuildAttributes$$THM_ISAv4$E$P$D$K$B$S$7EM$VFPi3$EXTD16$VFPS$VFMA$PE$A:L22UL41UL21$X:L11$S22US41US21$IEEE1$IW$USESV6$~STKCKD$USESV7$~SHL$OTIME$ROPI$EBA8$MICROLIB$REQ8$PRES8$EABIv2 0x00000000   Number         0  anon$$obj.o ABSOLUTE
    __ARM_use_no_argv                        0x00000000   Number         0  main.o ABSOLUTE
    _printf_a                                0x00000000   Number         0  stubs.o ABSOLUTE
    _printf_c                                0x00000000   Number         0  stubs.o ABSOLUTE
    _printf_charcount                        0x00000000   Number         0  stubs.o ABSOLUTE
    _printf_d                                0x00000000   Number         0  stubs.o ABSOLUTE
    _printf_e                                0x00000000   Number         0  stubs.o ABSOLUTE
    _printf_f                                0x00000000   Number         0  stubs.o ABSOLUTE
    _printf_flags                            0x00000000   Number         0  stubs.o ABSOLUTE
    _printf_fp_dec                           0x00000000   Number         0  stubs.o ABSOLUTE
    _printf_fp_hex                           0x00000000   Number         0  stubs.o ABSOLUTE
    _printf_g                                0x00000000   Number         0  stubs.o ABSOLUTE
    _printf_i                                0x00000000   Number         0  stubs.o ABSOLUTE
    _printf_int_dec                          0x00000000   Number         0  stubs.o ABSOLUTE
    _printf_l                                0x00000000   Number         0  stubs.o ABSOLUTE
    _printf_lc                               0x00000000   Number         0  stubs.o ABSOLUTE
    _printf_ll                               0x00000000   Number         0  stubs.o ABSOLUTE
    _printf_lld                              0x00000000   Number         0  stubs.o ABSOLUTE
    _printf_lli                              0x00000000   Number         0  stubs.o ABSOLUTE
    _printf_llo                              0x00000000   Number         0  stubs.o ABSOLUTE
    _printf_llu                              0x00000000   Number         0  stubs.o ABSOLUTE
    _printf_llx                              0x00000000   Number         0  stubs.o ABSOLUTE
    _printf_longlong_dec                     0x00000000   Number         0  stubs.o ABSOLUTE
    _printf_longlong_hex                     0x00000000   Number         0  stubs.o ABSOLUTE
    _printf_longlong_oct                     0x00000000   Number         0  stubs.o ABSOLUTE
    _printf_ls                               0x00000000   Number         0  stubs.o ABSOLUTE
    _printf_mbtowc                           0x00000000   Number         0  stubs.o ABSOLUTE
    _printf_n                                0x00000000   Number         0  stubs.o ABSOLUTE
    _printf_o                                0x00000000   Number         0  stubs.o ABSOLUTE
    _printf_p                                0x00000000   Number         0  stubs.o ABSOLUTE
    _printf_percent                          0x00000000   Number         0  stubs.o ABSOLUTE
    _printf_pre_padding                      0x00000000   Number         0  stubs.o ABSOLUTE
    _printf_return_value                     0x00000000   Number         0  stubs.o ABSOLUTE
    _printf_s                                0x00000000   Number         0  stubs.o ABSOLUTE
    _printf_sizespec                         0x00000000   Number         0  stubs.o ABSOLUTE
    _printf_str                              0x00000000   Number         0  stubs.o ABSOLUTE
    _printf_truncate_signed                  0x00000000   Number         0  stubs.o ABSOLUTE
    _printf_truncate_unsigned                0x00000000   Number         0  stubs.o ABSOLUTE
    _printf_u                                0x00000000   Number         0  stubs.o ABSOLUTE
    _printf_wc                               0x00000000   Number         0  stubs.o ABSOLUTE
    _printf_wctomb                           0x00000000   Number         0  stubs.o ABSOLUTE
    _printf_widthprec                        0x00000000   Number         0  stubs.o ABSOLUTE
    _printf_x                                0x00000000   Number         0  stubs.o ABSOLUTE
    __arm_fini_                               - Undefined Weak Reference
    __cpp_initialize__aeabi_                  - Undefined Weak Reference
    __cxa_finalize                            - Undefined Weak Reference
    _clock_init                               - Undefined Weak Reference
    _microlib_exit                            - Undefined Weak Reference
    _scanf_longlong                           - Undefined Weak Reference
    __Vectors_Size                           0x00000188   Number         0  startup_stm32f40_41xxx.o ABSOLUTE
    __Vectors                                0x08000000   Data           4  startup_stm32f40_41xxx.o(RESET)
    __Vectors_End                            0x08000188   Data           0  startup_stm32f40_41xxx.o(RESET)
    __main                                   0x08000189   Thumb Code     0  entry.o(.ARM.Collect$$$$00000000)
    _main_stk                                0x08000189   Thumb Code     0  entry2.o(.ARM.Collect$$$$00000001)
    _main_scatterload                        0x0800018d   Thumb Code     0  entry5.o(.ARM.Collect$$$$00000004)
    __main_after_scatterload                 0x08000191   Thumb Code     0  entry5.o(.ARM.Collect$$$$00000004)
    _main_clock                              0x08000191   Thumb Code     0  entry7b.o(.ARM.Collect$$$$00000008)
    _main_cpp_init                           0x08000191   Thumb Code     0  entry8b.o(.ARM.Collect$$$$0000000A)
    _main_init                               0x08000191   Thumb Code     0  entry9a.o(.ARM.Collect$$$$0000000B)
    __rt_lib_shutdown_fini                   0x08000199   Thumb Code     0  entry12b.o(.ARM.Collect$$$$0000000E)
    __rt_final_cpp                           0x0800019d   Thumb Code     0  entry10a.o(.ARM.Collect$$$$0000000F)
    __rt_final_exit                          0x0800019d   Thumb Code     0  entry11a.o(.ARM.Collect$$$$00000011)
    SVC_Handler                              0x080001a1   Thumb Code    28  port.o(.emb_text)
    __asm___6_port_c_39a90d8d__prvStartFirstTask 0x080001c1   Thumb Code    36  port.o(.emb_text)
    __asm___6_port_c_39a90d8d__prvEnableVFP  0x080001e9   Thumb Code    16  port.o(.emb_text)
    PendSV_Handler                           0x080001fd   Thumb Code    88  port.o(.emb_text)
    vPortGetIPSR                             0x08000259   Thumb Code     6  port.o(.emb_text)
    Reset_Handler                            0x08000261   Thumb Code     8  startup_stm32f40_41xxx.o(.text)
    ADC_IRQHandler                           0x0800027b   Thumb Code     0  startup_stm32f40_41xxx.o(.text)
    CAN1_RX0_IRQHandler                      0x0800027b   Thumb Code     0  startup_stm32f40_41xxx.o(.text)
    CAN1_RX1_IRQHandler                      0x0800027b   Thumb Code     0  startup_stm32f40_41xxx.o(.text)
    CAN1_SCE_IRQHandler                      0x0800027b   Thumb Code     0  startup_stm32f40_41xxx.o(.text)
    CAN1_TX_IRQHandler                       0x0800027b   Thumb Code     0  startup_stm32f40_41xxx.o(.text)
    CAN2_RX0_IRQHandler                      0x0800027b   Thumb Code     0  startup_stm32f40_41xxx.o(.text)
    CAN2_RX1_IRQHandler                      0x0800027b   Thumb Code     0  startup_stm32f40_41xxx.o(.text)
    CAN2_SCE_IRQHandler                      0x0800027b   Thumb Code     0  startup_stm32f40_41xxx.o(.text)
    CAN2_TX_IRQHandler                       0x0800027b   Thumb Code     0  startup_stm32f40_41xxx.o(.text)
    CRYP_IRQHandler                          0x0800027b   Thumb Code     0  startup_stm32f40_41xxx.o(.text)
    DCMI_IRQHandler                          0x0800027b   Thumb Code     0  startup_stm32f40_41xxx.o(.text)
    DMA1_Stream0_IRQHandler                  0x0800027b   Thumb Code     0  startup_stm32f40_41xxx.o(.text)
    DMA1_Stream1_IRQHandler                  0x0800027b   Thumb Code     0  startup_stm32f40_41xxx.o(.text)
    DMA1_Stream2_IRQHandler                  0x0800027b   Thumb Code     0  startup_stm32f40_41xxx.o(.text)
    DMA1_Stream4_IRQHandler                  0x0800027b   Thumb Code     0  startup_stm32f40_41xxx.o(.text)
    DMA1_Stream5_IRQHandler                  0x0800027b   Thumb Code     0  startup_stm32f40_41xxx.o(.text)
    DMA1_Stream6_IRQHandler                  0x0800027b   Thumb Code     0  startup_stm32f40_41xxx.o(.text)
    DMA1_Stream7_IRQHandler                  0x0800027b   Thumb Code     0  startup_stm32f40_41xxx.o(.text)
    DMA2_Stream0_IRQHandler                  0x0800027b   Thumb Code     0  startup_stm32f40_41xxx.o(.text)
    DMA2_Stream1_IRQHandler                  0x0800027b   Thumb Code     0  startup_stm32f40_41xxx.o(.text)
    DMA2_Stream2_IRQHandler                  0x0800027b   Thumb Code     0  startup_stm32f40_41xxx.o(.text)
    DMA2_Stream3_IRQHandler                  0x0800027b   Thumb Code     0  startup_stm32f40_41xxx.o(.text)
    DMA2_Stream4_IRQHandler                  0x0800027b   Thumb Code     0  startup_stm32f40_41xxx.o(.text)
    DMA2_Stream5_IRQHandler                  0x0800027b   Thumb Code     0  startup_stm32f40_41xxx.o(.text)
    DMA2_Stream6_IRQHandler                  0x0800027b   Thumb Code     0  startup_stm32f40_41xxx.o(.text)
    DMA2_Stream7_IRQHandler                  0x0800027b   Thumb Code     0  startup_stm32f40_41xxx.o(.text)
    ETH_IRQHandler                           0x0800027b   Thumb Code     0  startup_stm32f40_41xxx.o(.text)
    ETH_WKUP_IRQHandler                      0x0800027b   Thumb Code     0  startup_stm32f40_41xxx.o(.text)
    EXTI0_IRQHandler                         0x0800027b   Thumb Code     0  startup_stm32f40_41xxx.o(.text)
    EXTI15_10_IRQHandler                     0x0800027b   Thumb Code     0  startup_stm32f40_41xxx.o(.text)
    EXTI1_IRQHandler                         0x0800027b   Thumb Code     0  startup_stm32f40_41xxx.o(.text)
    EXTI2_IRQHandler                         0x0800027b   Thumb Code     0  startup_stm32f40_41xxx.o(.text)
    EXTI3_IRQHandler                         0x0800027b   Thumb Code     0  startup_stm32f40_41xxx.o(.text)
    EXTI4_IRQHandler                         0x0800027b   Thumb Code     0  startup_stm32f40_41xxx.o(.text)
    EXTI9_5_IRQHandler                       0x0800027b   Thumb Code     0  startup_stm32f40_41xxx.o(.text)
    FLASH_IRQHandler                         0x0800027b   Thumb Code     0  startup_stm32f40_41xxx.o(.text)
    FPU_IRQHandler                           0x0800027b   Thumb Code     0  startup_stm32f40_41xxx.o(.text)
    FSMC_IRQHandler                          0x0800027b   Thumb Code     0  startup_stm32f40_41xxx.o(.text)
    HASH_RNG_IRQHandler                      0x0800027b   Thumb Code     0  startup_stm32f40_41xxx.o(.text)
    I2C1_ER_IRQHandler                       0x0800027b   Thumb Code     0  startup_stm32f40_41xxx.o(.text)
    I2C1_EV_IRQHandler                       0x0800027b   Thumb Code     0  startup_stm32f40_41xxx.o(.text)
    I2C2_ER_IRQHandler                       0x0800027b   Thumb Code     0  startup_stm32f40_41xxx.o(.text)
    I2C2_EV_IRQHandler                       0x0800027b   Thumb Code     0  startup_stm32f40_41xxx.o(.text)
    I2C3_ER_IRQHandler                       0x0800027b   Thumb Code     0  startup_stm32f40_41xxx.o(.text)
    I2C3_EV_IRQHandler                       0x0800027b   Thumb Code     0  startup_stm32f40_41xxx.o(.text)
    OTG_FS_WKUP_IRQHandler                   0x0800027b   Thumb Code     0  startup_stm32f40_41xxx.o(.text)
    OTG_HS_EP1_IN_IRQHandler                 0x0800027b   Thumb Code     0  startup_stm32f40_41xxx.o(.text)
    OTG_HS_EP1_OUT_IRQHandler                0x0800027b   Thumb Code     0  startup_stm32f40_41xxx.o(.text)
    OTG_HS_IRQHandler                        0x0800027b   Thumb Code     0  startup_stm32f40_41xxx.o(.text)
    OTG_HS_WKUP_IRQHandler                   0x0800027b   Thumb Code     0  startup_stm32f40_41xxx.o(.text)
    PVD_IRQHandler                           0x0800027b   Thumb Code     0  startup_stm32f40_41xxx.o(.text)
    RCC_IRQHandler                           0x0800027b   Thumb Code     0  startup_stm32f40_41xxx.o(.text)
    RTC_Alarm_IRQHandler                     0x0800027b   Thumb Code     0  startup_stm32f40_41xxx.o(.text)
    RTC_WKUP_IRQHandler                      0x0800027b   Thumb Code     0  startup_stm32f40_41xxx.o(.text)
    SPI1_IRQHandler                          0x0800027b   Thumb Code     0  startup_stm32f40_41xxx.o(.text)
    SPI2_IRQHandler                          0x0800027b   Thumb Code     0  startup_stm32f40_41xxx.o(.text)
    SPI3_IRQHandler                          0x0800027b   Thumb Code     0  startup_stm32f40_41xxx.o(.text)
    TAMP_STAMP_IRQHandler                    0x0800027b   Thumb Code     0  startup_stm32f40_41xxx.o(.text)
    TIM1_BRK_TIM9_IRQHandler                 0x0800027b   Thumb Code     0  startup_stm32f40_41xxx.o(.text)
    TIM1_CC_IRQHandler                       0x0800027b   Thumb Code     0  startup_stm32f40_41xxx.o(.text)
    TIM1_TRG_COM_TIM11_IRQHandler            0x0800027b   Thumb Code     0  startup_stm32f40_41xxx.o(.text)
    TIM1_UP_TIM10_IRQHandler                 0x0800027b   Thumb Code     0  startup_stm32f40_41xxx.o(.text)
    TIM2_IRQHandler                          0x0800027b   Thumb Code     0  startup_stm32f40_41xxx.o(.text)
    TIM4_IRQHandler                          0x0800027b   Thumb Code     0  startup_stm32f40_41xxx.o(.text)
    TIM5_IRQHandler                          0x0800027b   Thumb Code     0  startup_stm32f40_41xxx.o(.text)
    TIM6_DAC_IRQHandler                      0x0800027b   Thumb Code     0  startup_stm32f40_41xxx.o(.text)
    TIM7_IRQHandler                          0x0800027b   Thumb Code     0  startup_stm32f40_41xxx.o(.text)
    TIM8_BRK_TIM12_IRQHandler                0x0800027b   Thumb Code     0  startup_stm32f40_41xxx.o(.text)
    TIM8_CC_IRQHandler                       0x0800027b   Thumb Code     0  startup_stm32f40_41xxx.o(.text)
    TIM8_TRG_COM_TIM14_IRQHandler            0x0800027b   Thumb Code     0  startup_stm32f40_41xxx.o(.text)
    TIM8_UP_TIM13_IRQHandler                 0x0800027b   Thumb Code     0  startup_stm32f40_41xxx.o(.text)
    WWDG_IRQHandler                          0x0800027b   Thumb Code     0  startup_stm32f40_41xxx.o(.text)
    __aeabi_memcpy                           0x08000285   Thumb Code    36  memcpya.o(.text)
    __aeabi_memcpy4                          0x08000285   Thumb Code     0  memcpya.o(.text)
    __aeabi_memcpy8                          0x08000285   Thumb Code     0  memcpya.o(.text)
    __aeabi_memset                           0x080002a9   Thumb Code    14  memseta.o(.text)
    __aeabi_memset4                          0x080002a9   Thumb Code     0  memseta.o(.text)
    __aeabi_memset8                          0x080002a9   Thumb Code     0  memseta.o(.text)
    __aeabi_memclr                           0x080002b7   Thumb Code     4  memseta.o(.text)
    __aeabi_memclr4                          0x080002b7   Thumb Code     0  memseta.o(.text)
    __aeabi_memclr8                          0x080002b7   Thumb Code     0  memseta.o(.text)
    memset                                   0x080002bb   Thumb Code    18  memseta.o(.text)
    strlen                                   0x080002cd   Thumb Code    14  strlen.o(.text)
    strcmp                                   0x080002db   Thumb Code    28  strcmp.o(.text)
    strcpy                                   0x080002f7   Thumb Code    18  strcpy.o(.text)
    __0sscanf                                0x08000309   Thumb Code    48  __0sscanf.o(.text)
    _scanf_int                               0x08000341   Thumb Code   332  _scanf_int.o(.text)
    __aeabi_uldivmod                         0x0800048d   Thumb Code    98  uldiv.o(.text)
    _chval                                   0x080004ef   Thumb Code    28  _chval.o(.text)
    __vfscanf_char                           0x08000519   Thumb Code    20  scanf_char.o(.text)
    _sgetc                                   0x08000535   Thumb Code    30  _sgetc.o(.text)
    _sbackspace                              0x08000553   Thumb Code    34  _sgetc.o(.text)
    __scatterload                            0x08000575   Thumb Code    28  init.o(.text)
    __scatterload_rt2                        0x08000575   Thumb Code     0  init.o(.text)
    __aeabi_llsl                             0x08000599   Thumb Code    30  llshl.o(.text)
    _ll_shift_l                              0x08000599   Thumb Code     0  llshl.o(.text)
    __aeabi_llsr                             0x080005b7   Thumb Code    32  llushr.o(.text)
    _ll_ushift_r                             0x080005b7   Thumb Code     0  llushr.o(.text)
    isspace                                  0x080005d7   Thumb Code    10  isspace_c.o(.text)
    __vfscanf                                0x080005e1   Thumb Code   810  _scanf.o(.text)
    __ctype_lookup                           0x08000911   Thumb Code    34  ctype_c.o(.text)
    __decompress                             0x08000939   Thumb Code     0  __dczerorl2.o(.text)
    __decompress1                            0x08000939   Thumb Code    86  __dczerorl2.o(.text)
    BusFault_Handler                         0x0800098f   Thumb Code     4  stm32f4xx_it.o(i.BusFault_Handler)
    CmdResp1Error                            0x08000995   Thumb Code    94  sdio_sdcard.o(i.CmdResp1Error)
    DMA1_Stream3_IRQHandler                  0x080009f9   Thumb Code    48  spi.o(i.DMA1_Stream3_IRQHandler)
    DMA_ClearFlag                            0x08000a35   Thumb Code    38  stm32f4xx_dma.o(i.DMA_ClearFlag)
    DMA_Cmd                                  0x08000a69   Thumb Code    22  stm32f4xx_dma.o(i.DMA_Cmd)
    DMA_DeInit                               0x08000a81   Thumb Code   324  stm32f4xx_dma.o(i.DMA_DeInit)
    DMA_GetFlagStatus                        0x08000bd9   Thumb Code    54  stm32f4xx_dma.o(i.DMA_GetFlagStatus)
    DMA_GetITStatus                          0x08000c1d   Thumb Code    82  stm32f4xx_dma.o(i.DMA_GetITStatus)
    DMA_Init                                 0x08000c81   Thumb Code    82  stm32f4xx_dma.o(i.DMA_Init)
    DMA_SetCurrDataCounter                   0x08000cd9   Thumb Code     4  stm32f4xx_dma.o(i.DMA_SetCurrDataCounter)
    DebugMon_Handler                         0x08000cdd   Thumb Code     2  stm32f4xx_it.o(i.DebugMon_Handler)
    GPIO_AF_Set                              0x08000cdf   Thumb Code    64  stm32f4_sys.o(i.GPIO_AF_Set)
    GPIO_Init                                0x08000d1f   Thumb Code   144  stm32f4xx_gpio.o(i.GPIO_Init)
    GPIO_PinAFConfig                         0x08000daf   Thumb Code    70  stm32f4xx_gpio.o(i.GPIO_PinAFConfig)
    GPIO_Set                                 0x08000df5   Thumb Code   222  stm32f4_sys.o(i.GPIO_Set)
    GetUARTDevice                            0x08000ed5   Thumb Code    44  uart_device.o(i.GetUARTDevice)
    HardFault_Handler                        0x08000f05   Thumb Code     4  stm32f4xx_it.o(i.HardFault_Handler)
    MY_NVIC_Init                             0x08000f09   Thumb Code   116  stm32f4_sys.o(i.MY_NVIC_Init)
    MY_NVIC_PriorityGroupConfig              0x08000f81   Thumb Code    32  stm32f4_sys.o(i.MY_NVIC_PriorityGroupConfig)
    MY_NVIC_SetVectorTable                   0x08000fa9   Thumb Code    12  stm32f4_sys.o(i.MY_NVIC_SetVectorTable)
    MemManage_Handler                        0x08000fb9   Thumb Code     4  stm32f4xx_it.o(i.MemManage_Handler)
    NMI_Handler                              0x08000fbd   Thumb Code     2  stm32f4xx_it.o(i.NMI_Handler)
    OTG_FS_IRQHandler                        0x08000fc1   Thumb Code    10  usbh_usr.o(i.OTG_FS_IRQHandler)
    Queue_get_1                              0x08000fd1   Thumb Code    88  my_queue.o(i.Queue_get_1)
    Queue_ini                                0x08001029   Thumb Code    38  my_queue.o(i.Queue_ini)
    Queue_set_1                              0x0800104f   Thumb Code    86  my_queue.o(i.Queue_set_1)
    RCC_AHB1PeriphClockCmd                   0x080010a5   Thumb Code    26  stm32f4xx_rcc.o(i.RCC_AHB1PeriphClockCmd)
    RCC_APB1PeriphClockCmd                   0x080010c5   Thumb Code    26  stm32f4xx_rcc.o(i.RCC_APB1PeriphClockCmd)
    RCC_APB2PeriphClockCmd                   0x080010e5   Thumb Code    26  stm32f4xx_rcc.o(i.RCC_APB2PeriphClockCmd)
    SDIO_ClearFlag                           0x08001105   Thumb Code     6  stm32f4xx_sdio.o(i.SDIO_ClearFlag)
    SDIO_GetFlagStatus                       0x08001111   Thumb Code    20  stm32f4xx_sdio.o(i.SDIO_GetFlagStatus)
    SDIO_IRQHandler                          0x08001129   Thumb Code     8  sdio_sdcard.o(i.SDIO_IRQHandler)
    SDIO_SendCommand                         0x08001131   Thumb Code    40  stm32f4xx_sdio.o(i.SDIO_SendCommand)
    SD_ProcessIRQSrc                         0x0800115d   Thumb Code   318  sdio_sdcard.o(i.SD_ProcessIRQSrc)
    Stm32_Clock_Init                         0x0800139d   Thumb Code    90  stm32f4_sys.o(i.Stm32_Clock_Init)
    SysTick_Handler                          0x08001405   Thumb Code    46  port.o(i.SysTick_Handler)
    Sys_Clock_Set                            0x08001439   Thumb Code   254  stm32f4_sys.o(i.Sys_Clock_Set)
    SystemInit                               0x08001545   Thumb Code    88  system_stm32f4xx.o(i.SystemInit)
    TIM3_IRQHandler                          0x080015ad   Thumb Code    20  tim.o(i.TIM3_IRQHandler)
    TIM_ARRPreloadConfig                     0x080015c5   Thumb Code    24  stm32f4xx_tim.o(i.TIM_ARRPreloadConfig)
    TIM_ClearITPendingBit                    0x080015dd   Thumb Code     6  stm32f4xx_tim.o(i.TIM_ClearITPendingBit)
    TIM_Cmd                                  0x080015e3   Thumb Code    24  stm32f4xx_tim.o(i.TIM_Cmd)
    TIM_CtrlPWMOutputs                       0x080015fb   Thumb Code    30  stm32f4xx_tim.o(i.TIM_CtrlPWMOutputs)
    TIM_DMACmd                               0x08001619   Thumb Code    18  stm32f4xx_tim.o(i.TIM_DMACmd)
    TIM_GetITStatus                          0x0800162b   Thumb Code    34  stm32f4xx_tim.o(i.TIM_GetITStatus)
    TIM_OC3Init                              0x0800164d   Thumb Code   150  stm32f4xx_tim.o(i.TIM_OC3Init)
    TIM_OC3PreloadConfig                     0x080016ed   Thumb Code    18  stm32f4xx_tim.o(i.TIM_OC3PreloadConfig)
    TIM_TimeBaseInit                         0x08001701   Thumb Code   104  stm32f4xx_tim.o(i.TIM_TimeBaseInit)
    UART4_IRQHandler                         0x08001785   Thumb Code   150  uart_device.o(i.UART4_IRQHandler)
    UART5_IRQHandler                         0x08001825   Thumb Code    46  f4_uart.o(i.UART5_IRQHandler)
    USART1_IRQHandler                        0x08001859   Thumb Code   114  f4_uart.o(i.USART1_IRQHandler)
    USART2_IRQHandler                        0x080018d9   Thumb Code   100  f4_uart.o(i.USART2_IRQHandler)
    USART3_IRQHandler                        0x08001945   Thumb Code   212  f4_uart.o(i.USART3_IRQHandler)
    USART6_IRQHandler                        0x08001a25   Thumb Code   218  f4_uart.o(i.USART6_IRQHandler)
    USART_GetFlagStatus                      0x08001b11   Thumb Code    26  stm32f4xx_usart.o(i.USART_GetFlagStatus)
    USART_SendData                           0x08001b2b   Thumb Code     8  stm32f4xx_usart.o(i.USART_SendData)
    USBH_Connected                           0x08001b33   Thumb Code    12  usbh_core.o(i.USBH_Connected)
    USBH_Disconnected                        0x08001b3f   Thumb Code    40  usbh_core.o(i.USBH_Disconnected)
    USBH_OTG_ISR_Handler                     0x08001b67   Thumb Code   168  usb_hcd_int.o(i.USBH_OTG_ISR_Handler)
    USBH_PortDisabled                        0x08001c0f   Thumb Code    12  usbh_core.o(i.USBH_PortDisabled)
    USBH_PortEnabled                         0x08001c1b   Thumb Code    12  usbh_core.o(i.USBH_PortEnabled)
    USBH_SOF                                 0x08001c27   Thumb Code     6  usbh_core.o(i.USBH_SOF)
    USB_OTG_BSP_DriveVBUS                    0x08001c2d   Thumb Code     2  usb_bsp.o(i.USB_OTG_BSP_DriveVBUS)
    USB_OTG_DisableGlobalInt                 0x08001c2f   Thumb Code    34  usb_core.o(i.USB_OTG_DisableGlobalInt)
    USB_OTG_GetMode                          0x08001c51   Thumb Code    12  usb_core.o(i.USB_OTG_GetMode)
    USB_OTG_HC_DoPing                        0x08001c5d   Thumb Code    90  usb_core.o(i.USB_OTG_HC_DoPing)
    USB_OTG_HC_Halt                          0x08001cb7   Thumb Code   154  usb_core.o(i.USB_OTG_HC_Halt)
    USB_OTG_InitFSLSPClkSel                  0x08001d51   Thumb Code    24  usb_core.o(i.USB_OTG_InitFSLSPClkSel)
    USB_OTG_IsHostMode                       0x08001d69   Thumb Code    20  usb_core.o(i.USB_OTG_IsHostMode)
    USB_OTG_ReadCoreItr                      0x08001d7d   Thumb Code    16  usb_core.o(i.USB_OTG_ReadCoreItr)
    USB_OTG_ReadHostAllChannels_intr         0x08001d8d   Thumb Code     8  usb_core.o(i.USB_OTG_ReadHostAllChannels_intr)
    USB_OTG_ReadPacket                       0x08001d95   Thumb Code    40  usb_core.o(i.USB_OTG_ReadPacket)
    USB_OTG_WritePacket                      0x08002b95   Thumb Code    62  usb_core.o(i.USB_OTG_WritePacket)
    UsageFault_Handler                       0x08002bd3   Thumb Code     4  stm32f4xx_it.o(i.UsageFault_Handler)
    __0printf$8                              0x08002bd9   Thumb Code    22  printf8.o(i.__0printf$8)
    __1printf$8                              0x08002bd9   Thumb Code     0  printf8.o(i.__0printf$8)
    __2printf                                0x08002bd9   Thumb Code     0  printf8.o(i.__0printf$8)
    __0sprintf$8                             0x08002bf9   Thumb Code    34  printf8.o(i.__0sprintf$8)
    __1sprintf$8                             0x08002bf9   Thumb Code     0  printf8.o(i.__0sprintf$8)
    __2sprintf                               0x08002bf9   Thumb Code     0  printf8.o(i.__0sprintf$8)
    __scatterload_copy                       0x08002c21   Thumb Code    14  handlers.o(i.__scatterload_copy)
    __scatterload_null                       0x08002c2f   Thumb Code     2  handlers.o(i.__scatterload_null)
    __scatterload_zeroinit                   0x08002c31   Thumb Code    14  handlers.o(i.__scatterload_zeroinit)
    _error_print                             0x08002c3f   Thumb Code     8  modbus.o(i._error_print)
    _modbus_init_common                      0x08002c47   Thumb Code    36  modbus.o(i._modbus_init_common)
    _modbus_receive_msg                      0x08002c6d   Thumb Code   394  modbus.o(i._modbus_receive_msg)
    bsp_InitDWT                              0x080034bd   Thumb Code    30  dwt_delay.o(i.bsp_InitDWT)
    cfg_get                                  0x080034e5   Thumb Code    32  config.o(i.cfg_get)
    cfg_save                                 0x0800350d   Thumb Code    20  config.o(i.cfg_save)
    check_xor                                0x08003529   Thumb Code    24  com_fun.o(i.check_xor)
    cmd_ini                                  0x08003541   Thumb Code    20  cmd.o(i.cmd_ini)
    cmd_reg                                  0x08003561   Thumb Code    12  cmd.o(i.cmd_reg)
    dft_cmd_out                              0x08003661   Thumb Code    12  cmd.o(i.dft_cmd_out)
    flash_erase                              0x0800366d   Thumb Code   548  f4_flash.o(i.flash_erase)
    flash_eraseAwrite                        0x080038c9   Thumb Code    62  f4_flash.o(i.flash_eraseAwrite)
    flash_write                              0x08003909   Thumb Code   114  f4_flash.o(i.flash_write)
    fputc                                    0x08003989   Thumb Code    16  stm32f4_sys.o(i.fputc)
    fun_echo                                 0x0800399d   Thumb Code    38  cmd.o(i.fun_echo)
    fun_help                                 0x080039d5   Thumb Code    80  cmd.o(i.fun_help)
    get_month                                0x08003a35   Thumb Code   126  version.o(i.get_month)
    get_que_data                             0x08003ac1   Thumb Code    22  my_queue.o(i.get_que_data)
    get_sensor_data_task                     0x08003ad9   Thumb Code   116  app.o(i.get_sensor_data_task)
    get_unique_id                            0x08003b55   Thumb Code    24  app.o(i.get_unique_id)
    get_weight                               0x08003b71   Thumb Code    72  hx711.o(i.get_weight)
    gpio_init                                0x08003bc9   Thumb Code   552  gpio_init.o(i.gpio_init)
    hx711_io_init                            0x08003e15   Thumb Code    44  hx711.o(i.hx711_io_init)
    hx711_recv                               0x08003e45   Thumb Code    76  hx711.o(i.hx711_recv)
    init_task                                0x08003e99   Thumb Code   110  app.o(i.init_task)
    led_single_show                          0x08003f25   Thumb Code   272  ws2812b.o(i.led_single_show)
    liquid_injection                         0x08004045   Thumb Code    42  pump_motor.o(i.liquid_injection)
    main                                     0x08004075   Thumb Code    58  main.o(i.main)
    modbus_close                             0x080040cd   Thumb Code    20  modbus.o(i.modbus_close)
    modbus_connect                           0x080040e1   Thumb Code    28  modbus.o(i.modbus_connect)
    modbus_flush                             0x08004101   Thumb Code    32  modbus.o(i.modbus_flush)
    modbus_free                              0x08004125   Thumb Code    20  modbus.o(i.modbus_free)
    modbus_mapping_free                      0x08004139   Thumb Code    42  modbus.o(i.modbus_mapping_free)
    modbus_mapping_new_start_address         0x08004163   Thumb Code   262  modbus.o(i.modbus_mapping_new_start_address)
    modbus_new_st_rtu                        0x08004269   Thumb Code   216  modbus-st-rtu.o(i.modbus_new_st_rtu)
    modbus_pro_task                          0x08004349   Thumb Code   536  app.o(i.modbus_pro_task)
    modbus_receive                           0x08004579   Thumb Code    32  modbus.o(i.modbus_receive)
    modbus_reply                             0x0800459d   Thumb Code  2870  modbus.o(i.modbus_reply)
    modbus_set_bits_from_bytes               0x080050fd   Thumb Code    64  modbus-data.o(i.modbus_set_bits_from_bytes)
    modbus_set_slave                         0x0800513d   Thumb Code    32  modbus.o(i.modbus_set_slave)
    pump_motor_dis                           0x08005b6d   Thumb Code    34  pump_motor.o(i.pump_motor_dis)
    pump_motor_en                            0x08005ba1   Thumb Code    42  pump_motor.o(i.pump_motor_en)
    pump_motor_init                          0x08005bdd   Thumb Code    24  pump_motor.o(i.pump_motor_init)
    pvPortMalloc                             0x08005bfd   Thumb Code   280  heap_4.o(i.pvPortMalloc)
    pvTaskIncrementMutexHeldCount            0x08005d29   Thumb Code    26  tasks.o(i.pvTaskIncrementMutexHeldCount)
    pxPortInitialiseStack                    0x08005d49   Thumb Code    38  port.o(i.pxPortInitialiseStack)
    rec_head                                 0x08005d77   Thumb Code   172  comm_rec.o(i.rec_head)
    rfid1_pre_cb                             0x08005eb9   Thumb Code    62  rfid.o(i.rfid1_pre_cb)
    rfid1_pro                                0x08005ef7   Thumb Code    78  rfid.o(i.rfid1_pro)
    rfid1_read_data                          0x08005f45   Thumb Code   224  rfid.o(i.rfid1_read_data)
    rfid1_read_process                       0x08006039   Thumb Code   328  rfid.o(i.rfid1_read_process)
    rfid1_task                               0x08006189   Thumb Code    56  app.o(i.rfid1_task)
    rfid2_pre_cb                             0x080061c9   Thumb Code    62  rfid.o(i.rfid2_pre_cb)
    rfid2_pro                                0x08006207   Thumb Code    78  rfid.o(i.rfid2_pro)
    rfid2_read_process                       0x08006255   Thumb Code   328  rfid.o(i.rfid2_read_process)
    rfid2_task                               0x080063a5   Thumb Code    56  app.o(i.rfid2_task)
    rfid_init                                0x080063e5   Thumb Code   324  rfid.o(i.rfid_init)
    run_task                                 0x08006565   Thumb Code   258  app.o(i.run_task)
    send_rfid1_cmd                           0x08006735   Thumb Code    70  rfid.o(i.send_rfid1_cmd)
    send_rfid2_cmd                           0x08006789   Thumb Code    70  rfid.o(i.send_rfid2_cmd)
    sliding_mean_filter_calc                 0x080067dd   Thumb Code   102  hx711.o(i.sliding_mean_filter_calc)
    software_timer_task                      0x08006845   Thumb Code    96  app.o(i.software_timer_task)
    start_task                               0x080068c5   Thumb Code   164  app.o(i.start_task)
    timer1_pwm_config                        0x08006ac5   Thumb Code   156  tim.o(i.timer1_pwm_config)
    uart1_putchar                            0x08006b69   Thumb Code    22  f4_uart.o(i.uart1_putchar)
    uart3_tx                                 0x08006b85   Thumb Code    54  rfid.o(i.uart3_tx)
    uart6_tx                                 0x08006bc1   Thumb Code    54  rfid.o(i.uart6_tx)
    uart_initial                             0x08006bfd   Thumb Code   726  f4_uart.o(i.uart_initial)
    uart_irq                                 0x08006f25   Thumb Code    96  f4_uart.o(i.uart_irq)
    uart_send                                0x08006f85   Thumb Code    54  f4_uart.o(i.uart_send)
    ulTaskGenericNotifyTake                  0x08006fbd   Thumb Code   160  tasks.o(i.ulTaskGenericNotifyTake)
    uxListRemove                             0x08007065   Thumb Code    40  list.o(i.uxListRemove)
    uxTaskGetNumberOfTasks                   0x0800708d   Thumb Code     6  tasks.o(i.uxTaskGetNumberOfTasks)
    vListInitialise                          0x08007099   Thumb Code    26  list.o(i.vListInitialise)
    vListInitialiseItem                      0x080070b3   Thumb Code     6  list.o(i.vListInitialiseItem)
    vListInsert                              0x080070b9   Thumb Code    52  list.o(i.vListInsert)
    vListInsertEnd                           0x080070ed   Thumb Code    24  list.o(i.vListInsertEnd)
    vPortEnterCritical                       0x08007105   Thumb Code    76  port.o(i.vPortEnterCritical)
    vPortExitCritical                        0x08007159   Thumb Code    56  port.o(i.vPortExitCritical)
    vPortFree                                0x08007195   Thumb Code   132  heap_4.o(i.vPortFree)
    vPortSetupTimerInterrupt                 0x08007221   Thumb Code    36  port.o(i.vPortSetupTimerInterrupt)
    vPortValidateInterruptPriority           0x08007249   Thumb Code   106  port.o(i.vPortValidateInterruptPriority)
    vQueueAddToRegistry                      0x080072c1   Thumb Code    90  queue.o(i.vQueueAddToRegistry)
    vQueueWaitForMessageRestricted           0x08007321   Thumb Code    74  queue.o(i.vQueueWaitForMessageRestricted)
    vTaskDelay                               0x0800736d   Thumb Code    82  tasks.o(i.vTaskDelay)
    vTaskDelete                              0x080073c9   Thumb Code   210  tasks.o(i.vTaskDelete)
    vTaskGenericNotifyGiveFromISR            0x080074c5   Thumb Code   372  tasks.o(i.vTaskGenericNotifyGiveFromISR)
    vTaskInternalSetTimeOutState             0x08007651   Thumb Code    14  tasks.o(i.vTaskInternalSetTimeOutState)
    vTaskMissedYield                         0x08007669   Thumb Code     8  tasks.o(i.vTaskMissedYield)
    vTaskPlaceOnEventList                    0x08007675   Thumb Code    52  tasks.o(i.vTaskPlaceOnEventList)
    vTaskPlaceOnEventListRestricted          0x080076ad   Thumb Code    94  tasks.o(i.vTaskPlaceOnEventListRestricted)
    vTaskPriorityDisinheritAfterTimeout      0x08007711   Thumb Code   268  tasks.o(i.vTaskPriorityDisinheritAfterTimeout)
    vTaskStartScheduler                      0x08007829   Thumb Code   122  tasks.o(i.vTaskStartScheduler)
    vTaskSuspendAll                          0x080078c5   Thumb Code    12  tasks.o(i.vTaskSuspendAll)
    vTaskSwitchContext                       0x080078d5   Thumb Code   118  tasks.o(i.vTaskSwitchContext)
    version_release                          0x08007961   Thumb Code   130  version.o(i.version_release)
    void_cmd_out                             0x08007a11   Thumb Code     2  cmd.o(i.void_cmd_out)
    void_putchar                             0x08007a13   Thumb Code     6  stm32f4_sys.o(i.void_putchar)
    ws2812_init                              0x08007a19   Thumb Code   280  ws2812b.o(i.ws2812_init)
    xPortStartScheduler                      0x08007b41   Thumb Code   330  port.o(i.xPortStartScheduler)
    xQueueGenericCreate                      0x08007ca9   Thumb Code   102  queue.o(i.xQueueGenericCreate)
    xQueueGenericReset                       0x08007d11   Thumb Code   214  queue.o(i.xQueueGenericReset)
    xQueueGenericSend                        0x08007ded   Thumb Code   420  queue.o(i.xQueueGenericSend)
    xQueueGenericSendFromISR                 0x08007f95   Thumb Code   296  queue.o(i.xQueueGenericSendFromISR)
    xQueueGiveFromISR                        0x080080bd   Thumb Code   272  queue.o(i.xQueueGiveFromISR)
    xQueueReceive                            0x080081cd   Thumb Code   356  queue.o(i.xQueueReceive)
    xQueueSemaphoreTake                      0x08008335   Thumb Code   398  queue.o(i.xQueueSemaphoreTake)
    xTaskCheckForTimeOut                     0x080084c9   Thumb Code   136  tasks.o(i.xTaskCheckForTimeOut)
    xTaskCreate                              0x08008559   Thumb Code   104  tasks.o(i.xTaskCreate)
    xTaskGetSchedulerState                   0x080085c1   Thumb Code    24  tasks.o(i.xTaskGetSchedulerState)
    xTaskGetTickCount                        0x080085e1   Thumb Code     6  tasks.o(i.xTaskGetTickCount)
    xTaskIncrementTick                       0x080085ed   Thumb Code   398  tasks.o(i.xTaskIncrementTick)
    xTaskPriorityDisinherit                  0x080087a9   Thumb Code   226  tasks.o(i.xTaskPriorityDisinherit)
    xTaskPriorityInherit                     0x08008899   Thumb Code   224  tasks.o(i.xTaskPriorityInherit)
    xTaskRemoveFromEventList                 0x08008985   Thumb Code   264  tasks.o(i.xTaskRemoveFromEventList)
    xTaskResumeAll                           0x08008aa5   Thumb Code   338  tasks.o(i.xTaskResumeAll)
    xTimerCreate                             0x08008c1d   Thumb Code    54  timers.o(i.xTimerCreate)
    xTimerCreateTimerTask                    0x08008c55   Thumb Code    66  timers.o(i.xTimerCreateTimerTask)
    xTimerGenericCommand                     0x08008cad   Thumb Code   126  timers.o(i.xTimerGenericCommand)
    cmd_str                                  0x08008d30   Data          24  cmd.o(.constdata)
    _modbus_rtu_backend_uart                 0x08009898   Data          80  modbus-st-rtu.o(.constdata)
    __ctype_categories                       0x080098e8   Data          64  ctype_c.o(.constdata)
    Region$$Table$$Base                      0x08009a10   Number         0  anon$$obj.o(Region$$Table)
    Region$$Table$$Limit                     0x08009a30   Number         0  anon$$obj.o(Region$$Table)
    SystemCoreClock                          0x20000000   Data           4  system_stm32f4xx.o(.data)
    AHBPrescTable                            0x20000004   Data          16  system_stm32f4xx.o(.data)
    save_config                              0x20000014   Data          36  config.o(.data)
    SD_state                                 0x20000038   Data           1  app.o(.data)
    debug_task_handler                       0x2000003c   Data           4  app.o(.data)
    rfid1_task_handler                       0x20000040   Data           4  app.o(.data)
    rfid2_task_handler                       0x20000044   Data           4  app.o(.data)
    modbus_pro_task_handler                  0x20000048   Data           4  app.o(.data)
    start_task_handler                       0x2000004c   Data           4  app.o(.data)
    software_timer_handler                   0x20000050   Data           4  app.o(.data)
    get_sensor_data_handler                  0x20000054   Data           4  app.o(.data)
    run_task_handler                         0x20000058   Data           4  app.o(.data)
    init_task_handler                        0x2000005c   Data           4  app.o(.data)
    timer_1000ms                             0x20000060   Data           4  app.o(.data)
    timer_10ms                               0x20000064   Data           4  app.o(.data)
    test_flag                                0x20000068   Data           1  app.o(.data)
    rfid1_pack                               0x20000070   Data          36  rfid.o(.data)
    rfid2_pack                               0x20000094   Data          36  rfid.o(.data)
    TransferError                            0x200000c2   Data           1  sdio_sdcard.o(.data)
    TransferEnd                              0x200000c3   Data           1  sdio_sdcard.o(.data)
    tempbuff                                 0x200000c4   Data           4  sdio_sdcard.o(.data)
    red                                      0x200000c8   Data           3  ws2812b.o(.data)
    orange                                   0x200000cb   Data           3  ws2812b.o(.data)
    yellow                                   0x200000ce   Data           3  ws2812b.o(.data)
    green                                    0x200000d1   Data           3  ws2812b.o(.data)
    cyan                                     0x200000d4   Data           3  ws2812b.o(.data)
    blue                                     0x200000d7   Data           3  ws2812b.o(.data)
    purple                                   0x200000da   Data           3  ws2812b.o(.data)
    black                                    0x200000dd   Data           3  ws2812b.o(.data)
    white                                    0x200000e0   Data           3  ws2812b.o(.data)
    color_p                                  0x200000e4   Data           4  ws2812b.o(.data)
    rgb_light_state                          0x200000e8   Data           1  ws2812b.o(.data)
    uart1                                    0x20000100   Data         136  f4_uart.o(.data)
    uart2                                    0x20000188   Data         136  f4_uart.o(.data)
    uart3                                    0x20000210   Data         136  f4_uart.o(.data)
    uart4                                    0x20000298   Data         136  f4_uart.o(.data)
    uart5                                    0x20000320   Data         136  f4_uart.o(.data)
    uart6                                    0x200003a8   Data         136  f4_uart.o(.data)
    SYS_task                                 0x20000430   Data           4  stm32f4_sys.o(.data)
    SYS_idle                                 0x20000434   Data           2  stm32f4_sys.o(.data)
    SYS_idle_dis                             0x20000436   Data           2  stm32f4_sys.o(.data)
    SYS_time                                 0x20000438   Data           4  stm32f4_sys.o(.data)
    IO_putchar                               0x2000043c   Data           4  stm32f4_sys.o(.data)
    HelloString                              0x20000440   Data           4  cmd.o(.data)
    buff_p                                   0x20000454   Data           1  cmd.o(.data)
    cmd_para                                 0x20000455   Data           1  cmd.o(.data)
    cmd_out                                  0x20000458   Data           4  cmd.o(.data)
    pxCurrentTCB                             0x2000045c   Data           4  tasks.o(.data)
    uxTopUsedPriority                        0x20000494   Data           4  tasks.o(.data)
    USBH_HCD_INT_cb                          0x200004d8   Data          20  usbh_core.o(.data)
    USBH_HCD_INT_fops                        0x200004ec   Data           4  usbh_core.o(.data)
    suspend_flag                             0x200004f0   Data           4  usbh_core.o(.data)
    errno                                    0x200004f8   Data           4  errno.o(.data)
    g_uart4_dev                              0x20000510   Data          24  uart_device.o(.data)
    __stdout                                 0x2000052c   Data           4  stdout.o(.data)
    cfg_dft                                  0x20000530   Data          61  config.o(.bss)
    USB_Host                                 0x20000570   Data         148  app.o(.bss)
    USB_OTG_Core                             0x20000604   Data        1456  app.o(.bss)
    m_data_t                                 0x20000bb4   Data         477  app.o(.bss)
    rf_sta                                   0x20000d91   Data         282  rfid.o(.bss)
    SDIO_InitStructure                       0x20000f78   Data          24  sdio_sdcard.o(.bss)
    SDIO_CmdInitStructure                    0x20000f90   Data          20  sdio_sdcard.o(.bss)
    SDIO_DataInitStructure                   0x20000fa4   Data          24  sdio_sdcard.o(.bss)
    SDCardInfo                               0x20000fe0   Data          88  sdio_sdcard.o(.bss)
    SDIO_DATA_BUFFER                         0x20001038   Data         512  sdio_sdcard.o(.bss)
    led_data_buf                             0x20001238   Data        2000  ws2812b.o(.bss)
    rgb_color                                0x20001a08   Data         128  ws2812b.o(.bss)
    weight                                   0x20001a88   Data          52  hx711.o(.bss)
    xQueueRegistry                           0x20003420   Data          64  queue.o(.bss)
    __initial_sp                             0x2000ce18   Data           0  startup_stm32f40_41xxx.o(STACK)



==============================================================================

Memory Map of the image

  Image Entry point : 0x08000189

  Load Region LR_IROM1 (Base: 0x08000000, Size: 0x00009f60, Max: 0x00080000, ABSOLUTE, COMPRESSED[0x00009af0])

    Execution Region ER_IROM1 (Exec base: 0x08000000, Load base: 0x08000000, Size: 0x00009a30, Max: 0x00080000, ABSOLUTE)

    Exec Addr    Load Addr    Size         Type   Attr      Idx    E Section Name        Object

    0x08000000   0x08000000   0x00000188   Data   RO            3    RESET               startup_stm32f40_41xxx.o
    0x08000188   0x08000188   0x00000000   Code   RO        11182  * .ARM.Collect$$$$00000000  mc_w.l(entry.o)
    0x08000188   0x08000188   0x00000004   Code   RO        11474    .ARM.Collect$$$$00000001  mc_w.l(entry2.o)
    0x0800018c   0x0800018c   0x00000004   Code   RO        11477    .ARM.Collect$$$$00000004  mc_w.l(entry5.o)
    0x08000190   0x08000190   0x00000000   Code   RO        11479    .ARM.Collect$$$$00000008  mc_w.l(entry7b.o)
    0x08000190   0x08000190   0x00000000   Code   RO        11481    .ARM.Collect$$$$0000000A  mc_w.l(entry8b.o)
    0x08000190   0x08000190   0x00000008   Code   RO        11482    .ARM.Collect$$$$0000000B  mc_w.l(entry9a.o)
    0x08000198   0x08000198   0x00000004   Code   RO        11489    .ARM.Collect$$$$0000000E  mc_w.l(entry12b.o)
    0x0800019c   0x0800019c   0x00000000   Code   RO        11484    .ARM.Collect$$$$0000000F  mc_w.l(entry10a.o)
    0x0800019c   0x0800019c   0x00000000   Code   RO        11486    .ARM.Collect$$$$00000011  mc_w.l(entry11a.o)
    0x0800019c   0x0800019c   0x00000004   Code   RO        11475    .ARM.Collect$$$$00002712  mc_w.l(entry2.o)
    0x080001a0   0x080001a0   0x000000be   Code   RO         8646    .emb_text           port.o
    0x0800025e   0x0800025e   0x00000002   PAD
    0x08000260   0x08000260   0x00000024   Code   RO            4    .text               startup_stm32f40_41xxx.o
    0x08000284   0x08000284   0x00000024   Code   RO        11187    .text               mc_w.l(memcpya.o)
    0x080002a8   0x080002a8   0x00000024   Code   RO        11191    .text               mc_w.l(memseta.o)
    0x080002cc   0x080002cc   0x0000000e   Code   RO        11193    .text               mc_w.l(strlen.o)
    0x080002da   0x080002da   0x0000001c   Code   RO        11195    .text               mc_w.l(strcmp.o)
    0x080002f6   0x080002f6   0x00000012   Code   RO        11197    .text               mc_w.l(strcpy.o)
    0x08000308   0x08000308   0x00000038   Code   RO        11464    .text               mc_w.l(__0sscanf.o)
    0x08000340   0x08000340   0x0000014c   Code   RO        11466    .text               mc_w.l(_scanf_int.o)
    0x0800048c   0x0800048c   0x00000062   Code   RO        11493    .text               mc_w.l(uldiv.o)
    0x080004ee   0x080004ee   0x0000001c   Code   RO        11495    .text               mc_w.l(_chval.o)
    0x0800050a   0x0800050a   0x00000002   PAD
    0x0800050c   0x0800050c   0x00000028   Code   RO        11497    .text               mc_w.l(scanf_char.o)
    0x08000534   0x08000534   0x00000040   Code   RO        11499    .text               mc_w.l(_sgetc.o)
    0x08000574   0x08000574   0x00000024   Code   RO        11516    .text               mc_w.l(init.o)
    0x08000598   0x08000598   0x0000001e   Code   RO        11518    .text               mc_w.l(llshl.o)
    0x080005b6   0x080005b6   0x00000020   Code   RO        11520    .text               mc_w.l(llushr.o)
    0x080005d6   0x080005d6   0x0000000a   Code   RO        11524    .text               mc_w.l(isspace_c.o)
    0x080005e0   0x080005e0   0x00000330   Code   RO        11526    .text               mc_w.l(_scanf.o)
    0x08000910   0x08000910   0x00000028   Code   RO        11532    .text               mc_w.l(ctype_c.o)
    0x08000938   0x08000938   0x00000056   Code   RO        11543    .text               mc_w.l(__dczerorl2.o)
    0x0800098e   0x0800098e   0x00000004   Code   RO         5164    i.BusFault_Handler  stm32f4xx_it.o
    0x08000992   0x08000992   0x00000002   PAD
    0x08000994   0x08000994   0x00000064   Code   RO         6330    i.CmdResp1Error     sdio_sdcard.o
    0x080009f8   0x080009f8   0x0000003c   Code   RO         5972    i.DMA1_Stream3_IRQHandler  spi.o
    0x08000a34   0x08000a34   0x00000034   Code   RO         1232    i.DMA_ClearFlag     stm32f4xx_dma.o
    0x08000a68   0x08000a68   0x00000016   Code   RO         1234    i.DMA_Cmd           stm32f4xx_dma.o
    0x08000a7e   0x08000a7e   0x00000002   PAD
    0x08000a80   0x08000a80   0x00000158   Code   RO         1235    i.DMA_DeInit        stm32f4xx_dma.o
    0x08000bd8   0x08000bd8   0x00000044   Code   RO         1243    i.DMA_GetFlagStatus  stm32f4xx_dma.o
    0x08000c1c   0x08000c1c   0x00000064   Code   RO         1244    i.DMA_GetITStatus   stm32f4xx_dma.o
    0x08000c80   0x08000c80   0x00000058   Code   RO         1246    i.DMA_Init          stm32f4xx_dma.o
    0x08000cd8   0x08000cd8   0x00000004   Code   RO         1249    i.DMA_SetCurrDataCounter  stm32f4xx_dma.o
    0x08000cdc   0x08000cdc   0x00000002   Code   RO         5165    i.DebugMon_Handler  stm32f4xx_it.o
    0x08000cde   0x08000cde   0x00000040   Code   RO         7002    i.GPIO_AF_Set       stm32f4_sys.o
    0x08000d1e   0x08000d1e   0x00000090   Code   RO         2034    i.GPIO_Init         stm32f4xx_gpio.o
    0x08000dae   0x08000dae   0x00000046   Code   RO         2035    i.GPIO_PinAFConfig  stm32f4xx_gpio.o
    0x08000df4   0x08000df4   0x000000de   Code   RO         7003    i.GPIO_Set          stm32f4_sys.o
    0x08000ed2   0x08000ed2   0x00000002   PAD
    0x08000ed4   0x08000ed4   0x00000030   Code   RO        11124    i.GetUARTDevice     uart_device.o
    0x08000f04   0x08000f04   0x00000004   Code   RO         5166    i.HardFault_Handler  stm32f4xx_it.o
    0x08000f08   0x08000f08   0x00000078   Code   RO         7005    i.MY_NVIC_Init      stm32f4_sys.o
    0x08000f80   0x08000f80   0x00000028   Code   RO         7006    i.MY_NVIC_PriorityGroupConfig  stm32f4_sys.o
    0x08000fa8   0x08000fa8   0x00000010   Code   RO         7007    i.MY_NVIC_SetVectorTable  stm32f4_sys.o
    0x08000fb8   0x08000fb8   0x00000004   Code   RO         5167    i.MemManage_Handler  stm32f4xx_it.o
    0x08000fbc   0x08000fbc   0x00000002   Code   RO         5168    i.NMI_Handler       stm32f4xx_it.o
    0x08000fbe   0x08000fbe   0x00000002   PAD
    0x08000fc0   0x08000fc0   0x00000010   Code   RO        10361    i.OTG_FS_IRQHandler  usbh_usr.o
    0x08000fd0   0x08000fd0   0x00000058   Code   RO         7394    i.Queue_get_1       my_queue.o
    0x08001028   0x08001028   0x00000026   Code   RO         7395    i.Queue_ini         my_queue.o
    0x0800104e   0x0800104e   0x00000056   Code   RO         7398    i.Queue_set_1       my_queue.o
    0x080010a4   0x080010a4   0x00000020   Code   RO         2960    i.RCC_AHB1PeriphClockCmd  stm32f4xx_rcc.o
    0x080010c4   0x080010c4   0x00000020   Code   RO         2969    i.RCC_APB1PeriphClockCmd  stm32f4xx_rcc.o
    0x080010e4   0x080010e4   0x00000020   Code   RO         2972    i.RCC_APB2PeriphClockCmd  stm32f4xx_rcc.o
    0x08001104   0x08001104   0x0000000c   Code   RO         3894    i.SDIO_ClearFlag    stm32f4xx_sdio.o
    0x08001110   0x08001110   0x00000018   Code   RO         3906    i.SDIO_GetFlagStatus  stm32f4xx_sdio.o
    0x08001128   0x08001128   0x00000008   Code   RO         6339    i.SDIO_IRQHandler   sdio_sdcard.o
    0x08001130   0x08001130   0x0000002c   Code   RO         3914    i.SDIO_SendCommand  stm32f4xx_sdio.o
    0x0800115c   0x0800115c   0x00000154   Code   RO         6349    i.SD_ProcessIRQSrc  sdio_sdcard.o
    0x080012b0   0x080012b0   0x000000ec   Code   RO           13    i.SetSysClock       system_stm32f4xx.o
    0x0800139c   0x0800139c   0x00000068   Code   RO         7008    i.Stm32_Clock_Init  stm32f4_sys.o
    0x08001404   0x08001404   0x00000034   Code   RO         8647    i.SysTick_Handler   port.o
    0x08001438   0x08001438   0x0000010c   Code   RO         7009    i.Sys_Clock_Set     stm32f4_sys.o
    0x08001544   0x08001544   0x00000068   Code   RO           15    i.SystemInit        system_stm32f4xx.o
    0x080015ac   0x080015ac   0x00000018   Code   RO         6261    i.TIM3_IRQHandler   tim.o
    0x080015c4   0x080015c4   0x00000018   Code   RO         4344    i.TIM_ARRPreloadConfig  stm32f4xx_tim.o
    0x080015dc   0x080015dc   0x00000006   Code   RO         4351    i.TIM_ClearITPendingBit  stm32f4xx_tim.o
    0x080015e2   0x080015e2   0x00000018   Code   RO         4356    i.TIM_Cmd           stm32f4xx_tim.o
    0x080015fa   0x080015fa   0x0000001e   Code   RO         4358    i.TIM_CtrlPWMOutputs  stm32f4xx_tim.o
    0x08001618   0x08001618   0x00000012   Code   RO         4359    i.TIM_DMACmd        stm32f4xx_tim.o
    0x0800162a   0x0800162a   0x00000022   Code   RO         4377    i.TIM_GetITStatus   stm32f4xx_tim.o
    0x0800164c   0x0800164c   0x000000a0   Code   RO         4395    i.TIM_OC3Init       stm32f4xx_tim.o
    0x080016ec   0x080016ec   0x00000012   Code   RO         4398    i.TIM_OC3PreloadConfig  stm32f4xx_tim.o
    0x080016fe   0x080016fe   0x00000002   PAD
    0x08001700   0x08001700   0x00000084   Code   RO         4428    i.TIM_TimeBaseInit  stm32f4xx_tim.o
    0x08001784   0x08001784   0x000000a0   Code   RO        11125    i.UART4_IRQHandler  uart_device.o
    0x08001824   0x08001824   0x00000034   Code   RO         6842    i.UART5_IRQHandler  f4_uart.o
    0x08001858   0x08001858   0x00000080   Code   RO         6843    i.USART1_IRQHandler  f4_uart.o
    0x080018d8   0x080018d8   0x0000006c   Code   RO         6844    i.USART2_IRQHandler  f4_uart.o
    0x08001944   0x08001944   0x000000e0   Code   RO         6845    i.USART3_IRQHandler  f4_uart.o
    0x08001a24   0x08001a24   0x000000ec   Code   RO         6846    i.USART6_IRQHandler  f4_uart.o
    0x08001b10   0x08001b10   0x0000001a   Code   RO         4913    i.USART_GetFlagStatus  stm32f4xx_usart.o
    0x08001b2a   0x08001b2a   0x00000008   Code   RO         4927    i.USART_SendData    stm32f4xx_usart.o
    0x08001b32   0x08001b32   0x0000000c   Code   RO         9778    i.USBH_Connected    usbh_core.o
    0x08001b3e   0x08001b3e   0x00000028   Code   RO         9780    i.USBH_Disconnected  usbh_core.o
    0x08001b66   0x08001b66   0x000000a8   Code   RO         9704    i.USBH_OTG_ISR_Handler  usb_hcd_int.o
    0x08001c0e   0x08001c0e   0x0000000c   Code   RO         9785    i.USBH_PortDisabled  usbh_core.o
    0x08001c1a   0x08001c1a   0x0000000c   Code   RO         9786    i.USBH_PortEnabled  usbh_core.o
    0x08001c26   0x08001c26   0x00000006   Code   RO         9788    i.USBH_SOF          usbh_core.o
    0x08001c2c   0x08001c2c   0x00000002   Code   RO        10305    i.USB_OTG_BSP_DriveVBUS  usb_bsp.o
    0x08001c2e   0x08001c2e   0x00000022   Code   RO         9433    i.USB_OTG_DisableGlobalInt  usb_core.o
    0x08001c50   0x08001c50   0x0000000c   Code   RO         9440    i.USB_OTG_GetMode   usb_core.o
    0x08001c5c   0x08001c5c   0x0000005a   Code   RO         9441    i.USB_OTG_HC_DoPing  usb_core.o
    0x08001cb6   0x08001cb6   0x0000009a   Code   RO         9442    i.USB_OTG_HC_Halt   usb_core.o
    0x08001d50   0x08001d50   0x00000018   Code   RO         9445    i.USB_OTG_InitFSLSPClkSel  usb_core.o
    0x08001d68   0x08001d68   0x00000014   Code   RO         9448    i.USB_OTG_IsHostMode  usb_core.o
    0x08001d7c   0x08001d7c   0x00000010   Code   RO         9449    i.USB_OTG_ReadCoreItr  usb_core.o
    0x08001d8c   0x08001d8c   0x00000008   Code   RO         9451    i.USB_OTG_ReadHostAllChannels_intr  usb_core.o
    0x08001d94   0x08001d94   0x00000028   Code   RO         9453    i.USB_OTG_ReadPacket  usb_core.o
    0x08001dbc   0x08001dbc   0x0000002c   Code   RO         9705    i.USB_OTG_USBH_handle_Disconnect_ISR  usb_hcd_int.o
    0x08001de8   0x08001de8   0x00000046   Code   RO         9706    i.USB_OTG_USBH_handle_IncompletePeriodicXfer_ISR  usb_hcd_int.o
    0x08001e2e   0x08001e2e   0x00000056   Code   RO         9707    i.USB_OTG_USBH_handle_hc_ISR  usb_hcd_int.o
    0x08001e84   0x08001e84   0x0000041e   Code   RO         9708    i.USB_OTG_USBH_handle_hc_n_In_ISR  usb_hcd_int.o
    0x080022a2   0x080022a2   0x000003b8   Code   RO         9709    i.USB_OTG_USBH_handle_hc_n_Out_ISR  usb_hcd_int.o
    0x0800265a   0x0800265a   0x00000136   Code   RO         9710    i.USB_OTG_USBH_handle_nptxfempty_ISR  usb_hcd_int.o
    0x08002790   0x08002790   0x0000013c   Code   RO         9711    i.USB_OTG_USBH_handle_port_ISR  usb_hcd_int.o
    0x080028cc   0x080028cc   0x00000136   Code   RO         9712    i.USB_OTG_USBH_handle_ptxfempty_ISR  usb_hcd_int.o
    0x08002a02   0x08002a02   0x00000164   Code   RO         9713    i.USB_OTG_USBH_handle_rx_qlvl_ISR  usb_hcd_int.o
    0x08002b66   0x08002b66   0x00000002   PAD
    0x08002b68   0x08002b68   0x0000002c   Code   RO         9714    i.USB_OTG_USBH_handle_sof_ISR  usb_hcd_int.o
    0x08002b94   0x08002b94   0x0000003e   Code   RO         9458    i.USB_OTG_WritePacket  usb_core.o
    0x08002bd2   0x08002bd2   0x00000004   Code   RO         5169    i.UsageFault_Handler  stm32f4xx_it.o
    0x08002bd6   0x08002bd6   0x00000002   PAD
    0x08002bd8   0x08002bd8   0x00000020   Code   RO        11410    i.__0printf$8       mc_w.l(printf8.o)
    0x08002bf8   0x08002bf8   0x00000028   Code   RO        11412    i.__0sprintf$8      mc_w.l(printf8.o)
    0x08002c20   0x08002c20   0x0000000e   Code   RO        11537    i.__scatterload_copy  mc_w.l(handlers.o)
    0x08002c2e   0x08002c2e   0x00000002   Code   RO        11538    i.__scatterload_null  mc_w.l(handlers.o)
    0x08002c30   0x08002c30   0x0000000e   Code   RO        11539    i.__scatterload_zeroinit  mc_w.l(handlers.o)
    0x08002c3e   0x08002c3e   0x00000008   Code   RO        10529    i._error_print      modbus.o
    0x08002c46   0x08002c46   0x00000024   Code   RO        10530    i._modbus_init_common  modbus.o
    0x08002c6a   0x08002c6a   0x00000002   PAD
    0x08002c6c   0x08002c6c   0x000001ac   Code   RO        10531    i._modbus_receive_msg  modbus.o
    0x08002e18   0x08002e18   0x0000001c   Code   RO        10978    i._modbus_rtu_build_request_basis  modbus-st-rtu.o
    0x08002e34   0x08002e34   0x0000000e   Code   RO        10979    i._modbus_rtu_build_response_basis  modbus-st-rtu.o
    0x08002e42   0x08002e42   0x00000002   PAD
    0x08002e44   0x08002e44   0x00000064   Code   RO        10980    i._modbus_rtu_check_integrity  modbus-st-rtu.o
    0x08002ea8   0x08002ea8   0x00000002   Code   RO        10981    i._modbus_rtu_close  modbus-st-rtu.o
    0x08002eaa   0x08002eaa   0x00000020   Code   RO        10982    i._modbus_rtu_connect  modbus-st-rtu.o
    0x08002eca   0x08002eca   0x00000010   Code   RO        10983    i._modbus_rtu_flush  modbus-st-rtu.o
    0x08002eda   0x08002eda   0x0000001e   Code   RO        10984    i._modbus_rtu_free  modbus-st-rtu.o
    0x08002ef8   0x08002ef8   0x00000006   Code   RO        10985    i._modbus_rtu_is_connected  modbus-st-rtu.o
    0x08002efe   0x08002efe   0x00000002   PAD
    0x08002f00   0x08002f00   0x00000028   Code   RO        10986    i._modbus_rtu_pre_check_confirmation  modbus-st-rtu.o
    0x08002f28   0x08002f28   0x0000000c   Code   RO        10987    i._modbus_rtu_prepare_response_tid  modbus-st-rtu.o
    0x08002f34   0x08002f34   0x00000038   Code   RO        10988    i._modbus_rtu_receive  modbus-st-rtu.o
    0x08002f6c   0x08002f6c   0x00000034   Code   RO        10989    i._modbus_rtu_recv  modbus-st-rtu.o
    0x08002fa0   0x08002fa0   0x00000008   Code   RO        10990    i._modbus_rtu_select  modbus-st-rtu.o
    0x08002fa8   0x08002fa8   0x00000038   Code   RO        10991    i._modbus_rtu_send  modbus-st-rtu.o
    0x08002fe0   0x08002fe0   0x00000022   Code   RO        10992    i._modbus_rtu_send_msg_pre  modbus-st-rtu.o
    0x08003002   0x08003002   0x00000002   PAD
    0x08003004   0x08003004   0x00000034   Code   RO        10993    i._modbus_set_slave  modbus-st-rtu.o
    0x08003038   0x08003038   0x00000404   Code   RO        11417    i._printf_core      mc_w.l(printf8.o)
    0x0800343c   0x0800343c   0x00000024   Code   RO        11418    i._printf_post_padding  mc_w.l(printf8.o)
    0x08003460   0x08003460   0x0000002e   Code   RO        11419    i._printf_pre_padding  mc_w.l(printf8.o)
    0x0800348e   0x0800348e   0x00000024   Code   RO        10532    i._sleep_response_timeout  modbus.o
    0x080034b2   0x080034b2   0x0000000a   Code   RO        11421    i._sputc            mc_w.l(printf8.o)
    0x080034bc   0x080034bc   0x00000028   Code   RO         6635    i.bsp_InitDWT       dwt_delay.o
    0x080034e4   0x080034e4   0x00000028   Code   RO         5490    i.cfg_get           config.o
    0x0800350c   0x0800350c   0x0000001c   Code   RO         5492    i.cfg_save          config.o
    0x08003528   0x08003528   0x00000018   Code   RO         7298    i.check_xor         com_fun.o
    0x08003540   0x08003540   0x00000020   Code   RO         7218    i.cmd_ini           cmd.o
    0x08003560   0x08003560   0x00000010   Code   RO         7219    i.cmd_reg           cmd.o
    0x08003570   0x08003570   0x00000058   Code   RO        10534    i.compute_data_length_after_meta  modbus.o
    0x080035c8   0x080035c8   0x00000060   Code   RO        10535    i.compute_meta_length_after_function  modbus.o
    0x08003628   0x08003628   0x00000038   Code   RO        10994    i.crc16             modbus-st-rtu.o
    0x08003660   0x08003660   0x0000000c   Code   RO         7220    i.dft_cmd_out       cmd.o
    0x0800366c   0x0800366c   0x0000025c   Code   RO         7142    i.flash_erase       f4_flash.o
    0x080038c8   0x080038c8   0x0000003e   Code   RO         7143    i.flash_eraseAwrite  f4_flash.o
    0x08003906   0x08003906   0x00000002   PAD
    0x08003908   0x08003908   0x00000080   Code   RO         7144    i.flash_write       f4_flash.o
    0x08003988   0x08003988   0x00000014   Code   RO         7013    i.fputc             stm32f4_sys.o
    0x0800399c   0x0800399c   0x00000038   Code   RO         7221    i.fun_echo          cmd.o
    0x080039d4   0x080039d4   0x00000060   Code   RO         7222    i.fun_help          cmd.o
    0x08003a34   0x08003a34   0x0000008c   Code   RO         5768    i.get_month         version.o
    0x08003ac0   0x08003ac0   0x00000016   Code   RO         7401    i.get_que_data      my_queue.o
    0x08003ad6   0x08003ad6   0x00000002   PAD
    0x08003ad8   0x08003ad8   0x0000007c   Code   RO         5625    i.get_sensor_data_task  app.o
    0x08003b54   0x08003b54   0x0000001c   Code   RO         5626    i.get_unique_id     app.o
    0x08003b70   0x08003b70   0x00000058   Code   RO         6794    i.get_weight        hx711.o
    0x08003bc8   0x08003bc8   0x0000024c   Code   RO         6767    i.gpio_init         gpio_init.o
    0x08003e14   0x08003e14   0x00000030   Code   RO         6795    i.hx711_io_init     hx711.o
    0x08003e44   0x08003e44   0x00000054   Code   RO         6796    i.hx711_recv        hx711.o
    0x08003e98   0x08003e98   0x0000008c   Code   RO         5627    i.init_task         app.o
    0x08003f24   0x08003f24   0x00000120   Code   RO         6676    i.led_single_show   ws2812b.o
    0x08004044   0x08004044   0x00000030   Code   RO         5928    i.liquid_injection  pump_motor.o
    0x08004074   0x08004074   0x00000058   Code   RO         5247    i.main              main.o
    0x080040cc   0x080040cc   0x00000014   Code   RO        10537    i.modbus_close      modbus.o
    0x080040e0   0x080040e0   0x00000020   Code   RO        10538    i.modbus_connect    modbus.o
    0x08004100   0x08004100   0x00000024   Code   RO        10541    i.modbus_flush      modbus.o
    0x08004124   0x08004124   0x00000014   Code   RO        10542    i.modbus_free       modbus.o
    0x08004138   0x08004138   0x0000002a   Code   RO        10549    i.modbus_mapping_free  modbus.o
    0x08004162   0x08004162   0x00000106   Code   RO        10551    i.modbus_mapping_new_start_address  modbus.o
    0x08004268   0x08004268   0x000000e0   Code   RO        10995    i.modbus_new_st_rtu  modbus-st-rtu.o
    0x08004348   0x08004348   0x00000230   Code   RO         5628    i.modbus_pro_task   app.o
    0x08004578   0x08004578   0x00000024   Code   RO        10557    i.modbus_receive    modbus.o
    0x0800459c   0x0800459c   0x00000b60   Code   RO        10559    i.modbus_reply      modbus.o
    0x080050fc   0x080050fc   0x00000040   Code   RO        10894    i.modbus_set_bits_from_bytes  modbus-data.o
    0x0800513c   0x0800513c   0x00000024   Code   RO        10568    i.modbus_set_slave  modbus.o
    0x08005160   0x08005160   0x000000c0   Code   RO         8105    i.prvAddCurrentTaskToDelayedList  tasks.o
    0x08005220   0x08005220   0x000000ec   Code   RO         8106    i.prvAddNewTaskToReadyList  tasks.o
    0x0800530c   0x0800530c   0x00000064   Code   RO         8475    i.prvCheckForValidListAndQueue  timers.o
    0x08005370   0x08005370   0x00000048   Code   RO         8107    i.prvCheckTasksWaitingTermination  tasks.o
    0x080053b8   0x080053b8   0x0000002a   Code   RO         7731    i.prvCopyDataFromQueue  queue.o
    0x080053e2   0x080053e2   0x0000007e   Code   RO         7732    i.prvCopyDataToQueue  queue.o
    0x08005460   0x08005460   0x00000012   Code   RO         8108    i.prvDeleteTCB      tasks.o
    0x08005472   0x08005472   0x00000014   Code   RO         7733    i.prvGetDisinheritPriorityAfterTimeout  queue.o
    0x08005486   0x08005486   0x00000002   PAD
    0x08005488   0x08005488   0x00000028   Code   RO         8476    i.prvGetNextExpireTime  timers.o
    0x080054b0   0x080054b0   0x00000070   Code   RO         8723    i.prvHeapInit       heap_4.o
    0x08005520   0x08005520   0x00000028   Code   RO         8109    i.prvIdleTask       tasks.o
    0x08005548   0x08005548   0x0000002a   Code   RO         7735    i.prvInitialiseNewQueue  queue.o
    0x08005572   0x08005572   0x000000cc   Code   RO         8110    i.prvInitialiseNewTask  tasks.o
    0x0800563e   0x0800563e   0x00000058   Code   RO         8477    i.prvInitialiseNewTimer  timers.o
    0x08005696   0x08005696   0x00000002   PAD
    0x08005698   0x08005698   0x00000068   Code   RO         8111    i.prvInitialiseTaskLists  tasks.o
    0x08005700   0x08005700   0x00000068   Code   RO         8724    i.prvInsertBlockIntoFreeList  heap_4.o
    0x08005768   0x08005768   0x00000058   Code   RO         8478    i.prvInsertTimerInActiveList  timers.o
    0x080057c0   0x080057c0   0x0000001a   Code   RO         7736    i.prvIsQueueEmpty   queue.o
    0x080057da   0x080057da   0x0000001e   Code   RO         7737    i.prvIsQueueFull    queue.o
    0x080057f8   0x080057f8   0x00000044   Code   RO         8479    i.prvProcessExpiredTimer  timers.o
    0x0800583c   0x0800583c   0x0000011c   Code   RO         8480    i.prvProcessReceivedCommands  timers.o
    0x08005958   0x08005958   0x00000074   Code   RO         8481    i.prvProcessTimerOrBlockTask  timers.o
    0x080059cc   0x080059cc   0x00000028   Code   RO         8482    i.prvReloadTimer    timers.o
    0x080059f4   0x080059f4   0x00000030   Code   RO         8113    i.prvResetNextTaskUnblockTime  tasks.o
    0x08005a24   0x08005a24   0x0000002c   Code   RO         8483    i.prvSampleTimeNow  timers.o
    0x08005a50   0x08005a50   0x00000044   Code   RO         8484    i.prvSwitchTimerLists  timers.o
    0x08005a94   0x08005a94   0x00000040   Code   RO         8648    i.prvTaskExitError  port.o
    0x08005ad4   0x08005ad4   0x0000001a   Code   RO         8485    i.prvTimerTask      timers.o
    0x08005aee   0x08005aee   0x0000007e   Code   RO         7738    i.prvUnlockQueue    queue.o
    0x08005b6c   0x08005b6c   0x00000034   Code   RO         5929    i.pump_motor_dis    pump_motor.o
    0x08005ba0   0x08005ba0   0x0000003c   Code   RO         5930    i.pump_motor_en     pump_motor.o
    0x08005bdc   0x08005bdc   0x00000020   Code   RO         5931    i.pump_motor_init   pump_motor.o
    0x08005bfc   0x08005bfc   0x0000012c   Code   RO         8726    i.pvPortMalloc      heap_4.o
    0x08005d28   0x08005d28   0x00000020   Code   RO         8116    i.pvTaskIncrementMutexHeldCount  tasks.o
    0x08005d48   0x08005d48   0x0000002c   Code   RO         8649    i.pxPortInitialiseStack  port.o
    0x08005d74   0x08005d74   0x00000002   Code   RO         5629    i.read_rfid_callback  app.o
    0x08005d76   0x08005d76   0x000000ac   Code   RO         7359    i.rec_head          comm_rec.o
    0x08005e22   0x08005e22   0x00000050   Code   RO        10578    i.response_exception  modbus.o
    0x08005e72   0x08005e72   0x00000046   Code   RO        10579    i.response_io_status  modbus.o
    0x08005eb8   0x08005eb8   0x0000003e   Code   RO         5802    i.rfid1_pre_cb      rfid.o
    0x08005ef6   0x08005ef6   0x0000004e   Code   RO         5803    i.rfid1_pro         rfid.o
    0x08005f44   0x08005f44   0x000000f4   Code   RO         5804    i.rfid1_read_data   rfid.o
    0x08006038   0x08006038   0x00000150   Code   RO         5805    i.rfid1_read_process  rfid.o
    0x08006188   0x08006188   0x00000040   Code   RO         5630    i.rfid1_task        app.o
    0x080061c8   0x080061c8   0x0000003e   Code   RO         5807    i.rfid2_pre_cb      rfid.o
    0x08006206   0x08006206   0x0000004e   Code   RO         5808    i.rfid2_pro         rfid.o
    0x08006254   0x08006254   0x00000150   Code   RO         5810    i.rfid2_read_process  rfid.o
    0x080063a4   0x080063a4   0x00000040   Code   RO         5631    i.rfid2_task        app.o
    0x080063e4   0x080063e4   0x00000180   Code   RO         5812    i.rfid_init         rfid.o
    0x08006564   0x08006564   0x00000114   Code   RO         5632    i.run_task          app.o
    0x08006678   0x08006678   0x000000bc   Code   RO        10580    i.send_msg          modbus.o
    0x08006734   0x08006734   0x00000054   Code   RO         5813    i.send_rfid1_cmd    rfid.o
    0x08006788   0x08006788   0x00000054   Code   RO         5814    i.send_rfid2_cmd    rfid.o
    0x080067dc   0x080067dc   0x00000066   Code   RO         6797    i.sliding_mean_filter_calc  hx711.o
    0x08006842   0x08006842   0x00000002   PAD
    0x08006844   0x08006844   0x00000080   Code   RO         5633    i.software_timer_task  app.o
    0x080068c4   0x080068c4   0x0000014c   Code   RO         5634    i.start_task        app.o
    0x08006a10   0x08006a10   0x00000024   Code   RO        11126    i.stm32_uart_flush  uart_device.o
    0x08006a34   0x08006a34   0x00000032   Code   RO        11127    i.stm32_uart_init   uart_device.o
    0x08006a66   0x08006a66   0x00000026   Code   RO        11128    i.stm32_uart_recv   uart_device.o
    0x08006a8c   0x08006a8c   0x00000036   Code   RO        11129    i.stm32_uart_send   uart_device.o
    0x08006ac2   0x08006ac2   0x00000002   PAD
    0x08006ac4   0x08006ac4   0x000000a4   Code   RO         6262    i.timer1_pwm_config  tim.o
    0x08006b68   0x08006b68   0x0000001c   Code   RO         6847    i.uart1_putchar     f4_uart.o
    0x08006b84   0x08006b84   0x0000003c   Code   RO         5815    i.uart3_tx          rfid.o
    0x08006bc0   0x08006bc0   0x0000003c   Code   RO         5816    i.uart6_tx          rfid.o
    0x08006bfc   0x08006bfc   0x00000328   Code   RO         6849    i.uart_initial      f4_uart.o
    0x08006f24   0x08006f24   0x00000060   Code   RO         6850    i.uart_irq          f4_uart.o
    0x08006f84   0x08006f84   0x00000036   Code   RO         6851    i.uart_send         f4_uart.o
    0x08006fba   0x08006fba   0x00000002   PAD
    0x08006fbc   0x08006fbc   0x000000a8   Code   RO         8117    i.ulTaskGenericNotifyTake  tasks.o
    0x08007064   0x08007064   0x00000028   Code   RO         7691    i.uxListRemove      list.o
    0x0800708c   0x0800708c   0x0000000c   Code   RO         8119    i.uxTaskGetNumberOfTasks  tasks.o
    0x08007098   0x08007098   0x0000001a   Code   RO         7692    i.vListInitialise   list.o
    0x080070b2   0x080070b2   0x00000006   Code   RO         7693    i.vListInitialiseItem  list.o
    0x080070b8   0x080070b8   0x00000034   Code   RO         7694    i.vListInsert       list.o
    0x080070ec   0x080070ec   0x00000018   Code   RO         7695    i.vListInsertEnd    list.o
    0x08007104   0x08007104   0x00000054   Code   RO         8651    i.vPortEnterCritical  port.o
    0x08007158   0x08007158   0x0000003c   Code   RO         8652    i.vPortExitCritical  port.o
    0x08007194   0x08007194   0x0000008c   Code   RO         8727    i.vPortFree         heap_4.o
    0x08007220   0x08007220   0x00000028   Code   RO         8653    i.vPortSetupTimerInterrupt  port.o
    0x08007248   0x08007248   0x00000078   Code   RO         8654    i.vPortValidateInterruptPriority  port.o
    0x080072c0   0x080072c0   0x00000060   Code   RO         7744    i.vQueueAddToRegistry  queue.o
    0x08007320   0x08007320   0x0000004a   Code   RO         7748    i.vQueueWaitForMessageRestricted  queue.o
    0x0800736a   0x0800736a   0x00000002   PAD
    0x0800736c   0x0800736c   0x0000005c   Code   RO         8126    i.vTaskDelay        tasks.o
    0x080073c8   0x080073c8   0x000000fc   Code   RO         8127    i.vTaskDelete       tasks.o
    0x080074c4   0x080074c4   0x0000018c   Code   RO         8129    i.vTaskGenericNotifyGiveFromISR  tasks.o
    0x08007650   0x08007650   0x00000018   Code   RO         8131    i.vTaskInternalSetTimeOutState  tasks.o
    0x08007668   0x08007668   0x0000000c   Code   RO         8132    i.vTaskMissedYield  tasks.o
    0x08007674   0x08007674   0x00000038   Code   RO         8133    i.vTaskPlaceOnEventList  tasks.o
    0x080076ac   0x080076ac   0x00000064   Code   RO         8134    i.vTaskPlaceOnEventListRestricted  tasks.o
    0x08007710   0x08007710   0x00000118   Code   RO         8136    i.vTaskPriorityDisinheritAfterTimeout  tasks.o
    0x08007828   0x08007828   0x0000009c   Code   RO         8142    i.vTaskStartScheduler  tasks.o
    0x080078c4   0x080078c4   0x00000010   Code   RO         8144    i.vTaskSuspendAll   tasks.o
    0x080078d4   0x080078d4   0x0000008c   Code   RO         8145    i.vTaskSwitchContext  tasks.o
    0x08007960   0x08007960   0x000000b0   Code   RO         5769    i.version_release   version.o
    0x08007a10   0x08007a10   0x00000002   Code   RO         7224    i.void_cmd_out      cmd.o
    0x08007a12   0x08007a12   0x00000006   Code   RO         7016    i.void_putchar      stm32f4_sys.o
    0x08007a18   0x08007a18   0x00000128   Code   RO         6682    i.ws2812_init       ws2812b.o
    0x08007b40   0x08007b40   0x00000168   Code   RO         8655    i.xPortStartScheduler  port.o
    0x08007ca8   0x08007ca8   0x00000066   Code   RO         7751    i.xQueueGenericCreate  queue.o
    0x08007d0e   0x08007d0e   0x00000002   PAD
    0x08007d10   0x08007d10   0x000000dc   Code   RO         7752    i.xQueueGenericReset  queue.o
    0x08007dec   0x08007dec   0x000001a8   Code   RO         7753    i.xQueueGenericSend  queue.o
    0x08007f94   0x08007f94   0x00000128   Code   RO         7754    i.xQueueGenericSendFromISR  queue.o
    0x080080bc   0x080080bc   0x00000110   Code   RO         7755    i.xQueueGiveFromISR  queue.o
    0x080081cc   0x080081cc   0x00000168   Code   RO         7761    i.xQueueReceive     queue.o
    0x08008334   0x08008334   0x00000194   Code   RO         7763    i.xQueueSemaphoreTake  queue.o
    0x080084c8   0x080084c8   0x00000090   Code   RO         8147    i.xTaskCheckForTimeOut  tasks.o
    0x08008558   0x08008558   0x00000068   Code   RO         8148    i.xTaskCreate       tasks.o
    0x080085c0   0x080085c0   0x00000020   Code   RO         8155    i.xTaskGetSchedulerState  tasks.o
    0x080085e0   0x080085e0   0x0000000c   Code   RO         8156    i.xTaskGetTickCount  tasks.o
    0x080085ec   0x080085ec   0x000001bc   Code   RO         8158    i.xTaskIncrementTick  tasks.o
    0x080087a8   0x080087a8   0x000000f0   Code   RO         8159    i.xTaskPriorityDisinherit  tasks.o
    0x08008898   0x08008898   0x000000ec   Code   RO         8160    i.xTaskPriorityInherit  tasks.o
    0x08008984   0x08008984   0x00000120   Code   RO         8161    i.xTaskRemoveFromEventList  tasks.o
    0x08008aa4   0x08008aa4   0x00000178   Code   RO         8162    i.xTaskResumeAll    tasks.o
    0x08008c1c   0x08008c1c   0x00000036   Code   RO         8492    i.xTimerCreate      timers.o
    0x08008c52   0x08008c52   0x00000002   PAD
    0x08008c54   0x08008c54   0x00000058   Code   RO         8493    i.xTimerCreateTimerTask  timers.o
    0x08008cac   0x08008cac   0x00000084   Code   RO         8494    i.xTimerGenericCommand  timers.o
    0x08008d30   0x08008d30   0x00000018   Data   RO         7226    .constdata          cmd.o
    0x08008d48   0x08008d48   0x00000ba0   Data   RO        10996    .constdata          modbus-st-rtu.o
    0x080098e8   0x080098e8   0x00000040   Data   RO        11533    .constdata          mc_w.l(ctype_c.o)
    0x08009928   0x08009928   0x0000003d   Data   RO         7227    .conststring        cmd.o
    0x08009965   0x08009965   0x00000003   PAD
    0x08009968   0x08009968   0x0000009d   Data   RO        10584    .conststring        modbus.o
    0x08009a05   0x08009a05   0x00000003   PAD
    0x08009a08   0x08009a08   0x00000006   Data   RO        11131    .conststring        uart_device.o
    0x08009a0e   0x08009a0e   0x00000002   PAD
    0x08009a10   0x08009a10   0x00000020   Data   RO        11535    Region$$Table       anon$$obj.o


    Execution Region RW_IRAM1 (Exec base: 0x20000000, Load base: 0x08009a30, Size: 0x0000ce18, Max: 0x00020000, ABSOLUTE, COMPRESSED[0x000000c0])

    Exec Addr    Load Addr    Size         Type   Attr      Idx    E Section Name        Object

    0x20000000   COMPRESSED   0x00000014   Data   RW           16    .data               system_stm32f4xx.o
    0x20000014   COMPRESSED   0x00000024   Data   RW         5495    .data               config.o
    0x20000038   COMPRESSED   0x00000031   Data   RW         5637    .data               app.o
    0x20000069   COMPRESSED   0x00000003   PAD
    0x2000006c   COMPRESSED   0x0000004c   Data   RW         5819    .data               rfid.o
    0x200000b8   COMPRESSED   0x00000010   Data   RW         6361    .data               sdio_sdcard.o
    0x200000c8   COMPRESSED   0x00000038   Data   RW         6685    .data               ws2812b.o
    0x20000100   COMPRESSED   0x00000330   Data   RW         6854    .data               f4_uart.o
    0x20000430   COMPRESSED   0x00000010   Data   RW         7020    .data               stm32f4_sys.o
    0x20000440   COMPRESSED   0x0000001c   Data   RW         7228    .data               cmd.o
    0x2000045c   COMPRESSED   0x00000040   Data   RW         8165    .data               tasks.o
    0x2000049c   COMPRESSED   0x00000014   Data   RW         8501    .data               timers.o
    0x200004b0   COMPRESSED   0x0000000c   Data   RW         8656    .data               port.o
    0x200004bc   COMPRESSED   0x0000001c   Data   RW         8733    .data               heap_4.o
    0x200004d8   COMPRESSED   0x0000001e   Data   RW         9792    .data               usbh_core.o
    0x200004f6   COMPRESSED   0x00000002   PAD
    0x200004f8   COMPRESSED   0x00000004   Data   RW        10523    .data               errno.o
    0x200004fc   COMPRESSED   0x00000030   Data   RW        11132    .data               uart_device.o
    0x2000052c   COMPRESSED   0x00000004   Data   RW        11490    .data               mc_w.l(stdout.o)
    0x20000530        -       0x0000003d   Zero   RW         5493    .bss                config.o
    0x2000056d   COMPRESSED   0x00000003   PAD
    0x20000570        -       0x00000821   Zero   RW         5635    .bss                app.o
    0x20000d91        -       0x000001e2   Zero   RW         5817    .bss                rfid.o
    0x20000f73   COMPRESSED   0x00000005   PAD
    0x20000f78        -       0x000002c0   Zero   RW         6360    .bss                sdio_sdcard.o
    0x20001238        -       0x00000850   Zero   RW         6683    .bss                ws2812b.o
    0x20001a88        -       0x00000034   Zero   RW         6798    .bss                hx711.o
    0x20001abc        -       0x00001964   Zero   RW         6852    .bss                f4_uart.o
    0x20003420        -       0x00000040   Zero   RW         7765    .bss                queue.o
    0x20003460        -       0x00000190   Zero   RW         8164    .bss                tasks.o
    0x200035f0        -       0x00000028   Zero   RW         8500    .bss                timers.o
    0x20003618        -       0x00007800   Zero   RW         8732    .bss                heap_4.o
    0x2000ae18        -       0x00002000   Zero   RW            1    STACK               startup_stm32f40_41xxx.o


==============================================================================

Image component sizes


      Code (inc. data)   RO Data    RW Data    ZI Data      Debug   Object Name

         0          0          0          0          0       1492   aos_crc64.o
      1718        300          0         49       2081      15649   app.o
       214         50         85         28          0       4160   cmd.o
        24          0          0          0          0        960   com_fun.o
       172          0          0          0          0       1599   comm_rec.o
        68         16          0         36         61      14609   config.o
        40         10          0          0          0        438   dwt_delay.o
         0          0          0          4          0        192   errno.o
         0          0          0          0          0      13268   event_groups.o
       794         70          0          0          0       3172   f4_flash.o
      1734        146          0        816       6500      15577   f4_uart.o
         0          0          0          0          0        584   ff.o
       588         36          0          0          0        572   gpio_init.o
       656         58          0         28      30720       5135   heap_4.o
       322         28          0          0         52       3130   hx711.o
       148          0          0          0          0       3262   list.o
        88         30          0          0          0      56582   main.o
        64          0          0          0          0       1205   modbus-data.o
       818         46       2976          0          0      20549   modbus-st-rtu.o
      4426        694        157          0          0      22848   modbus.o
       234          0          0          0          0       3175   my_queue.o
      1014         92          0         12          0      11745   port.o
       192         50          0          0          0       1870   pump_motor.o
      2660         26          0          0         64      20400   queue.o
      1868        136          0         76        482       9709   rfid.o
       448         28          0         16        704      11270   sdio_sdcard.o
        60         12          0          0          0       6058   spi.o
        36          8        392          0       8192        840   startup_stm32f40_41xxx.o
       860         48          0         16          0       6466   stm32f4_sys.o
       678         72          0          0          0       5593   stm32f4xx_dma.o
       214          0          0          0          0       1687   stm32f4xx_gpio.o
        20          0          0          0          0       2609   stm32f4xx_it.o
        96         18          0          0          0       1695   stm32f4xx_rcc.o
        80         14          0          0          0       3393   stm32f4xx_sdio.o
       446         38          0          0          0       5897   stm32f4xx_tim.o
        34          0          0          0          0       1779   stm32f4xx_usart.o
       340         32          0         20          0     312213   system_stm32f4xx.o
      4526        468          0         64        400      34254   tasks.o
       188         12          0          0          0       1198   tim.o
      1236        116          0         20         40      28418   timers.o
       386         14          6         48          0       9253   uart_device.o
         2          0          0          0          0        828   usb_bsp.o
       460          0          0          0          0       6938   usb_core.o
      3710         16          0          0          0      10395   usb_hcd_int.o
        82          0          0         30          0       6393   usbh_core.o
        16          6          0          0          0        468   usbh_usr.o
       316         60          0          0          0       1438   version.o
       584         32          0         56       2128       4564   ws2812b.o

    ----------------------------------------------------------------------
     32704       2782       3656       1324      51432     695529   Object Totals
         0          0         32          0          0          0   (incl. Generated)
        44          0          8          5          8          0   (incl. Padding)

    ----------------------------------------------------------------------

      Code (inc. data)   RO Data    RW Data    ZI Data      Debug   Library Member Name

        56          8          0          0          0         84   __0sscanf.o
        86          0          0          0          0          0   __dczerorl2.o
        28          0          0          0          0         68   _chval.o
       816          6          0          0          0        112   _scanf.o
       332          0          0          0          0         96   _scanf_int.o
        64          0          0          0          0         84   _sgetc.o
        40          6         64          0          0         68   ctype_c.o
         0          0          0          0          0          0   entry.o
         0          0          0          0          0          0   entry10a.o
         0          0          0          0          0          0   entry11a.o
         4          0          0          0          0          0   entry12b.o
         8          4          0          0          0          0   entry2.o
         4          0          0          0          0          0   entry5.o
         0          0          0          0          0          0   entry7b.o
         0          0          0          0          0          0   entry8b.o
         8          4          0          0          0          0   entry9a.o
        30          0          0          0          0          0   handlers.o
        36          8          0          0          0         68   init.o
        10          0          0          0          0         68   isspace_c.o
        30          0          0          0          0         68   llshl.o
        32          0          0          0          0         68   llushr.o
        36          0          0          0          0         68   memcpya.o
        36          0          0          0          0        108   memseta.o
      1192         60          0          0          0        504   printf8.o
        40          8          0          0          0         84   scanf_char.o
         0          0          0          4          0          0   stdout.o
        28          0          0          0          0         76   strcmp.o
        18          0          0          0          0         68   strcpy.o
        14          0          0          0          0         68   strlen.o
        98          0          0          0          0         92   uldiv.o

    ----------------------------------------------------------------------
      3048        104         64          4          0       1852   Library Totals
         2          0          0          0          0          0   (incl. Padding)

    ----------------------------------------------------------------------

      Code (inc. data)   RO Data    RW Data    ZI Data      Debug   Library Name

      3046        104         64          4          0       1852   mc_w.l

    ----------------------------------------------------------------------
      3048        104         64          4          0       1852   Library Totals

    ----------------------------------------------------------------------

==============================================================================


      Code (inc. data)   RO Data    RW Data    ZI Data      Debug   

     35752       2886       3720       1328      51432     671277   Grand Totals
     35752       2886       3720        192      51432     671277   ELF Image Totals (compressed)
     35752       2886       3720        192          0          0   ROM Totals

==============================================================================

    Total RO  Size (Code + RO Data)                39472 (  38.55kB)
    Total RW  Size (RW Data + ZI Data)             52760 (  51.52kB)
    Total ROM Size (Code + RO Data + RW Data)      39664 (  38.73kB)

==============================================================================

