Component: ARM Compiler 5.06 update 7 (build 960) Tool: armlink [4d3601]

==============================================================================

Section Cross References

    startup_stm32f40_41xxx.o(RESET) refers to startup_stm32f40_41xxx.o(STACK) for __initial_sp
    startup_stm32f40_41xxx.o(RESET) refers to startup_stm32f40_41xxx.o(.text) for Reset_Handler
    startup_stm32f40_41xxx.o(RESET) refers to stm32f4xx_it.o(i.NMI_Handler) for NMI_Handler
    startup_stm32f40_41xxx.o(RESET) refers to stm32f4xx_it.o(i.HardFault_Handler) for HardFault_Handler
    startup_stm32f40_41xxx.o(RESET) refers to stm32f4xx_it.o(i.MemManage_Handler) for MemManage_Handler
    startup_stm32f40_41xxx.o(RESET) refers to stm32f4xx_it.o(i.BusFault_Handler) for BusFault_Handler
    startup_stm32f40_41xxx.o(RESET) refers to stm32f4xx_it.o(i.UsageFault_Handler) for UsageFault_Handler
    startup_stm32f40_41xxx.o(RESET) refers to port.o(.emb_text) for SVC_Handler
    startup_stm32f40_41xxx.o(RESET) refers to stm32f4xx_it.o(i.DebugMon_Handler) for DebugMon_Handler
    startup_stm32f40_41xxx.o(RESET) refers to port.o(i.SysTick_Handler) for SysTick_Handler
    startup_stm32f40_41xxx.o(RESET) refers to spi.o(i.DMA1_Stream3_IRQHandler) for DMA1_Stream3_IRQHandler
    startup_stm32f40_41xxx.o(RESET) refers to dap_motor.o(i.TIM1_BRK_TIM9_IRQHandler) for TIM1_BRK_TIM9_IRQHandler
    startup_stm32f40_41xxx.o(RESET) refers to tim.o(i.TIM3_IRQHandler) for TIM3_IRQHandler
    startup_stm32f40_41xxx.o(RESET) refers to dap_motor.o(i.TIM4_IRQHandler) for TIM4_IRQHandler
    startup_stm32f40_41xxx.o(RESET) refers to f4_uart.o(i.USART1_IRQHandler) for USART1_IRQHandler
    startup_stm32f40_41xxx.o(RESET) refers to f4_uart.o(i.USART2_IRQHandler) for USART2_IRQHandler
    startup_stm32f40_41xxx.o(RESET) refers to f4_uart.o(i.USART3_IRQHandler) for USART3_IRQHandler
    startup_stm32f40_41xxx.o(RESET) refers to sdio_sdcard.o(i.SDIO_IRQHandler) for SDIO_IRQHandler
    startup_stm32f40_41xxx.o(RESET) refers to f4_uart.o(i.UART4_IRQHandler) for UART4_IRQHandler
    startup_stm32f40_41xxx.o(RESET) refers to f4_uart.o(i.UART5_IRQHandler) for UART5_IRQHandler
    startup_stm32f40_41xxx.o(RESET) refers to usbh_usr.o(i.OTG_FS_IRQHandler) for OTG_FS_IRQHandler
    startup_stm32f40_41xxx.o(RESET) refers to f4_uart.o(i.USART6_IRQHandler) for USART6_IRQHandler
    startup_stm32f40_41xxx.o(.text) refers to system_stm32f4xx.o(i.SystemInit) for SystemInit
    startup_stm32f40_41xxx.o(.text) refers to entry.o(.ARM.Collect$$$$00000000) for __main
    system_stm32f4xx.o(i.SystemCoreClockUpdate) refers to system_stm32f4xx.o(.data) for SystemCoreClock
    system_stm32f4xx.o(i.SystemInit) refers to system_stm32f4xx.o(i.SetSysClock) for SetSysClock
    stm32f4xx_adc.o(i.ADC_DeInit) refers to stm32f4xx_rcc.o(i.RCC_APB2PeriphResetCmd) for RCC_APB2PeriphResetCmd
    stm32f4xx_can.o(i.CAN_DeInit) refers to stm32f4xx_rcc.o(i.RCC_APB1PeriphResetCmd) for RCC_APB1PeriphResetCmd
    stm32f4xx_can.o(i.CAN_GetITStatus) refers to stm32f4xx_can.o(i.CheckITStatus) for CheckITStatus
    stm32f4xx_cryp.o(i.CRYP_DeInit) refers to stm32f4xx_rcc.o(i.RCC_AHB2PeriphResetCmd) for RCC_AHB2PeriphResetCmd
    stm32f4xx_cryp_aes.o(i.CRYP_AES_CBC) refers to stm32f4xx_cryp.o(i.CRYP_KeyStructInit) for CRYP_KeyStructInit
    stm32f4xx_cryp_aes.o(i.CRYP_AES_CBC) refers to stm32f4xx_cryp.o(i.CRYP_FIFOFlush) for CRYP_FIFOFlush
    stm32f4xx_cryp_aes.o(i.CRYP_AES_CBC) refers to stm32f4xx_cryp.o(i.CRYP_Init) for CRYP_Init
    stm32f4xx_cryp_aes.o(i.CRYP_AES_CBC) refers to stm32f4xx_cryp.o(i.CRYP_KeyInit) for CRYP_KeyInit
    stm32f4xx_cryp_aes.o(i.CRYP_AES_CBC) refers to stm32f4xx_cryp.o(i.CRYP_Cmd) for CRYP_Cmd
    stm32f4xx_cryp_aes.o(i.CRYP_AES_CBC) refers to stm32f4xx_cryp.o(i.CRYP_GetFlagStatus) for CRYP_GetFlagStatus
    stm32f4xx_cryp_aes.o(i.CRYP_AES_CBC) refers to stm32f4xx_cryp.o(i.CRYP_IVInit) for CRYP_IVInit
    stm32f4xx_cryp_aes.o(i.CRYP_AES_CBC) refers to stm32f4xx_cryp.o(i.CRYP_GetCmdStatus) for CRYP_GetCmdStatus
    stm32f4xx_cryp_aes.o(i.CRYP_AES_CBC) refers to stm32f4xx_cryp.o(i.CRYP_DataIn) for CRYP_DataIn
    stm32f4xx_cryp_aes.o(i.CRYP_AES_CBC) refers to stm32f4xx_cryp.o(i.CRYP_DataOut) for CRYP_DataOut
    stm32f4xx_cryp_aes.o(i.CRYP_AES_CCM) refers to stm32f4xx_cryp.o(i.CRYP_KeyStructInit) for CRYP_KeyStructInit
    stm32f4xx_cryp_aes.o(i.CRYP_AES_CCM) refers to stm32f4xx_cryp.o(i.CRYP_FIFOFlush) for CRYP_FIFOFlush
    stm32f4xx_cryp_aes.o(i.CRYP_AES_CCM) refers to stm32f4xx_cryp.o(i.CRYP_KeyInit) for CRYP_KeyInit
    stm32f4xx_cryp_aes.o(i.CRYP_AES_CCM) refers to stm32f4xx_cryp.o(i.CRYP_IVInit) for CRYP_IVInit
    stm32f4xx_cryp_aes.o(i.CRYP_AES_CCM) refers to stm32f4xx_cryp.o(i.CRYP_Init) for CRYP_Init
    stm32f4xx_cryp_aes.o(i.CRYP_AES_CCM) refers to stm32f4xx_cryp.o(i.CRYP_PhaseConfig) for CRYP_PhaseConfig
    stm32f4xx_cryp_aes.o(i.CRYP_AES_CCM) refers to stm32f4xx_cryp.o(i.CRYP_DataIn) for CRYP_DataIn
[...]
    xFreeBytesRemaining                      0x2000057c   Data           4  heap_4.o(.data)
    xMinimumEverFreeBytesRemaining           0x20000580   Data           4  heap_4.o(.data)
    xNumberOfSuccessfulAllocations           0x20000584   Data           4  heap_4.o(.data)
    xNumberOfSuccessfulFrees                 0x20000588   Data           4  heap_4.o(.data)
    .data                                    0x2000058c   Section       30  usbh_core.o(.data)
    timeout                                  0x200005a8   Data           2  usbh_core.o(.data)
    .data                                    0x200005ac   Section        4  stdout.o(.data)
    .data                                    0x200005b0   Section        4  errno.o(.data)
    _errno                                   0x200005b0   Data           4  errno.o(.data)
    .bss                                     0x200005b4   Section       12  config.o(.bss)
    .bss                                     0x200005c0   Section     1624  app.o(.bss)
    .bss                                     0x20000c18   Section      123  ui_process.o(.bss)
    hmi_pack_buf                             0x20000c18   Data         100  ui_process.o(.bss)
    .bss                                     0x20000c93   Section      150  dap_app.o(.bss)
    dap_pack_buf                             0x20000c93   Data         100  dap_app.o(.bss)
    .bss                                     0x20000d30   Section      704  sdio_sdcard.o(.bss)
    CSD_Tab                                  0x20000d74   Data          16  sdio_sdcard.o(.bss)
    CID_Tab                                  0x20000d84   Data          16  sdio_sdcard.o(.bss)
    .bss                                     0x20000ff0   Section     2000  wifi_driver.o(.bss)
    .bss                                     0x200017c0   Section     2050  ethernet_driver.o(.bss)
    weekday                                  0x20001fae   Data          10  ethernet_driver.o(.bss)
    month                                    0x20001fb8   Data          10  ethernet_driver.o(.bss)
    .bss                                     0x20001fc4   Section    40040  dap_motor.o(.bss)
    .bss                                     0x2000bc2c   Section    14000  f4_uart.o(.bss)
    uart1_tx_buf                             0x2000bc2c   Data        1000  f4_uart.o(.bss)
    uart1_rx_buf                             0x2000c014   Data         500  f4_uart.o(.bss)
    uart2_tx_buf                             0x2000c208   Data        2000  f4_uart.o(.bss)
    uart2_rx_buf                             0x2000c9d8   Data        2000  f4_uart.o(.bss)
    uart3_tx_buf                             0x2000d1a8   Data        2000  f4_uart.o(.bss)
    uart3_rx_buf                             0x2000d978   Data        2000  f4_uart.o(.bss)
    uart4_tx_buf                             0x2000e148   Data         500  f4_uart.o(.bss)
    uart4_rx_buf                             0x2000e33c   Data         500  f4_uart.o(.bss)
    uart5_tx_buf                             0x2000e530   Data         500  f4_uart.o(.bss)
    uart5_rx_buf                             0x2000e724   Data         500  f4_uart.o(.bss)
    uart6_tx_buf                             0x2000e918   Data        2000  f4_uart.o(.bss)
    uart6_rx_buf                             0x2000f0e8   Data         500  f4_uart.o(.bss)
    .bss                                     0x2000f2dc   Section       64  queue.o(.bss)
    .bss                                     0x2000f31c   Section      400  tasks.o(.bss)
    pxReadyTasksLists                        0x2000f31c   Data         300  tasks.o(.bss)
    xDelayedTaskList1                        0x2000f448   Data          20  tasks.o(.bss)
    xDelayedTaskList2                        0x2000f45c   Data          20  tasks.o(.bss)
    xPendingReadyList                        0x2000f470   Data          20  tasks.o(.bss)
    xTasksWaitingTermination                 0x2000f484   Data          20  tasks.o(.bss)
    xSuspendedTaskList                       0x2000f498   Data          20  tasks.o(.bss)
    .bss                                     0x2000f4ac   Section       40  timers.o(.bss)
    xActiveTimerList1                        0x2000f4ac   Data          20  timers.o(.bss)
    xActiveTimerList2                        0x2000f4c0   Data          20  timers.o(.bss)
    .bss                                     0x2000f4d4   Section    30720  heap_4.o(.bss)
    ucHeap                                   0x2000f4d4   Data       30720  heap_4.o(.bss)
    STACK                                    0x20016cd8   Section     8192  startup_stm32f40_41xxx.o(STACK)

    Global Symbols

    Symbol Name                              Value     Ov Type        Size  Object(Section)

    BuildAttributes$$THM_ISAv4$E$P$D$K$B$S$7EM$VFPi3$EXTD16$VFPS$VFMA$PE$A:L22UL41UL21$X:L11$S22US41US21$IEEE1$IW$USESV6$~STKCKD$USESV7$~SHL$OTIME$ROPI$IEEEX$EBA8$MICROLIB$REQ8$PRES8$EABIv2 0x00000000   Number         0  anon$$obj.o ABSOLUTE
    __ARM_use_no_argv                        0x00000000   Number         0  main.o ABSOLUTE
    _printf_a                                0x00000000   Number         0  stubs.o ABSOLUTE
    _printf_c                                0x00000000   Number         0  stubs.o ABSOLUTE
    _printf_charcount                        0x00000000   Number         0  stubs.o ABSOLUTE
    _printf_d                                0x00000000   Number         0  stubs.o ABSOLUTE
    _printf_e                                0x00000000   Number         0  stubs.o ABSOLUTE
    _printf_f                                0x00000000   Number         0  stubs.o ABSOLUTE
    _printf_flags                            0x00000000   Number         0  stubs.o ABSOLUTE
    _printf_fp_dec                           0x00000000   Number         0  stubs.o ABSOLUTE
    _printf_fp_hex                           0x00000000   Number         0  stubs.o ABSOLUTE
    _printf_g                                0x00000000   Number         0  stubs.o ABSOLUTE
    _printf_i                                0x00000000   Number         0  stubs.o ABSOLUTE
    _printf_int_dec                          0x00000000   Number         0  stubs.o ABSOLUTE
    _printf_l                                0x00000000   Number         0  stubs.o ABSOLUTE
    _printf_lc                               0x00000000   Number         0  stubs.o ABSOLUTE
    _printf_ll                               0x00000000   Number         0  stubs.o ABSOLUTE
    _printf_lld                              0x00000000   Number         0  stubs.o ABSOLUTE
    _printf_lli                              0x00000000   Number         0  stubs.o ABSOLUTE
    _printf_llo                              0x00000000   Number         0  stubs.o ABSOLUTE
    _printf_llu                              0x00000000   Number         0  stubs.o ABSOLUTE
    _printf_llx                              0x00000000   Number         0  stubs.o ABSOLUTE
    _printf_longlong_dec                     0x00000000   Number         0  stubs.o ABSOLUTE
    _printf_longlong_hex                     0x00000000   Number         0  stubs.o ABSOLUTE
    _printf_longlong_oct                     0x00000000   Number         0  stubs.o ABSOLUTE
    _printf_ls                               0x00000000   Number         0  stubs.o ABSOLUTE
    _printf_mbtowc                           0x00000000   Number         0  stubs.o ABSOLUTE
    _printf_n                                0x00000000   Number         0  stubs.o ABSOLUTE
    _printf_o                                0x00000000   Number         0  stubs.o ABSOLUTE
    _printf_p                                0x00000000   Number         0  stubs.o ABSOLUTE
    _printf_percent                          0x00000000   Number         0  stubs.o ABSOLUTE
    _printf_pre_padding                      0x00000000   Number         0  stubs.o ABSOLUTE
    _printf_return_value                     0x00000000   Number         0  stubs.o ABSOLUTE
    _printf_s                                0x00000000   Number         0  stubs.o ABSOLUTE
    _printf_sizespec                         0x00000000   Number         0  stubs.o ABSOLUTE
    _printf_str                              0x00000000   Number         0  stubs.o ABSOLUTE
    _printf_truncate_signed                  0x00000000   Number         0  stubs.o ABSOLUTE
    _printf_truncate_unsigned                0x00000000   Number         0  stubs.o ABSOLUTE
    _printf_u                                0x00000000   Number         0  stubs.o ABSOLUTE
    _printf_wc                               0x00000000   Number         0  stubs.o ABSOLUTE
    _printf_wctomb                           0x00000000   Number         0  stubs.o ABSOLUTE
    _printf_widthprec                        0x00000000   Number         0  stubs.o ABSOLUTE
    _printf_x                                0x00000000   Number         0  stubs.o ABSOLUTE
    __arm_fini_                               - Undefined Weak Reference
    __cpp_initialize__aeabi_                  - Undefined Weak Reference
    __cxa_finalize                            - Undefined Weak Reference
    _clock_init                               - Undefined Weak Reference
    _microlib_exit                            - Undefined Weak Reference
    _scanf_longlong                           - Undefined Weak Reference
    _scanf_real                               - Undefined Weak Reference
    __Vectors_Size                           0x00000188   Number         0  startup_stm32f40_41xxx.o ABSOLUTE
    __Vectors                                0x08000000   Data           4  startup_stm32f40_41xxx.o(RESET)
    __Vectors_End                            0x08000188   Data           0  startup_stm32f40_41xxx.o(RESET)
    __main                                   0x08000189   Thumb Code     0  entry.o(.ARM.Collect$$$$00000000)
    _main_stk                                0x08000189   Thumb Code     0  entry2.o(.ARM.Collect$$$$00000001)
    _main_scatterload                        0x0800018d   Thumb Code     0  entry5.o(.ARM.Collect$$$$00000004)
    __main_after_scatterload                 0x08000191   Thumb Code     0  entry5.o(.ARM.Collect$$$$00000004)
    _main_clock                              0x08000191   Thumb Code     0  entry7b.o(.ARM.Collect$$$$00000008)
    _main_cpp_init                           0x08000191   Thumb Code     0  entry8b.o(.ARM.Collect$$$$0000000A)
    _main_init                               0x08000191   Thumb Code     0  entry9a.o(.ARM.Collect$$$$0000000B)
    __rt_lib_shutdown_fini                   0x08000199   Thumb Code     0  entry12b.o(.ARM.Collect$$$$0000000E)
    __rt_final_cpp                           0x0800019d   Thumb Code     0  entry10a.o(.ARM.Collect$$$$0000000F)
    __rt_final_exit                          0x0800019d   Thumb Code     0  entry11a.o(.ARM.Collect$$$$00000011)
    SVC_Handler                              0x080001a1   Thumb Code    28  port.o(.emb_text)
    __asm___6_port_c_39a90d8d__prvStartFirstTask 0x080001c1   Thumb Code    36  port.o(.emb_text)
    __asm___6_port_c_39a90d8d__prvEnableVFP  0x080001e9   Thumb Code    16  port.o(.emb_text)
    PendSV_Handler                           0x080001fd   Thumb Code    88  port.o(.emb_text)
    vPortGetIPSR                             0x08000259   Thumb Code     6  port.o(.emb_text)
    Reset_Handler                            0x08000261   Thumb Code     8  startup_stm32f40_41xxx.o(.text)
    ADC_IRQHandler                           0x0800027b   Thumb Code     0  startup_stm32f40_41xxx.o(.text)
    CAN1_RX0_IRQHandler                      0x0800027b   Thumb Code     0  startup_stm32f40_41xxx.o(.text)
    CAN1_RX1_IRQHandler                      0x0800027b   Thumb Code     0  startup_stm32f40_41xxx.o(.text)
    CAN1_SCE_IRQHandler                      0x0800027b   Thumb Code     0  startup_stm32f40_41xxx.o(.text)
    CAN1_TX_IRQHandler                       0x0800027b   Thumb Code     0  startup_stm32f40_41xxx.o(.text)
    CAN2_RX0_IRQHandler                      0x0800027b   Thumb Code     0  startup_stm32f40_41xxx.o(.text)
    CAN2_RX1_IRQHandler                      0x0800027b   Thumb Code     0  startup_stm32f40_41xxx.o(.text)
    CAN2_SCE_IRQHandler                      0x0800027b   Thumb Code     0  startup_stm32f40_41xxx.o(.text)
    CAN2_TX_IRQHandler                       0x0800027b   Thumb Code     0  startup_stm32f40_41xxx.o(.text)
    CRYP_IRQHandler                          0x0800027b   Thumb Code     0  startup_stm32f40_41xxx.o(.text)
    DCMI_IRQHandler                          0x0800027b   Thumb Code     0  startup_stm32f40_41xxx.o(.text)
    DMA1_Stream0_IRQHandler                  0x0800027b   Thumb Code     0  startup_stm32f40_41xxx.o(.text)
    DMA1_Stream1_IRQHandler                  0x0800027b   Thumb Code     0  startup_stm32f40_41xxx.o(.text)
    DMA1_Stream2_IRQHandler                  0x0800027b   Thumb Code     0  startup_stm32f40_41xxx.o(.text)
    DMA1_Stream4_IRQHandler                  0x0800027b   Thumb Code     0  startup_stm32f40_41xxx.o(.text)
    DMA1_Stream5_IRQHandler                  0x0800027b   Thumb Code     0  startup_stm32f40_41xxx.o(.text)
    DMA1_Stream6_IRQHandler                  0x0800027b   Thumb Code     0  startup_stm32f40_41xxx.o(.text)
    DMA1_Stream7_IRQHandler                  0x0800027b   Thumb Code     0  startup_stm32f40_41xxx.o(.text)
    DMA2_Stream0_IRQHandler                  0x0800027b   Thumb Code     0  startup_stm32f40_41xxx.o(.text)
    DMA2_Stream1_IRQHandler                  0x0800027b   Thumb Code     0  startup_stm32f40_41xxx.o(.text)
    DMA2_Stream2_IRQHandler                  0x0800027b   Thumb Code     0  startup_stm32f40_41xxx.o(.text)
    DMA2_Stream3_IRQHandler                  0x0800027b   Thumb Code     0  startup_stm32f40_41xxx.o(.text)
    DMA2_Stream4_IRQHandler                  0x0800027b   Thumb Code     0  startup_stm32f40_41xxx.o(.text)
    DMA2_Stream5_IRQHandler                  0x0800027b   Thumb Code     0  startup_stm32f40_41xxx.o(.text)
    DMA2_Stream6_IRQHandler                  0x0800027b   Thumb Code     0  startup_stm32f40_41xxx.o(.text)
    DMA2_Stream7_IRQHandler                  0x0800027b   Thumb Code     0  startup_stm32f40_41xxx.o(.text)
    ETH_IRQHandler                           0x0800027b   Thumb Code     0  startup_stm32f40_41xxx.o(.text)
    ETH_WKUP_IRQHandler                      0x0800027b   Thumb Code     0  startup_stm32f40_41xxx.o(.text)
    EXTI0_IRQHandler                         0x0800027b   Thumb Code     0  startup_stm32f40_41xxx.o(.text)
    EXTI15_10_IRQHandler                     0x0800027b   Thumb Code     0  startup_stm32f40_41xxx.o(.text)
    EXTI1_IRQHandler                         0x0800027b   Thumb Code     0  startup_stm32f40_41xxx.o(.text)
    EXTI2_IRQHandler                         0x0800027b   Thumb Code     0  startup_stm32f40_41xxx.o(.text)
    EXTI3_IRQHandler                         0x0800027b   Thumb Code     0  startup_stm32f40_41xxx.o(.text)
    EXTI4_IRQHandler                         0x0800027b   Thumb Code     0  startup_stm32f40_41xxx.o(.text)
    EXTI9_5_IRQHandler                       0x0800027b   Thumb Code     0  startup_stm32f40_41xxx.o(.text)
    FLASH_IRQHandler                         0x0800027b   Thumb Code     0  startup_stm32f40_41xxx.o(.text)
    FPU_IRQHandler                           0x0800027b   Thumb Code     0  startup_stm32f40_41xxx.o(.text)
    FSMC_IRQHandler                          0x0800027b   Thumb Code     0  startup_stm32f40_41xxx.o(.text)
    HASH_RNG_IRQHandler                      0x0800027b   Thumb Code     0  startup_stm32f40_41xxx.o(.text)
    I2C1_ER_IRQHandler                       0x0800027b   Thumb Code     0  startup_stm32f40_41xxx.o(.text)
    I2C1_EV_IRQHandler                       0x0800027b   Thumb Code     0  startup_stm32f40_41xxx.o(.text)
    I2C2_ER_IRQHandler                       0x0800027b   Thumb Code     0  startup_stm32f40_41xxx.o(.text)
    I2C2_EV_IRQHandler                       0x0800027b   Thumb Code     0  startup_stm32f40_41xxx.o(.text)
    I2C3_ER_IRQHandler                       0x0800027b   Thumb Code     0  startup_stm32f40_41xxx.o(.text)
    I2C3_EV_IRQHandler                       0x0800027b   Thumb Code     0  startup_stm32f40_41xxx.o(.text)
    OTG_FS_WKUP_IRQHandler                   0x0800027b   Thumb Code     0  startup_stm32f40_41xxx.o(.text)
    OTG_HS_EP1_IN_IRQHandler                 0x0800027b   Thumb Code     0  startup_stm32f40_41xxx.o(.text)
    OTG_HS_EP1_OUT_IRQHandler                0x0800027b   Thumb Code     0  startup_stm32f40_41xxx.o(.text)
    OTG_HS_IRQHandler                        0x0800027b   Thumb Code     0  startup_stm32f40_41xxx.o(.text)
    OTG_HS_WKUP_IRQHandler                   0x0800027b   Thumb Code     0  startup_stm32f40_41xxx.o(.text)
    PVD_IRQHandler                           0x0800027b   Thumb Code     0  startup_stm32f40_41xxx.o(.text)
    RCC_IRQHandler                           0x0800027b   Thumb Code     0  startup_stm32f40_41xxx.o(.text)
    RTC_Alarm_IRQHandler                     0x0800027b   Thumb Code     0  startup_stm32f40_41xxx.o(.text)
    RTC_WKUP_IRQHandler                      0x0800027b   Thumb Code     0  startup_stm32f40_41xxx.o(.text)
    SPI1_IRQHandler                          0x0800027b   Thumb Code     0  startup_stm32f40_41xxx.o(.text)
    SPI2_IRQHandler                          0x0800027b   Thumb Code     0  startup_stm32f40_41xxx.o(.text)
    SPI3_IRQHandler                          0x0800027b   Thumb Code     0  startup_stm32f40_41xxx.o(.text)
    TAMP_STAMP_IRQHandler                    0x0800027b   Thumb Code     0  startup_stm32f40_41xxx.o(.text)
    TIM1_CC_IRQHandler                       0x0800027b   Thumb Code     0  startup_stm32f40_41xxx.o(.text)
    TIM1_TRG_COM_TIM11_IRQHandler            0x0800027b   Thumb Code     0  startup_stm32f40_41xxx.o(.text)
    TIM1_UP_TIM10_IRQHandler                 0x0800027b   Thumb Code     0  startup_stm32f40_41xxx.o(.text)
    TIM2_IRQHandler                          0x0800027b   Thumb Code     0  startup_stm32f40_41xxx.o(.text)
    TIM5_IRQHandler                          0x0800027b   Thumb Code     0  startup_stm32f40_41xxx.o(.text)
    TIM6_DAC_IRQHandler                      0x0800027b   Thumb Code     0  startup_stm32f40_41xxx.o(.text)
    TIM7_IRQHandler                          0x0800027b   Thumb Code     0  startup_stm32f40_41xxx.o(.text)
    TIM8_BRK_TIM12_IRQHandler                0x0800027b   Thumb Code     0  startup_stm32f40_41xxx.o(.text)
    TIM8_CC_IRQHandler                       0x0800027b   Thumb Code     0  startup_stm32f40_41xxx.o(.text)
    TIM8_TRG_COM_TIM14_IRQHandler            0x0800027b   Thumb Code     0  startup_stm32f40_41xxx.o(.text)
    TIM8_UP_TIM13_IRQHandler                 0x0800027b   Thumb Code     0  startup_stm32f40_41xxx.o(.text)
    WWDG_IRQHandler                          0x0800027b   Thumb Code     0  startup_stm32f40_41xxx.o(.text)
    __aeabi_memcpy                           0x08000285   Thumb Code    36  memcpya.o(.text)
    __aeabi_memcpy4                          0x08000285   Thumb Code     0  memcpya.o(.text)
    __aeabi_memcpy8                          0x08000285   Thumb Code     0  memcpya.o(.text)
    __aeabi_memset                           0x080002a9   Thumb Code    14  memseta.o(.text)
    __aeabi_memset4                          0x080002a9   Thumb Code     0  memseta.o(.text)
    __aeabi_memset8                          0x080002a9   Thumb Code     0  memseta.o(.text)
    __aeabi_memclr                           0x080002b7   Thumb Code     4  memseta.o(.text)
    __aeabi_memclr4                          0x080002b7   Thumb Code     0  memseta.o(.text)
    __aeabi_memclr8                          0x080002b7   Thumb Code     0  memseta.o(.text)
    memset                                   0x080002bb   Thumb Code    18  memseta.o(.text)
    __0sscanf                                0x080002cd   Thumb Code    48  __0sscanf.o(.text)
    _scanf_int                               0x08000305   Thumb Code   332  _scanf_int.o(.text)
    __aeabi_dadd                             0x08000451   Thumb Code   322  dadd.o(.text)
    __aeabi_dsub                             0x08000593   Thumb Code     6  dadd.o(.text)
    __aeabi_drsub                            0x08000599   Thumb Code     6  dadd.o(.text)
    __aeabi_dmul                             0x0800059f   Thumb Code   228  dmul.o(.text)
    __aeabi_ddiv                             0x08000683   Thumb Code   222  ddiv.o(.text)
    __aeabi_d2iz                             0x08000761   Thumb Code    62  dfixi.o(.text)
    __aeabi_f2d                              0x0800079f   Thumb Code    38  f2d.o(.text)
    __aeabi_d2f                              0x080007c5   Thumb Code    56  d2f.o(.text)
    __aeabi_uidiv                            0x080007fd   Thumb Code     0  uidiv.o(.text)
    __aeabi_uidivmod                         0x080007fd   Thumb Code    44  uidiv.o(.text)
    __aeabi_uldivmod                         0x08000829   Thumb Code    98  uldiv.o(.text)
    __aeabi_llsl                             0x0800088b   Thumb Code    30  llshl.o(.text)
    _ll_shift_l                              0x0800088b   Thumb Code     0  llshl.o(.text)
    __aeabi_llsr                             0x080008a9   Thumb Code    32  llushr.o(.text)
    _ll_ushift_r                             0x080008a9   Thumb Code     0  llushr.o(.text)
    __aeabi_lasr                             0x080008c9   Thumb Code    36  llsshr.o(.text)
    _ll_sshift_r                             0x080008c9   Thumb Code     0  llsshr.o(.text)
    _chval                                   0x080008ed   Thumb Code    28  _chval.o(.text)
    __vfscanf_char                           0x08000915   Thumb Code    20  scanf_char.o(.text)
    _sgetc                                   0x08000931   Thumb Code    30  _sgetc.o(.text)
    _sbackspace                              0x0800094f   Thumb Code    34  _sgetc.o(.text)
    __I$use$fp                               0x08000971   Thumb Code     0  iusefp.o(.text)
    _float_round                             0x08000971   Thumb Code    18  fepilogue.o(.text)
    _float_epilogue                          0x08000983   Thumb Code    92  fepilogue.o(.text)
    _double_round                            0x080009df   Thumb Code    30  depilogue.o(.text)
    _double_epilogue                         0x080009fd   Thumb Code   156  depilogue.o(.text)
    __ARM_scalbn                             0x08000a99   Thumb Code    46  dscalb.o(.text)
    scalbn                                   0x08000a99   Thumb Code     0  dscalb.o(.text)
    __aeabi_i2d                              0x08000ac7   Thumb Code    34  dflti.o(.text)
    __aeabi_d2ulz                            0x08000ae9   Thumb Code    48  dfixul.o(.text)
    __aeabi_cdrcmple                         0x08000b19   Thumb Code    48  cdrcmple.o(.text)
    __scatterload                            0x08000b49   Thumb Code    28  init.o(.text)
    __scatterload_rt2                        0x08000b49   Thumb Code     0  init.o(.text)
    isspace                                  0x08000b6d   Thumb Code    10  isspace_c.o(.text)
    __vfscanf                                0x08000b79   Thumb Code   810  _scanf.o(.text)
    _dsqrt                                   0x08000ea9   Thumb Code   162  dsqrt.o(.text)
    __ctype_lookup                           0x08000f4d   Thumb Code    34  ctype_c.o(.text)
    __decompress                             0x08000f75   Thumb Code     0  __dczerorl2.o(.text)
    __decompress1                            0x08000f75   Thumb Code    86  __dczerorl2.o(.text)
    BusFault_Handler                         0x08000fcb   Thumb Code     4  stm32f4xx_it.o(i.BusFault_Handler)
    CmdResp1Error                            0x08000fd1   Thumb Code    94  sdio_sdcard.o(i.CmdResp1Error)
    DMA1_Stream3_IRQHandler                  0x08001035   Thumb Code    48  spi.o(i.DMA1_Stream3_IRQHandler)
    DMA_ClearFlag                            0x08001071   Thumb Code    38  stm32f4xx_dma.o(i.DMA_ClearFlag)
    DMA_Cmd                                  0x080010a5   Thumb Code    22  stm32f4xx_dma.o(i.DMA_Cmd)
    DMA_GetITStatus                          0x080010bd   Thumb Code    82  stm32f4xx_dma.o(i.DMA_GetITStatus)
    DebugMon_Handler                         0x08001121   Thumb Code     2  stm32f4xx_it.o(i.DebugMon_Handler)
    GPIO_AF_Set                              0x08001123   Thumb Code    64  stm32f4_sys.o(i.GPIO_AF_Set)
    GPIO_PinAFConfig                         0x08001163   Thumb Code    70  stm32f4xx_gpio.o(i.GPIO_PinAFConfig)
    GPIO_Set                                 0x080011a9   Thumb Code   222  stm32f4_sys.o(i.GPIO_Set)
    GetModbusCRC16                           0x08001287   Thumb Code    64  com_fun.o(i.GetModbusCRC16)
    HardFault_Handler                        0x080012c7   Thumb Code     4  stm32f4xx_it.o(i.HardFault_Handler)
    MY_NVIC_Init                             0x080012cd   Thumb Code   116  stm32f4_sys.o(i.MY_NVIC_Init)
    MY_NVIC_PriorityGroupConfig              0x08001345   Thumb Code    32  stm32f4_sys.o(i.MY_NVIC_PriorityGroupConfig)
    MY_NVIC_SetVectorTable                   0x0800136d   Thumb Code    12  stm32f4_sys.o(i.MY_NVIC_SetVectorTable)
    MemManage_Handler                        0x0800137d   Thumb Code     4  stm32f4xx_it.o(i.MemManage_Handler)
    NMI_Handler                              0x08001381   Thumb Code     2  stm32f4xx_it.o(i.NMI_Handler)
    NVIC_Init                                0x08001385   Thumb Code   106  misc.o(i.NVIC_Init)
    OTG_FS_IRQHandler                        0x080013fd   Thumb Code    10  usbh_usr.o(i.OTG_FS_IRQHandler)
    Queue_get_1                              0x0800140d   Thumb Code    88  my_queue.o(i.Queue_get_1)
    Queue_ini                                0x08001465   Thumb Code    38  my_queue.o(i.Queue_ini)
    Queue_set_1                              0x0800148b   Thumb Code    86  my_queue.o(i.Queue_set_1)
    RCC_APB1PeriphClockCmd                   0x080014e1   Thumb Code    26  stm32f4xx_rcc.o(i.RCC_APB1PeriphClockCmd)
    RCC_APB2PeriphClockCmd                   0x08001501   Thumb Code    26  stm32f4xx_rcc.o(i.RCC_APB2PeriphClockCmd)
    SDIO_ClearFlag                           0x08001521   Thumb Code     6  stm32f4xx_sdio.o(i.SDIO_ClearFlag)
    SDIO_GetFlagStatus                       0x0800152d   Thumb Code    20  stm32f4xx_sdio.o(i.SDIO_GetFlagStatus)
    SDIO_IRQHandler                          0x08001545   Thumb Code     8  sdio_sdcard.o(i.SDIO_IRQHandler)
    SDIO_SendCommand                         0x0800154d   Thumb Code    40  stm32f4xx_sdio.o(i.SDIO_SendCommand)
    SD_ProcessIRQSrc                         0x08001579   Thumb Code   318  sdio_sdcard.o(i.SD_ProcessIRQSrc)
    SendChar                                 0x080016cd   Thumb Code    14  hmi_driver.o(i.SendChar)
    SetScreen                                0x080016e1   Thumb Code    60  hmi_driver.o(i.SetScreen)
    Stm32_Clock_Init                         0x08001809   Thumb Code    90  stm32f4_sys.o(i.Stm32_Clock_Init)
    SysTick_Handler                          0x08001871   Thumb Code    46  port.o(i.SysTick_Handler)
    Sys_Clock_Set                            0x080018a5   Thumb Code   254  stm32f4_sys.o(i.Sys_Clock_Set)
    SystemInit                               0x080019b1   Thumb Code    88  system_stm32f4xx.o(i.SystemInit)
    TIM1_BRK_TIM9_IRQHandler                 0x08001a19   Thumb Code   308  dap_motor.o(i.TIM1_BRK_TIM9_IRQHandler)
    TIM3_IRQHandler                          0x08001b71   Thumb Code    20  tim.o(i.TIM3_IRQHandler)
    TIM4_IRQHandler                          0x08001b89   Thumb Code   138  dap_motor.o(i.TIM4_IRQHandler)
    TIM_ARRPreloadConfig                     0x08001c25   Thumb Code    24  stm32f4xx_tim.o(i.TIM_ARRPreloadConfig)
    TIM_CCxCmd                               0x08001c3d   Thumb Code    30  stm32f4xx_tim.o(i.TIM_CCxCmd)
    TIM_ClearITPendingBit                    0x08001c5b   Thumb Code     6  stm32f4xx_tim.o(i.TIM_ClearITPendingBit)
    TIM_Cmd                                  0x08001c61   Thumb Code    24  stm32f4xx_tim.o(i.TIM_Cmd)
    TIM_CtrlPWMOutputs                       0x08001c79   Thumb Code    30  stm32f4xx_tim.o(i.TIM_CtrlPWMOutputs)
    TIM_GetITStatus                          0x08001c97   Thumb Code    34  stm32f4xx_tim.o(i.TIM_GetITStatus)
    TIM_ITConfig                             0x08001cb9   Thumb Code    18  stm32f4xx_tim.o(i.TIM_ITConfig)
    TIM_OC1Init                              0x08001ccd   Thumb Code   114  stm32f4xx_tim.o(i.TIM_OC1Init)
    TIM_OC1PreloadConfig                     0x08001d49   Thumb Code    18  stm32f4xx_tim.o(i.TIM_OC1PreloadConfig)
    TIM_TimeBaseInit                         0x08001d5d   Thumb Code   104  stm32f4xx_tim.o(i.TIM_TimeBaseInit)
    UART4_IRQHandler                         0x08001de1   Thumb Code    46  f4_uart.o(i.UART4_IRQHandler)
    UART5_IRQHandler                         0x08001e15   Thumb Code    46  f4_uart.o(i.UART5_IRQHandler)
    USART1_IRQHandler                        0x08001e49   Thumb Code   114  f4_uart.o(i.USART1_IRQHandler)
    USART2_IRQHandler                        0x08001ec9   Thumb Code   114  f4_uart.o(i.USART2_IRQHandler)
    USART3_IRQHandler                        0x08001f49   Thumb Code   114  f4_uart.o(i.USART3_IRQHandler)
    USART6_IRQHandler                        0x08001fc9   Thumb Code   114  f4_uart.o(i.USART6_IRQHandler)
    USBH_Connected                           0x08002049   Thumb Code    12  usbh_core.o(i.USBH_Connected)
    USBH_Disconnected                        0x08002055   Thumb Code    40  usbh_core.o(i.USBH_Disconnected)
    USBH_OTG_ISR_Handler                     0x0800207d   Thumb Code   168  usb_hcd_int.o(i.USBH_OTG_ISR_Handler)
    USBH_PortDisabled                        0x08002125   Thumb Code    12  usbh_core.o(i.USBH_PortDisabled)
    USBH_PortEnabled                         0x08002131   Thumb Code    12  usbh_core.o(i.USBH_PortEnabled)
    USBH_SOF                                 0x0800213d   Thumb Code     6  usbh_core.o(i.USBH_SOF)
    USB_OTG_BSP_DriveVBUS                    0x08002143   Thumb Code     2  usb_bsp.o(i.USB_OTG_BSP_DriveVBUS)
    USB_OTG_DisableGlobalInt                 0x08002145   Thumb Code    34  usb_core.o(i.USB_OTG_DisableGlobalInt)
    USB_OTG_GetMode                          0x08002167   Thumb Code    12  usb_core.o(i.USB_OTG_GetMode)
    USB_OTG_HC_DoPing                        0x08002173   Thumb Code    90  usb_core.o(i.USB_OTG_HC_DoPing)
    USB_OTG_HC_Halt                          0x080021cd   Thumb Code   154  usb_core.o(i.USB_OTG_HC_Halt)
    USB_OTG_InitFSLSPClkSel                  0x08002267   Thumb Code    24  usb_core.o(i.USB_OTG_InitFSLSPClkSel)
    USB_OTG_IsHostMode                       0x0800227f   Thumb Code    20  usb_core.o(i.USB_OTG_IsHostMode)
    USB_OTG_ReadCoreItr                      0x08002293   Thumb Code    16  usb_core.o(i.USB_OTG_ReadCoreItr)
    USB_OTG_ReadHostAllChannels_intr         0x080022a3   Thumb Code     8  usb_core.o(i.USB_OTG_ReadHostAllChannels_intr)
    USB_OTG_ReadPacket                       0x080022ab   Thumb Code    40  usb_core.o(i.USB_OTG_ReadPacket)
    USB_OTG_WritePacket                      0x080030ad   Thumb Code    62  usb_core.o(i.USB_OTG_WritePacket)
    UsageFault_Handler                       0x080030eb   Thumb Code     4  stm32f4xx_it.o(i.UsageFault_Handler)
    __0printf                                0x080030f1   Thumb Code    22  printfa.o(i.__0printf)
    __1printf                                0x080030f1   Thumb Code     0  printfa.o(i.__0printf)
    __2printf                                0x080030f1   Thumb Code     0  printfa.o(i.__0printf)
    __c89printf                              0x080030f1   Thumb Code     0  printfa.o(i.__0printf)
    printf                                   0x080030f1   Thumb Code     0  printfa.o(i.__0printf)
    __0sprintf                               0x08003111   Thumb Code    34  printfa.o(i.__0sprintf)
    __1sprintf                               0x08003111   Thumb Code     0  printfa.o(i.__0sprintf)
    __2sprintf                               0x08003111   Thumb Code     0  printfa.o(i.__0sprintf)
    __c89sprintf                             0x08003111   Thumb Code     0  printfa.o(i.__0sprintf)
    sprintf                                  0x08003111   Thumb Code     0  printfa.o(i.__0sprintf)
    __ARM_fpclassify                         0x08003139   Thumb Code    48  fpclassify.o(i.__ARM_fpclassify)
    __hardfp_fabs                            0x08003169   Thumb Code    20  fabs.o(i.__hardfp_fabs)
    __hardfp_pow                             0x08003181   Thumb Code  3072  pow.o(i.__hardfp_pow)
    __kernel_poly                            0x08003dd1   Thumb Code   248  poly.o(i.__kernel_poly)
    __mathlib_dbl_divzero                    0x08003ec9   Thumb Code    28  dunder.o(i.__mathlib_dbl_divzero)
    __mathlib_dbl_infnan2                    0x08003ef9   Thumb Code    20  dunder.o(i.__mathlib_dbl_infnan2)
    __mathlib_dbl_invalid                    0x08003f11   Thumb Code    24  dunder.o(i.__mathlib_dbl_invalid)
    __mathlib_dbl_overflow                   0x08003f31   Thumb Code    24  dunder.o(i.__mathlib_dbl_overflow)
    __mathlib_dbl_underflow                  0x08003f51   Thumb Code    24  dunder.o(i.__mathlib_dbl_underflow)
    __scatterload_copy                       0x08003f71   Thumb Code    14  handlers.o(i.__scatterload_copy)
    __scatterload_null                       0x08003f7f   Thumb Code     2  handlers.o(i.__scatterload_null)
    __scatterload_zeroinit                   0x08003f81   Thumb Code    14  handlers.o(i.__scatterload_zeroinit)
    __set_errno                              0x08003f91   Thumb Code     6  errno.o(i.__set_errno)
    automatic_shoveling_pro                  0x08004831   Thumb Code  1064  dap_app.o(i.automatic_shoveling_pro)
    bsp_InitDWT                              0x08004c59   Thumb Code    30  dwt_delay.o(i.bsp_InitDWT)
    calc_speed                               0x08004c81   Thumb Code  1240  dap_motor.o(i.calc_speed)
    cmd_ini                                  0x08005165   Thumb Code    20  cmd.o(i.cmd_ini)
    cmd_reg                                  0x08005185   Thumb Code    12  cmd.o(i.cmd_reg)
    dap_cmd_process                          0x08005195   Thumb Code  1416  dap_app.o(i.dap_cmd_process)
    dap_data_pro_task                        0x08005735   Thumb Code    56  app.o(i.dap_data_pro_task)
    dap_pre_cb                               0x08005775   Thumb Code    26  dap_app.o(i.dap_pre_cb)
    dap_pro                                  0x0800578f   Thumb Code    40  dap_app.o(i.dap_pro)
    dft_cmd_out                              0x080057b7   Thumb Code    12  cmd.o(i.dft_cmd_out)
    entherne_data_pro                        0x080057c3   Thumb Code     6  ethernet_driver.o(i.entherne_data_pro)
    enthernet_data_pro_task                  0x080057c9   Thumb Code    88  app.o(i.enthernet_data_pro_task)
    fabs                                     0x08005829   Thumb Code    24  fabs.o(i.fabs)
    fputc                                    0x08005841   Thumb Code    16  stm32f4_sys.o(i.fputc)
    fun_echo                                 0x08005855   Thumb Code    38  cmd.o(i.fun_echo)
    fun_help                                 0x0800588d   Thumb Code    80  cmd.o(i.fun_help)
    get_month                                0x080058ed   Thumb Code   126  version.o(i.get_month)
    get_que_data                             0x08005979   Thumb Code    30  app.o(i.get_que_data)
    get_sensor_data_task                     0x08005997   Thumb Code    10  app.o(i.get_sensor_data_task)
    hopper_dump                              0x080059a1   Thumb Code   168  dap_motor.o(i.hopper_dump)
    init_task                                0x08005a55   Thumb Code    22  app.o(i.init_task)
    lamp_flickering                          0x08005a6d   Thumb Code    88  dap_app.o(i.lamp_flickering)
    lcd_data_pro_task                        0x08005ad1   Thumb Code    56  app.o(i.lcd_data_pro_task)
    limit_sensor_init                        0x08005b11   Thumb Code   448  dap_motor.o(i.limit_sensor_init)
    main                                     0x08005cdd   Thumb Code   264  main.o(i.main)
    motor_move                               0x08005ee5   Thumb Code   364  dap_motor.o(i.motor_move)
    motor_stop                               0x08006065   Thumb Code    90  dap_motor.o(i.motor_stop)
    platform_motor_init                      0x080060d1   Thumb Code   230  dap_motor.o(i.platform_motor_init)
    pvPortMalloc                             0x08006bd5   Thumb Code   280  heap_4.o(i.pvPortMalloc)
    pxPortInitialiseStack                    0x08006d01   Thumb Code    38  port.o(i.pxPortInitialiseStack)
    rec_head                                 0x08006d2d   Thumb Code   172  comm_rec.o(i.rec_head)
    rec_sync                                 0x08006dd9   Thumb Code    76  comm_rec.o(i.rec_sync)
    reset_motor                              0x08006e29   Thumb Code   276  dap_app.o(i.reset_motor)
    responsde_cmd                            0x08006f59   Thumb Code   144  dap_app.o(i.responsde_cmd)
    run_task                                 0x08006ff1   Thumb Code   188  app.o(i.run_task)
    scraper_motor_init                       0x080070ed   Thumb Code   220  dap_motor.o(i.scraper_motor_init)
    set_screen                               0x080071d9   Thumb Code    32  hmi_driver.o(i.set_screen)
    software_timer_task                      0x080071fd   Thumb Code   118  app.o(i.software_timer_task)
    sqrt                                     0x08007299   Thumb Code   110  sqrt.o(i.sqrt)
    touch_cmd_pro                            0x08007309   Thumb Code    20  ui_process.o(i.touch_cmd_pro)
    uart1_putchar                            0x08007321   Thumb Code    22  f4_uart.o(i.uart1_putchar)
    uart_initial                             0x0800733d   Thumb Code   726  f4_uart.o(i.uart_initial)
    uart_irq                                 0x08007665   Thumb Code    96  f4_uart.o(i.uart_irq)
    uart_send                                0x080076c5   Thumb Code    54  f4_uart.o(i.uart_send)
    ulTaskGenericNotifyTake                  0x080076fd   Thumb Code   160  tasks.o(i.ulTaskGenericNotifyTake)
    usb_disk_task                            0x080077a5   Thumb Code    10  app.o(i.usb_disk_task)
    uxListRemove                             0x08007811   Thumb Code    40  list.o(i.uxListRemove)
    uxTaskGetNumberOfTasks                   0x08007839   Thumb Code     6  tasks.o(i.uxTaskGetNumberOfTasks)
    uxTaskGetStackHighWaterMark              0x08007845   Thumb Code    34  tasks.o(i.uxTaskGetStackHighWaterMark)
    vListInitialise                          0x0800786d   Thumb Code    26  list.o(i.vListInitialise)
    vListInitialiseItem                      0x08007887   Thumb Code     6  list.o(i.vListInitialiseItem)
    vListInsert                              0x0800788d   Thumb Code    52  list.o(i.vListInsert)
    vPortEnterCritical                       0x080078c1   Thumb Code    76  port.o(i.vPortEnterCritical)
    vPortExitCritical                        0x08007915   Thumb Code    56  port.o(i.vPortExitCritical)
    vPortFree                                0x08007951   Thumb Code   132  heap_4.o(i.vPortFree)
    vPortSetupTimerInterrupt                 0x080079dd   Thumb Code    36  port.o(i.vPortSetupTimerInterrupt)
    vPortValidateInterruptPriority           0x08007a05   Thumb Code   106  port.o(i.vPortValidateInterruptPriority)
    vQueueAddToRegistry                      0x08007a7d   Thumb Code    90  queue.o(i.vQueueAddToRegistry)
    vQueueWaitForMessageRestricted           0x08007add   Thumb Code    74  queue.o(i.vQueueWaitForMessageRestricted)
    vTaskDelay                               0x08007b29   Thumb Code    82  tasks.o(i.vTaskDelay)
    vTaskGenericNotifyGiveFromISR            0x08007b85   Thumb Code   372  tasks.o(i.vTaskGenericNotifyGiveFromISR)
    vTaskInternalSetTimeOutState             0x08007d11   Thumb Code    14  tasks.o(i.vTaskInternalSetTimeOutState)
    vTaskMissedYield                         0x08007d29   Thumb Code     8  tasks.o(i.vTaskMissedYield)
    vTaskPlaceOnEventList                    0x08007d35   Thumb Code    52  tasks.o(i.vTaskPlaceOnEventList)
    vTaskPlaceOnEventListRestricted          0x08007d6d   Thumb Code    94  tasks.o(i.vTaskPlaceOnEventListRestricted)
    vTaskStartScheduler                      0x08007dd1   Thumb Code   122  tasks.o(i.vTaskStartScheduler)
    vTaskSuspendAll                          0x08007e6d   Thumb Code    12  tasks.o(i.vTaskSuspendAll)
    vTaskSwitchContext                       0x08007e7d   Thumb Code   118  tasks.o(i.vTaskSwitchContext)
    version_release                          0x08007f09   Thumb Code   130  version.o(i.version_release)
    void_cmd_out                             0x08007fb9   Thumb Code     2  cmd.o(i.void_cmd_out)
    void_putchar                             0x08007fbb   Thumb Code     6  stm32f4_sys.o(i.void_putchar)
    wifi_data_pro                            0x08007fc1   Thumb Code     6  wifi_driver.o(i.wifi_data_pro)
    wifi_data_pro_task                       0x08007fc9   Thumb Code    88  app.o(i.wifi_data_pro_task)
    xPortStartScheduler                      0x08008029   Thumb Code   330  port.o(i.xPortStartScheduler)
    xQueueGenericCreate                      0x08008191   Thumb Code   102  queue.o(i.xQueueGenericCreate)
    xQueueGenericReset                       0x080081f9   Thumb Code   214  queue.o(i.xQueueGenericReset)
    xQueueGenericSend                        0x080082d5   Thumb Code   420  queue.o(i.xQueueGenericSend)
    xQueueGenericSendFromISR                 0x0800847d   Thumb Code   296  queue.o(i.xQueueGenericSendFromISR)
    xQueueReceive                            0x080085a5   Thumb Code   356  queue.o(i.xQueueReceive)
    xTaskCheckForTimeOut                     0x0800870d   Thumb Code   136  tasks.o(i.xTaskCheckForTimeOut)
    xTaskCreate                              0x0800879d   Thumb Code   104  tasks.o(i.xTaskCreate)
    xTaskGetSchedulerState                   0x08008805   Thumb Code    24  tasks.o(i.xTaskGetSchedulerState)
    xTaskGetTickCount                        0x08008825   Thumb Code     6  tasks.o(i.xTaskGetTickCount)
    xTaskIncrementTick                       0x08008831   Thumb Code   398  tasks.o(i.xTaskIncrementTick)
    xTaskPriorityDisinherit                  0x080089ed   Thumb Code   226  tasks.o(i.xTaskPriorityDisinherit)
    xTaskRemoveFromEventList                 0x08008add   Thumb Code   264  tasks.o(i.xTaskRemoveFromEventList)
    xTaskResumeAll                           0x08008bfd   Thumb Code   338  tasks.o(i.xTaskResumeAll)
    xTimerCreate                             0x08008d75   Thumb Code    54  timers.o(i.xTimerCreate)
    xTimerCreateTimerTask                    0x08008dad   Thumb Code    66  timers.o(i.xTimerCreateTimerTask)
    xTimerGenericCommand                     0x08008e05   Thumb Code   126  timers.o(i.xTimerGenericCommand)
    cmd_str                                  0x080099b8   Data          24  cmd.o(.constdata)
    __mathlib_zero                           0x08009a58   Data           8  qnan.o(.constdata)
    __ctype_categories                       0x08009a60   Data          64  ctype_c.o(.constdata)
    Region$$Table$$Base                      0x08009ae0   Number         0  anon$$obj.o(Region$$Table)
    Region$$Table$$Limit                     0x08009b00   Number         0  anon$$obj.o(Region$$Table)
    SystemCoreClock                          0x20000000   Data           4  system_stm32f4xx.o(.data)
    AHBPrescTable                            0x20000004   Data          16  system_stm32f4xx.o(.data)
    cfg_dft                                  0x20000014   Data          76  config.o(.data)
    save_config                              0x20000060   Data          24  config.o(.data)
    RTC_TimeStruct                           0x20000078   Data           4  app.o(.data)
    RTC_DateStruct                           0x2000007c   Data           4  app.o(.data)
    SD_state                                 0x20000080   Data           1  app.o(.data)
    usb_task_handler                         0x20000084   Data           4  app.o(.data)
    dap_data_pro_handler                     0x20000088   Data           4  app.o(.data)
    enthernet_data_pro_handler               0x2000008c   Data           4  app.o(.data)
    wifi_data_pro_handler                    0x20000090   Data           4  app.o(.data)
    lcd_data_pro_handler                     0x20000094   Data           4  app.o(.data)
    software_timer_handler                   0x20000098   Data           4  app.o(.data)
    get_sensor_data_handler                  0x2000009c   Data           4  app.o(.data)
    run_task_handler                         0x200000a0   Data           4  app.o(.data)
    init_task_handler                        0x200000a4   Data           4  app.o(.data)
    home_tick                                0x200000a8   Data           4  app.o(.data)
    timer_1000ms                             0x200000ac   Data           4  app.o(.data)
    timer_10ms                               0x200000b0   Data           4  app.o(.data)
    lcdstack_size                            0x200000b4   Data           4  app.o(.data)
    wifistack_size                           0x200000b8   Data           4  app.o(.data)
    usbstack_size                            0x200000bc   Data           4  app.o(.data)
    runstack_size                            0x200000c0   Data           4  app.o(.data)
    getrunstack_size                         0x200000c4   Data           4  app.o(.data)
    softwarestack_size                       0x200000c8   Data           4  app.o(.data)
    initstack_size                           0x200000cc   Data           4  app.o(.data)
    ui_id                                    0x200000d4   Data           4  ui_process.o(.data)
    button_ctrl_pack                         0x200000d8   Data          20  ui_process.o(.data)
    d_state                                  0x200000ec   Data           3  dap_app.o(.data)
    dap_pack                                 0x200000f0   Data          36  dap_app.o(.data)
    test_cmd_res                             0x20000114   Data           4  dap_app.o(.data)
    TransferError                            0x20000126   Data           1  sdio_sdcard.o(.data)
    TransferEnd                              0x20000127   Data           1  sdio_sdcard.o(.data)
    tempbuff                                 0x20000128   Data           4  sdio_sdcard.o(.data)
    wifi_data_pack                           0x2000012c   Data          20  wifi_driver.o(.data)
    ethernet_data_pack                       0x20000140   Data          20  ethernet_driver.o(.data)
    scraper_motor                            0x20000158   Data          42  dap_motor.o(.data)
    platform_motor                           0x20000182   Data          42  dap_motor.o(.data)
    uart1                                    0x200001b0   Data         136  f4_uart.o(.data)
    uart2                                    0x20000238   Data         136  f4_uart.o(.data)
    uart3                                    0x200002c0   Data         136  f4_uart.o(.data)
    uart4                                    0x20000348   Data         136  f4_uart.o(.data)
    uart5                                    0x200003d0   Data         136  f4_uart.o(.data)
    uart6                                    0x20000458   Data         136  f4_uart.o(.data)
    SYS_task                                 0x200004e0   Data           4  stm32f4_sys.o(.data)
    SYS_idle                                 0x200004e4   Data           2  stm32f4_sys.o(.data)
    SYS_idle_dis                             0x200004e6   Data           2  stm32f4_sys.o(.data)
    SYS_time                                 0x200004e8   Data           4  stm32f4_sys.o(.data)
    IO_putchar                               0x200004ec   Data           4  stm32f4_sys.o(.data)
    HelloString                              0x200004f0   Data           4  cmd.o(.data)
    buff_p                                   0x20000504   Data           1  cmd.o(.data)
    cmd_para                                 0x20000505   Data           1  cmd.o(.data)
    cmd_out                                  0x20000508   Data           4  cmd.o(.data)
    pxCurrentTCB                             0x20000510   Data           4  tasks.o(.data)
    uxTopUsedPriority                        0x20000548   Data           4  tasks.o(.data)
    USBH_HCD_INT_cb                          0x2000058c   Data          20  usbh_core.o(.data)
    USBH_HCD_INT_fops                        0x200005a0   Data           4  usbh_core.o(.data)
    suspend_flag                             0x200005a4   Data           4  usbh_core.o(.data)
    __stdout                                 0x200005ac   Data           4  stdout.o(.data)
    save_time                                0x200005b4   Data          12  config.o(.bss)
    sensor_data                              0x200005c0   Data          20  app.o(.bss)
    USB_Host                                 0x200005d4   Data         148  app.o(.bss)
    USB_OTG_Core                             0x20000668   Data        1456  app.o(.bss)
    b_ctrl                                   0x20000c7c   Data          14  ui_process.o(.bss)
    r_pic_id                                 0x20000c8a   Data           9  ui_process.o(.bss)
    test_buf                                 0x20000cf7   Data          50  dap_app.o(.bss)
    SDIO_InitStructure                       0x20000d30   Data          24  sdio_sdcard.o(.bss)
    SDIO_CmdInitStructure                    0x20000d48   Data          20  sdio_sdcard.o(.bss)
    SDIO_DataInitStructure                   0x20000d5c   Data          24  sdio_sdcard.o(.bss)
    SDCardInfo                               0x20000d98   Data          88  sdio_sdcard.o(.bss)
    SDIO_DATA_BUFFER                         0x20000df0   Data         512  sdio_sdcard.o(.bss)
    wifi_pack_buf                            0x20000ff0   Data        2000  wifi_driver.o(.bss)
    etherne_pack_buf                         0x200017c0   Data        2000  ethernet_driver.o(.bss)
    eth_server_ip                            0x20001f90   Data          30  ethernet_driver.o(.bss)
    g_calc_t                                 0x20001fc4   Data          40  dap_motor.o(.bss)
    velocity_tab                             0x20001fec   Data       20000  dap_motor.o(.bss)
    dec_velocity_tab                         0x20006e0c   Data       20000  dap_motor.o(.bss)
    xQueueRegistry                           0x2000f2dc   Data          64  queue.o(.bss)
    __initial_sp                             0x20018cd8   Data           0  startup_stm32f40_41xxx.o(STACK)



==============================================================================

Memory Map of the image

  Image Entry point : 0x08000189

  Load Region LR_IROM1 (Base: 0x08000000, Size: 0x0000a0b4, Max: 0x00100000, ABSOLUTE, COMPRESSED[0x00009bc0])

    Execution Region ER_IROM1 (Exec base: 0x08000000, Load base: 0x08000000, Size: 0x00009b00, Max: 0x00100000, ABSOLUTE)

    Exec Addr    Load Addr    Size         Type   Attr      Idx    E Section Name        Object

    0x08000000   0x08000000   0x00000188   Data   RO            3    RESET               startup_stm32f40_41xxx.o
    0x08000188   0x08000188   0x00000000   Code   RO        12241  * .ARM.Collect$$$$00000000  mc_w.l(entry.o)
    0x08000188   0x08000188   0x00000004   Code   RO        12578    .ARM.Collect$$$$00000001  mc_w.l(entry2.o)
    0x0800018c   0x0800018c   0x00000004   Code   RO        12581    .ARM.Collect$$$$00000004  mc_w.l(entry5.o)
    0x08000190   0x08000190   0x00000000   Code   RO        12583    .ARM.Collect$$$$00000008  mc_w.l(entry7b.o)
    0x08000190   0x08000190   0x00000000   Code   RO        12585    .ARM.Collect$$$$0000000A  mc_w.l(entry8b.o)
    0x08000190   0x08000190   0x00000008   Code   RO        12586    .ARM.Collect$$$$0000000B  mc_w.l(entry9a.o)
    0x08000198   0x08000198   0x00000004   Code   RO        12593    .ARM.Collect$$$$0000000E  mc_w.l(entry12b.o)
    0x0800019c   0x0800019c   0x00000000   Code   RO        12588    .ARM.Collect$$$$0000000F  mc_w.l(entry10a.o)
    0x0800019c   0x0800019c   0x00000000   Code   RO        12590    .ARM.Collect$$$$00000011  mc_w.l(entry11a.o)
    0x0800019c   0x0800019c   0x00000004   Code   RO        12579    .ARM.Collect$$$$00002712  mc_w.l(entry2.o)
    0x080001a0   0x080001a0   0x000000be   Code   RO        10325    .emb_text           port.o
    0x0800025e   0x0800025e   0x00000002   PAD
    0x08000260   0x08000260   0x00000024   Code   RO            4    .text               startup_stm32f40_41xxx.o
    0x08000284   0x08000284   0x00000024   Code   RO        12246    .text               mc_w.l(memcpya.o)
    0x080002a8   0x080002a8   0x00000024   Code   RO        12250    .text               mc_w.l(memseta.o)
    0x080002cc   0x080002cc   0x00000038   Code   RO        12529    .text               mc_w.l(__0sscanf.o)
    0x08000304   0x08000304   0x0000014c   Code   RO        12531    .text               mc_w.l(_scanf_int.o)
    0x08000450   0x08000450   0x0000014e   Code   RO        12535    .text               mf_w.l(dadd.o)
    0x0800059e   0x0800059e   0x000000e4   Code   RO        12537    .text               mf_w.l(dmul.o)
    0x08000682   0x08000682   0x000000de   Code   RO        12539    .text               mf_w.l(ddiv.o)
    0x08000760   0x08000760   0x0000003e   Code   RO        12541    .text               mf_w.l(dfixi.o)
    0x0800079e   0x0800079e   0x00000026   Code   RO        12543    .text               mf_w.l(f2d.o)
    0x080007c4   0x080007c4   0x00000038   Code   RO        12545    .text               mf_w.l(d2f.o)
    0x080007fc   0x080007fc   0x0000002c   Code   RO        12595    .text               mc_w.l(uidiv.o)
    0x08000828   0x08000828   0x00000062   Code   RO        12597    .text               mc_w.l(uldiv.o)
    0x0800088a   0x0800088a   0x0000001e   Code   RO        12599    .text               mc_w.l(llshl.o)
    0x080008a8   0x080008a8   0x00000020   Code   RO        12601    .text               mc_w.l(llushr.o)
    0x080008c8   0x080008c8   0x00000024   Code   RO        12603    .text               mc_w.l(llsshr.o)
    0x080008ec   0x080008ec   0x0000001c   Code   RO        12614    .text               mc_w.l(_chval.o)
    0x08000908   0x08000908   0x00000028   Code   RO        12616    .text               mc_w.l(scanf_char.o)
    0x08000930   0x08000930   0x00000040   Code   RO        12618    .text               mc_w.l(_sgetc.o)
    0x08000970   0x08000970   0x00000000   Code   RO        12620    .text               mc_w.l(iusefp.o)
    0x08000970   0x08000970   0x0000006e   Code   RO        12621    .text               mf_w.l(fepilogue.o)
    0x080009de   0x080009de   0x000000ba   Code   RO        12623    .text               mf_w.l(depilogue.o)
    0x08000a98   0x08000a98   0x0000002e   Code   RO        12627    .text               mf_w.l(dscalb.o)
    0x08000ac6   0x08000ac6   0x00000022   Code   RO        12629    .text               mf_w.l(dflti.o)
    0x08000ae8   0x08000ae8   0x00000030   Code   RO        12631    .text               mf_w.l(dfixul.o)
    0x08000b18   0x08000b18   0x00000030   Code   RO        12633    .text               mf_w.l(cdrcmple.o)
    0x08000b48   0x08000b48   0x00000024   Code   RO        12635    .text               mc_w.l(init.o)
    0x08000b6c   0x08000b6c   0x0000000a   Code   RO        12637    .text               mc_w.l(isspace_c.o)
    0x08000b76   0x08000b76   0x00000002   PAD
    0x08000b78   0x08000b78   0x00000330   Code   RO        12639    .text               mc_w.l(_scanf.o)
    0x08000ea8   0x08000ea8   0x000000a2   Code   RO        12641    .text               mf_w.l(dsqrt.o)
    0x08000f4a   0x08000f4a   0x00000002   PAD
    0x08000f4c   0x08000f4c   0x00000028   Code   RO        12645    .text               mc_w.l(ctype_c.o)
    0x08000f74   0x08000f74   0x00000056   Code   RO        12656    .text               mc_w.l(__dczerorl2.o)
    0x08000fca   0x08000fca   0x00000004   Code   RO         5164    i.BusFault_Handler  stm32f4xx_it.o
    0x08000fce   0x08000fce   0x00000002   PAD
    0x08000fd0   0x08000fd0   0x00000064   Code   RO         7461    i.CmdResp1Error     sdio_sdcard.o
    0x08001034   0x08001034   0x0000003c   Code   RO         7120    i.DMA1_Stream3_IRQHandler  spi.o
    0x08001070   0x08001070   0x00000034   Code   RO         1232    i.DMA_ClearFlag     stm32f4xx_dma.o
    0x080010a4   0x080010a4   0x00000016   Code   RO         1234    i.DMA_Cmd           stm32f4xx_dma.o
    0x080010ba   0x080010ba   0x00000002   PAD
    0x080010bc   0x080010bc   0x00000064   Code   RO         1244    i.DMA_GetITStatus   stm32f4xx_dma.o
    0x08001120   0x08001120   0x00000002   Code   RO         5165    i.DebugMon_Handler  stm32f4xx_it.o
    0x08001122   0x08001122   0x00000040   Code   RO         8693    i.GPIO_AF_Set       stm32f4_sys.o
    0x08001162   0x08001162   0x00000046   Code   RO         2035    i.GPIO_PinAFConfig  stm32f4xx_gpio.o
    0x080011a8   0x080011a8   0x000000de   Code   RO         8694    i.GPIO_Set          stm32f4_sys.o
    0x08001286   0x08001286   0x00000040   Code   RO         8984    i.GetModbusCRC16    com_fun.o
    0x080012c6   0x080012c6   0x00000004   Code   RO         5166    i.HardFault_Handler  stm32f4xx_it.o
    0x080012ca   0x080012ca   0x00000002   PAD
    0x080012cc   0x080012cc   0x00000078   Code   RO         8696    i.MY_NVIC_Init      stm32f4_sys.o
    0x08001344   0x08001344   0x00000028   Code   RO         8697    i.MY_NVIC_PriorityGroupConfig  stm32f4_sys.o
    0x0800136c   0x0800136c   0x00000010   Code   RO         8698    i.MY_NVIC_SetVectorTable  stm32f4_sys.o
    0x0800137c   0x0800137c   0x00000004   Code   RO         5167    i.MemManage_Handler  stm32f4xx_it.o
    0x08001380   0x08001380   0x00000002   Code   RO         5168    i.NMI_Handler       stm32f4xx_it.o
    0x08001382   0x08001382   0x00000002   PAD
    0x08001384   0x08001384   0x00000078   Code   RO          155    i.NVIC_Init         misc.o
    0x080013fc   0x080013fc   0x00000010   Code   RO        12059    i.OTG_FS_IRQHandler  usbh_usr.o
    0x0800140c   0x0800140c   0x00000058   Code   RO         9079    i.Queue_get_1       my_queue.o
    0x08001464   0x08001464   0x00000026   Code   RO         9080    i.Queue_ini         my_queue.o
    0x0800148a   0x0800148a   0x00000056   Code   RO         9083    i.Queue_set_1       my_queue.o
    0x080014e0   0x080014e0   0x00000020   Code   RO         2969    i.RCC_APB1PeriphClockCmd  stm32f4xx_rcc.o
    0x08001500   0x08001500   0x00000020   Code   RO         2972    i.RCC_APB2PeriphClockCmd  stm32f4xx_rcc.o
    0x08001520   0x08001520   0x0000000c   Code   RO         3894    i.SDIO_ClearFlag    stm32f4xx_sdio.o
    0x0800152c   0x0800152c   0x00000018   Code   RO         3906    i.SDIO_GetFlagStatus  stm32f4xx_sdio.o
    0x08001544   0x08001544   0x00000008   Code   RO         7470    i.SDIO_IRQHandler   sdio_sdcard.o
    0x0800154c   0x0800154c   0x0000002c   Code   RO         3914    i.SDIO_SendCommand  stm32f4xx_sdio.o
    0x08001578   0x08001578   0x00000154   Code   RO         7480    i.SD_ProcessIRQSrc  sdio_sdcard.o
    0x080016cc   0x080016cc   0x00000014   Code   RO         5900    i.SendChar          hmi_driver.o
    0x080016e0   0x080016e0   0x0000003c   Code   RO         5922    i.SetScreen         hmi_driver.o
    0x0800171c   0x0800171c   0x000000ec   Code   RO           13    i.SetSysClock       system_stm32f4xx.o
    0x08001808   0x08001808   0x00000068   Code   RO         8699    i.Stm32_Clock_Init  stm32f4_sys.o
    0x08001870   0x08001870   0x00000034   Code   RO        10326    i.SysTick_Handler   port.o
    0x080018a4   0x080018a4   0x0000010c   Code   RO         8700    i.Sys_Clock_Set     stm32f4_sys.o
    0x080019b0   0x080019b0   0x00000068   Code   RO           15    i.SystemInit        system_stm32f4xx.o
    0x08001a18   0x08001a18   0x00000158   Code   RO         8409    i.TIM1_BRK_TIM9_IRQHandler  dap_motor.o
    0x08001b70   0x08001b70   0x00000018   Code   RO         7363    i.TIM3_IRQHandler   tim.o
    0x08001b88   0x08001b88   0x0000009c   Code   RO         8410    i.TIM4_IRQHandler   dap_motor.o
    0x08001c24   0x08001c24   0x00000018   Code   RO         4344    i.TIM_ARRPreloadConfig  stm32f4xx_tim.o
    0x08001c3c   0x08001c3c   0x0000001e   Code   RO         4348    i.TIM_CCxCmd        stm32f4xx_tim.o
    0x08001c5a   0x08001c5a   0x00000006   Code   RO         4351    i.TIM_ClearITPendingBit  stm32f4xx_tim.o
    0x08001c60   0x08001c60   0x00000018   Code   RO         4356    i.TIM_Cmd           stm32f4xx_tim.o
    0x08001c78   0x08001c78   0x0000001e   Code   RO         4358    i.TIM_CtrlPWMOutputs  stm32f4xx_tim.o
    0x08001c96   0x08001c96   0x00000022   Code   RO         4377    i.TIM_GetITStatus   stm32f4xx_tim.o
    0x08001cb8   0x08001cb8   0x00000012   Code   RO         4381    i.TIM_ITConfig      stm32f4xx_tim.o
    0x08001cca   0x08001cca   0x00000002   PAD
    0x08001ccc   0x08001ccc   0x0000007c   Code   RO         4385    i.TIM_OC1Init       stm32f4xx_tim.o
    0x08001d48   0x08001d48   0x00000012   Code   RO         4388    i.TIM_OC1PreloadConfig  stm32f4xx_tim.o
    0x08001d5a   0x08001d5a   0x00000002   PAD
    0x08001d5c   0x08001d5c   0x00000084   Code   RO         4428    i.TIM_TimeBaseInit  stm32f4xx_tim.o
    0x08001de0   0x08001de0   0x00000034   Code   RO         8495    i.UART4_IRQHandler  f4_uart.o
    0x08001e14   0x08001e14   0x00000034   Code   RO         8496    i.UART5_IRQHandler  f4_uart.o
    0x08001e48   0x08001e48   0x00000080   Code   RO         8497    i.USART1_IRQHandler  f4_uart.o
    0x08001ec8   0x08001ec8   0x00000080   Code   RO         8498    i.USART2_IRQHandler  f4_uart.o
    0x08001f48   0x08001f48   0x00000080   Code   RO         8499    i.USART3_IRQHandler  f4_uart.o
    0x08001fc8   0x08001fc8   0x00000080   Code   RO         8500    i.USART6_IRQHandler  f4_uart.o
    0x08002048   0x08002048   0x0000000c   Code   RO        11476    i.USBH_Connected    usbh_core.o
    0x08002054   0x08002054   0x00000028   Code   RO        11478    i.USBH_Disconnected  usbh_core.o
    0x0800207c   0x0800207c   0x000000a8   Code   RO        11402    i.USBH_OTG_ISR_Handler  usb_hcd_int.o
    0x08002124   0x08002124   0x0000000c   Code   RO        11483    i.USBH_PortDisabled  usbh_core.o
    0x08002130   0x08002130   0x0000000c   Code   RO        11484    i.USBH_PortEnabled  usbh_core.o
    0x0800213c   0x0800213c   0x00000006   Code   RO        11486    i.USBH_SOF          usbh_core.o
    0x08002142   0x08002142   0x00000002   Code   RO        12003    i.USB_OTG_BSP_DriveVBUS  usb_bsp.o
    0x08002144   0x08002144   0x00000022   Code   RO        11131    i.USB_OTG_DisableGlobalInt  usb_core.o
    0x08002166   0x08002166   0x0000000c   Code   RO        11138    i.USB_OTG_GetMode   usb_core.o
    0x08002172   0x08002172   0x0000005a   Code   RO        11139    i.USB_OTG_HC_DoPing  usb_core.o
    0x080021cc   0x080021cc   0x0000009a   Code   RO        11140    i.USB_OTG_HC_Halt   usb_core.o
    0x08002266   0x08002266   0x00000018   Code   RO        11143    i.USB_OTG_InitFSLSPClkSel  usb_core.o
    0x0800227e   0x0800227e   0x00000014   Code   RO        11146    i.USB_OTG_IsHostMode  usb_core.o
    0x08002292   0x08002292   0x00000010   Code   RO        11147    i.USB_OTG_ReadCoreItr  usb_core.o
    0x080022a2   0x080022a2   0x00000008   Code   RO        11149    i.USB_OTG_ReadHostAllChannels_intr  usb_core.o
    0x080022aa   0x080022aa   0x00000028   Code   RO        11151    i.USB_OTG_ReadPacket  usb_core.o
    0x080022d2   0x080022d2   0x00000002   PAD
    0x080022d4   0x080022d4   0x0000002c   Code   RO        11403    i.USB_OTG_USBH_handle_Disconnect_ISR  usb_hcd_int.o
    0x08002300   0x08002300   0x00000046   Code   RO        11404    i.USB_OTG_USBH_handle_IncompletePeriodicXfer_ISR  usb_hcd_int.o
    0x08002346   0x08002346   0x00000056   Code   RO        11405    i.USB_OTG_USBH_handle_hc_ISR  usb_hcd_int.o
    0x0800239c   0x0800239c   0x0000041e   Code   RO        11406    i.USB_OTG_USBH_handle_hc_n_In_ISR  usb_hcd_int.o
    0x080027ba   0x080027ba   0x000003b8   Code   RO        11407    i.USB_OTG_USBH_handle_hc_n_Out_ISR  usb_hcd_int.o
    0x08002b72   0x08002b72   0x00000136   Code   RO        11408    i.USB_OTG_USBH_handle_nptxfempty_ISR  usb_hcd_int.o
    0x08002ca8   0x08002ca8   0x0000013c   Code   RO        11409    i.USB_OTG_USBH_handle_port_ISR  usb_hcd_int.o
    0x08002de4   0x08002de4   0x00000136   Code   RO        11410    i.USB_OTG_USBH_handle_ptxfempty_ISR  usb_hcd_int.o
    0x08002f1a   0x08002f1a   0x00000164   Code   RO        11411    i.USB_OTG_USBH_handle_rx_qlvl_ISR  usb_hcd_int.o
    0x0800307e   0x0800307e   0x00000002   PAD
    0x08003080   0x08003080   0x0000002c   Code   RO        11412    i.USB_OTG_USBH_handle_sof_ISR  usb_hcd_int.o
    0x080030ac   0x080030ac   0x0000003e   Code   RO        11156    i.USB_OTG_WritePacket  usb_core.o
    0x080030ea   0x080030ea   0x00000004   Code   RO         5169    i.UsageFault_Handler  stm32f4xx_it.o
    0x080030ee   0x080030ee   0x00000002   PAD
    0x080030f0   0x080030f0   0x00000020   Code   RO        12501    i.__0printf         mc_w.l(printfa.o)
    0x08003110   0x08003110   0x00000028   Code   RO        12503    i.__0sprintf        mc_w.l(printfa.o)
    0x08003138   0x08003138   0x00000030   Code   RO        12561    i.__ARM_fpclassify  m_wm.l(fpclassify.o)
    0x08003168   0x08003168   0x00000014   Code   RO        12221    i.__hardfp_fabs     m_wm.l(fabs.o)
    0x0800317c   0x0800317c   0x00000004   PAD
    0x08003180   0x08003180   0x00000c50   Code   RO        12227    i.__hardfp_pow      m_wm.l(pow.o)
    0x08003dd0   0x08003dd0   0x000000f8   Code   RO        12563    i.__kernel_poly     m_wm.l(poly.o)
    0x08003ec8   0x08003ec8   0x00000030   Code   RO        12547    i.__mathlib_dbl_divzero  m_wm.l(dunder.o)
    0x08003ef8   0x08003ef8   0x00000014   Code   RO        12549    i.__mathlib_dbl_infnan2  m_wm.l(dunder.o)
    0x08003f0c   0x08003f0c   0x00000004   PAD
    0x08003f10   0x08003f10   0x00000020   Code   RO        12550    i.__mathlib_dbl_invalid  m_wm.l(dunder.o)
    0x08003f30   0x08003f30   0x00000020   Code   RO        12551    i.__mathlib_dbl_overflow  m_wm.l(dunder.o)
    0x08003f50   0x08003f50   0x00000020   Code   RO        12553    i.__mathlib_dbl_underflow  m_wm.l(dunder.o)
    0x08003f70   0x08003f70   0x0000000e   Code   RO        12650    i.__scatterload_copy  mc_w.l(handlers.o)
    0x08003f7e   0x08003f7e   0x00000002   Code   RO        12651    i.__scatterload_null  mc_w.l(handlers.o)
    0x08003f80   0x08003f80   0x0000000e   Code   RO        12652    i.__scatterload_zeroinit  mc_w.l(handlers.o)
    0x08003f8e   0x08003f8e   0x00000002   PAD
    0x08003f90   0x08003f90   0x0000000c   Code   RO        12609    i.__set_errno       mc_w.l(errno.o)
    0x08003f9c   0x08003f9c   0x00000184   Code   RO        12508    i._fp_digits        mc_w.l(printfa.o)
    0x08004120   0x08004120   0x000006b4   Code   RO        12509    i._printf_core      mc_w.l(printfa.o)
    0x080047d4   0x080047d4   0x00000024   Code   RO        12510    i._printf_post_padding  mc_w.l(printfa.o)
    0x080047f8   0x080047f8   0x0000002e   Code   RO        12511    i._printf_pre_padding  mc_w.l(printfa.o)
    0x08004826   0x08004826   0x0000000a   Code   RO        12513    i._sputc            mc_w.l(printfa.o)
    0x08004830   0x08004830   0x00000428   Code   RO         7025    i.automatic_shoveling_pro  dap_app.o
    0x08004c58   0x08004c58   0x00000028   Code   RO         7766    i.bsp_InitDWT       dwt_delay.o
    0x08004c80   0x08004c80   0x000004e4   Code   RO         8411    i.calc_speed        dap_motor.o
    0x08005164   0x08005164   0x00000020   Code   RO         8909    i.cmd_ini           cmd.o
    0x08005184   0x08005184   0x00000010   Code   RO         8910    i.cmd_reg           cmd.o
    0x08005194   0x08005194   0x000005a0   Code   RO         7026    i.dap_cmd_process   dap_app.o
    0x08005734   0x08005734   0x00000040   Code   RO         5696    i.dap_data_pro_task  app.o
    0x08005774   0x08005774   0x0000001a   Code   RO         7027    i.dap_pre_cb        dap_app.o
    0x0800578e   0x0800578e   0x00000028   Code   RO         7028    i.dap_pro           dap_app.o
    0x080057b6   0x080057b6   0x0000000c   Code   RO         8911    i.dft_cmd_out       cmd.o
    0x080057c2   0x080057c2   0x00000006   Code   RO         8263    i.entherne_data_pro  ethernet_driver.o
    0x080057c8   0x080057c8   0x00000060   Code   RO         5698    i.enthernet_data_pro_task  app.o
    0x08005828   0x08005828   0x00000018   Code   RO        12223    i.fabs              m_wm.l(fabs.o)
    0x08005840   0x08005840   0x00000014   Code   RO         8704    i.fputc             stm32f4_sys.o
    0x08005854   0x08005854   0x00000038   Code   RO         8912    i.fun_echo          cmd.o
    0x0800588c   0x0800588c   0x00000060   Code   RO         8913    i.fun_help          cmd.o
    0x080058ec   0x080058ec   0x0000008c   Code   RO         6767    i.get_month         version.o
    0x08005978   0x08005978   0x0000001e   Code   RO         5699    i.get_que_data      app.o
    0x08005996   0x08005996   0x0000000a   Code   RO         5700    i.get_sensor_data_task  app.o
    0x080059a0   0x080059a0   0x000000b4   Code   RO         8412    i.hopper_dump       dap_motor.o
    0x08005a54   0x08005a54   0x00000016   Code   RO         5701    i.init_task         app.o
    0x08005a6a   0x08005a6a   0x00000002   PAD
    0x08005a6c   0x08005a6c   0x00000064   Code   RO         7029    i.lamp_flickering   dap_app.o
    0x08005ad0   0x08005ad0   0x00000040   Code   RO         5702    i.lcd_data_pro_task  app.o
    0x08005b10   0x08005b10   0x000001cc   Code   RO         8413    i.limit_sensor_init  dap_motor.o
    0x08005cdc   0x08005cdc   0x00000208   Code   RO         5247    i.main              main.o
    0x08005ee4   0x08005ee4   0x0000017c   Code   RO         8414    i.motor_move        dap_motor.o
    0x08006060   0x08006060   0x00000002   Code   RO         5703    i.motor_runtime_callback  app.o
    0x08006062   0x08006062   0x00000002   PAD
    0x08006064   0x08006064   0x0000006c   Code   RO         8415    i.motor_stop        dap_motor.o
    0x080060d0   0x080060d0   0x000000f4   Code   RO         8416    i.platform_motor_init  dap_motor.o
    0x080061c4   0x080061c4   0x000000c0   Code   RO         9784    i.prvAddCurrentTaskToDelayedList  tasks.o
    0x08006284   0x08006284   0x000000ec   Code   RO         9785    i.prvAddNewTaskToReadyList  tasks.o
    0x08006370   0x08006370   0x00000064   Code   RO        10154    i.prvCheckForValidListAndQueue  timers.o
    0x080063d4   0x080063d4   0x00000048   Code   RO         9786    i.prvCheckTasksWaitingTermination  tasks.o
    0x0800641c   0x0800641c   0x0000002a   Code   RO         9410    i.prvCopyDataFromQueue  queue.o
    0x08006446   0x08006446   0x0000007e   Code   RO         9411    i.prvCopyDataToQueue  queue.o
    0x080064c4   0x080064c4   0x00000012   Code   RO         9787    i.prvDeleteTCB      tasks.o
    0x080064d6   0x080064d6   0x00000002   PAD
    0x080064d8   0x080064d8   0x00000028   Code   RO        10155    i.prvGetNextExpireTime  timers.o
    0x08006500   0x08006500   0x00000070   Code   RO        10402    i.prvHeapInit       heap_4.o
    0x08006570   0x08006570   0x00000028   Code   RO         9788    i.prvIdleTask       tasks.o
    0x08006598   0x08006598   0x0000002a   Code   RO         9414    i.prvInitialiseNewQueue  queue.o
    0x080065c2   0x080065c2   0x000000cc   Code   RO         9789    i.prvInitialiseNewTask  tasks.o
    0x0800668e   0x0800668e   0x00000058   Code   RO        10156    i.prvInitialiseNewTimer  timers.o
    0x080066e6   0x080066e6   0x00000002   PAD
    0x080066e8   0x080066e8   0x00000068   Code   RO         9790    i.prvInitialiseTaskLists  tasks.o
    0x08006750   0x08006750   0x00000068   Code   RO        10403    i.prvInsertBlockIntoFreeList  heap_4.o
    0x080067b8   0x080067b8   0x00000058   Code   RO        10157    i.prvInsertTimerInActiveList  timers.o
    0x08006810   0x08006810   0x0000001a   Code   RO         9415    i.prvIsQueueEmpty   queue.o
    0x0800682a   0x0800682a   0x0000001e   Code   RO         9416    i.prvIsQueueFull    queue.o
    0x08006848   0x08006848   0x00000044   Code   RO        10158    i.prvProcessExpiredTimer  timers.o
    0x0800688c   0x0800688c   0x0000011c   Code   RO        10159    i.prvProcessReceivedCommands  timers.o
    0x080069a8   0x080069a8   0x00000074   Code   RO        10160    i.prvProcessTimerOrBlockTask  timers.o
    0x08006a1c   0x08006a1c   0x00000028   Code   RO        10161    i.prvReloadTimer    timers.o
    0x08006a44   0x08006a44   0x00000030   Code   RO         9792    i.prvResetNextTaskUnblockTime  tasks.o
    0x08006a74   0x08006a74   0x0000002c   Code   RO        10162    i.prvSampleTimeNow  timers.o
    0x08006aa0   0x08006aa0   0x00000044   Code   RO        10163    i.prvSwitchTimerLists  timers.o
    0x08006ae4   0x08006ae4   0x00000016   Code   RO         9793    i.prvTaskCheckFreeStackSpace  tasks.o
    0x08006afa   0x08006afa   0x00000002   PAD
    0x08006afc   0x08006afc   0x00000040   Code   RO        10327    i.prvTaskExitError  port.o
    0x08006b3c   0x08006b3c   0x0000001a   Code   RO        10164    i.prvTimerTask      timers.o
    0x08006b56   0x08006b56   0x0000007e   Code   RO         9417    i.prvUnlockQueue    queue.o
    0x08006bd4   0x08006bd4   0x0000012c   Code   RO        10405    i.pvPortMalloc      heap_4.o
    0x08006d00   0x08006d00   0x0000002c   Code   RO        10328    i.pxPortInitialiseStack  port.o
    0x08006d2c   0x08006d2c   0x000000ac   Code   RO         9044    i.rec_head          comm_rec.o
    0x08006dd8   0x08006dd8   0x00000050   Code   RO         9045    i.rec_sync          comm_rec.o
    0x08006e28   0x08006e28   0x00000130   Code   RO         7030    i.reset_motor       dap_app.o
    0x08006f58   0x08006f58   0x00000098   Code   RO         7031    i.responsde_cmd     dap_app.o
    0x08006ff0   0x08006ff0   0x000000fc   Code   RO         5704    i.run_task          app.o
    0x080070ec   0x080070ec   0x000000ec   Code   RO         8417    i.scraper_motor_init  dap_motor.o
    0x080071d8   0x080071d8   0x00000024   Code   RO         5944    i.set_screen        hmi_driver.o
    0x080071fc   0x080071fc   0x0000009c   Code   RO         5705    i.software_timer_task  app.o
    0x08007298   0x08007298   0x0000006e   Code   RO        12568    i.sqrt              m_wm.l(sqrt.o)
    0x08007306   0x08007306   0x00000002   PAD
    0x08007308   0x08007308   0x00000018   Code   RO         6703    i.touch_cmd_pro     ui_process.o
    0x08007320   0x08007320   0x0000001c   Code   RO         8501    i.uart1_putchar     f4_uart.o
    0x0800733c   0x0800733c   0x00000328   Code   RO         8503    i.uart_initial      f4_uart.o
    0x08007664   0x08007664   0x00000060   Code   RO         8504    i.uart_irq          f4_uart.o
    0x080076c4   0x080076c4   0x00000036   Code   RO         8505    i.uart_send         f4_uart.o
    0x080076fa   0x080076fa   0x00000002   PAD
    0x080076fc   0x080076fc   0x000000a8   Code   RO         9796    i.ulTaskGenericNotifyTake  tasks.o
    0x080077a4   0x080077a4   0x0000000a   Code   RO         5706    i.usb_disk_task     app.o
    0x080077ae   0x080077ae   0x00000002   PAD
    0x080077b0   0x080077b0   0x00000060   Code   RO         5707    i.uv_total_time_callback  app.o
    0x08007810   0x08007810   0x00000028   Code   RO         9370    i.uxListRemove      list.o
    0x08007838   0x08007838   0x0000000c   Code   RO         9798    i.uxTaskGetNumberOfTasks  tasks.o
    0x08007844   0x08007844   0x00000028   Code   RO         9799    i.uxTaskGetStackHighWaterMark  tasks.o
    0x0800786c   0x0800786c   0x0000001a   Code   RO         9371    i.vListInitialise   list.o
    0x08007886   0x08007886   0x00000006   Code   RO         9372    i.vListInitialiseItem  list.o
    0x0800788c   0x0800788c   0x00000034   Code   RO         9373    i.vListInsert       list.o
    0x080078c0   0x080078c0   0x00000054   Code   RO        10330    i.vPortEnterCritical  port.o
    0x08007914   0x08007914   0x0000003c   Code   RO        10331    i.vPortExitCritical  port.o
    0x08007950   0x08007950   0x0000008c   Code   RO        10406    i.vPortFree         heap_4.o
    0x080079dc   0x080079dc   0x00000028   Code   RO        10332    i.vPortSetupTimerInterrupt  port.o
    0x08007a04   0x08007a04   0x00000078   Code   RO        10333    i.vPortValidateInterruptPriority  port.o
    0x08007a7c   0x08007a7c   0x00000060   Code   RO         9423    i.vQueueAddToRegistry  queue.o
    0x08007adc   0x08007adc   0x0000004a   Code   RO         9427    i.vQueueWaitForMessageRestricted  queue.o
    0x08007b26   0x08007b26   0x00000002   PAD
    0x08007b28   0x08007b28   0x0000005c   Code   RO         9805    i.vTaskDelay        tasks.o
    0x08007b84   0x08007b84   0x0000018c   Code   RO         9808    i.vTaskGenericNotifyGiveFromISR  tasks.o
    0x08007d10   0x08007d10   0x00000018   Code   RO         9810    i.vTaskInternalSetTimeOutState  tasks.o
    0x08007d28   0x08007d28   0x0000000c   Code   RO         9811    i.vTaskMissedYield  tasks.o
    0x08007d34   0x08007d34   0x00000038   Code   RO         9812    i.vTaskPlaceOnEventList  tasks.o
    0x08007d6c   0x08007d6c   0x00000064   Code   RO         9813    i.vTaskPlaceOnEventListRestricted  tasks.o
    0x08007dd0   0x08007dd0   0x0000009c   Code   RO         9821    i.vTaskStartScheduler  tasks.o
    0x08007e6c   0x08007e6c   0x00000010   Code   RO         9823    i.vTaskSuspendAll   tasks.o
    0x08007e7c   0x08007e7c   0x0000008c   Code   RO         9824    i.vTaskSwitchContext  tasks.o
    0x08007f08   0x08007f08   0x000000b0   Code   RO         6768    i.version_release   version.o
    0x08007fb8   0x08007fb8   0x00000002   Code   RO         8915    i.void_cmd_out      cmd.o
    0x08007fba   0x08007fba   0x00000006   Code   RO         8707    i.void_putchar      stm32f4_sys.o
    0x08007fc0   0x08007fc0   0x00000006   Code   RO         8038    i.wifi_data_pro     wifi_driver.o
    0x08007fc6   0x08007fc6   0x00000002   PAD
    0x08007fc8   0x08007fc8   0x00000060   Code   RO         5708    i.wifi_data_pro_task  app.o
    0x08008028   0x08008028   0x00000168   Code   RO        10334    i.xPortStartScheduler  port.o
    0x08008190   0x08008190   0x00000066   Code   RO         9430    i.xQueueGenericCreate  queue.o
    0x080081f6   0x080081f6   0x00000002   PAD
    0x080081f8   0x080081f8   0x000000dc   Code   RO         9431    i.xQueueGenericReset  queue.o
    0x080082d4   0x080082d4   0x000001a8   Code   RO         9432    i.xQueueGenericSend  queue.o
    0x0800847c   0x0800847c   0x00000128   Code   RO         9433    i.xQueueGenericSendFromISR  queue.o
    0x080085a4   0x080085a4   0x00000168   Code   RO         9440    i.xQueueReceive     queue.o
    0x0800870c   0x0800870c   0x00000090   Code   RO         9826    i.xTaskCheckForTimeOut  tasks.o
    0x0800879c   0x0800879c   0x00000068   Code   RO         9827    i.xTaskCreate       tasks.o
    0x08008804   0x08008804   0x00000020   Code   RO         9834    i.xTaskGetSchedulerState  tasks.o
    0x08008824   0x08008824   0x0000000c   Code   RO         9835    i.xTaskGetTickCount  tasks.o
    0x08008830   0x08008830   0x000001bc   Code   RO         9837    i.xTaskIncrementTick  tasks.o
    0x080089ec   0x080089ec   0x000000f0   Code   RO         9838    i.xTaskPriorityDisinherit  tasks.o
    0x08008adc   0x08008adc   0x00000120   Code   RO         9840    i.xTaskRemoveFromEventList  tasks.o
    0x08008bfc   0x08008bfc   0x00000178   Code   RO         9841    i.xTaskResumeAll    tasks.o
    0x08008d74   0x08008d74   0x00000036   Code   RO        10171    i.xTimerCreate      timers.o
    0x08008daa   0x08008daa   0x00000002   PAD
    0x08008dac   0x08008dac   0x00000058   Code   RO        10172    i.xTimerCreateTimerTask  timers.o
    0x08008e04   0x08008e04   0x00000084   Code   RO        10173    i.xTimerGenericCommand  timers.o
    0x08008e88   0x08008e88   0x00000b30   Data   RO         7033    .constdata          dap_app.o
    0x080099b8   0x080099b8   0x00000018   Data   RO         8917    .constdata          cmd.o
    0x080099d0   0x080099d0   0x00000088   Data   RO        12230    .constdata          m_wm.l(pow.o)
    0x08009a58   0x08009a58   0x00000008   Data   RO        12565    .constdata          m_wm.l(qnan.o)
    0x08009a60   0x08009a60   0x00000040   Data   RO        12646    .constdata          mc_w.l(ctype_c.o)
    0x08009aa0   0x08009aa0   0x0000003d   Data   RO         8918    .conststring        cmd.o
    0x08009add   0x08009add   0x00000003   PAD
    0x08009ae0   0x08009ae0   0x00000020   Data   RO        12648    Region$$Table       anon$$obj.o


    Execution Region RW_IRAM1 (Exec base: 0x20000000, Load base: 0x08009b00, Size: 0x00018cd8, Max: 0x00020000, ABSOLUTE, COMPRESSED[0x000000c0])

    Exec Addr    Load Addr    Size         Type   Attr      Idx    E Section Name        Object

    0x20000000   COMPRESSED   0x00000014   Data   RW           16    .data               system_stm32f4xx.o
    0x20000014   COMPRESSED   0x00000064   Data   RW         5535    .data               config.o
    0x20000078   COMPRESSED   0x0000005c   Data   RW         5711    .data               app.o
    0x200000d4   COMPRESSED   0x00000018   Data   RW         6707    .data               ui_process.o
    0x200000ec   COMPRESSED   0x00000030   Data   RW         7034    .data               dap_app.o
    0x2000011c   COMPRESSED   0x00000010   Data   RW         7492    .data               sdio_sdcard.o
    0x2000012c   COMPRESSED   0x00000014   Data   RW         8041    .data               wifi_driver.o
    0x20000140   COMPRESSED   0x00000018   Data   RW         8285    .data               ethernet_driver.o
    0x20000158   COMPRESSED   0x00000058   Data   RW         8421    .data               dap_motor.o
    0x200001b0   COMPRESSED   0x00000330   Data   RW         8508    .data               f4_uart.o
    0x200004e0   COMPRESSED   0x00000010   Data   RW         8711    .data               stm32f4_sys.o
    0x200004f0   COMPRESSED   0x0000001c   Data   RW         8919    .data               cmd.o
    0x2000050c   COMPRESSED   0x00000004   Data   RW         9046    .data               comm_rec.o
    0x20000510   COMPRESSED   0x00000040   Data   RW         9844    .data               tasks.o
    0x20000550   COMPRESSED   0x00000014   Data   RW        10180    .data               timers.o
    0x20000564   COMPRESSED   0x0000000c   Data   RW        10335    .data               port.o
    0x20000570   COMPRESSED   0x0000001c   Data   RW        10412    .data               heap_4.o
    0x2000058c   COMPRESSED   0x0000001e   Data   RW        11490    .data               usbh_core.o
    0x200005aa   COMPRESSED   0x00000002   PAD
    0x200005ac   COMPRESSED   0x00000004   Data   RW        12594    .data               mc_w.l(stdout.o)
    0x200005b0   COMPRESSED   0x00000004   Data   RW        12610    .data               mc_w.l(errno.o)
    0x200005b4        -       0x0000000c   Zero   RW         5533    .bss                config.o
    0x200005c0        -       0x00000658   Zero   RW         5709    .bss                app.o
    0x20000c18        -       0x0000007b   Zero   RW         6705    .bss                ui_process.o
    0x20000c93        -       0x00000096   Zero   RW         7032    .bss                dap_app.o
    0x20000d29   COMPRESSED   0x00000007   PAD
    0x20000d30        -       0x000002c0   Zero   RW         7491    .bss                sdio_sdcard.o
    0x20000ff0        -       0x000007d0   Zero   RW         8039    .bss                wifi_driver.o
    0x200017c0        -       0x00000802   Zero   RW         8283    .bss                ethernet_driver.o
    0x20001fc2   COMPRESSED   0x00000002   PAD
    0x20001fc4        -       0x00009c68   Zero   RW         8419    .bss                dap_motor.o
    0x2000bc2c        -       0x000036b0   Zero   RW         8506    .bss                f4_uart.o
    0x2000f2dc        -       0x00000040   Zero   RW         9444    .bss                queue.o
    0x2000f31c        -       0x00000190   Zero   RW         9843    .bss                tasks.o
    0x2000f4ac        -       0x00000028   Zero   RW        10179    .bss                timers.o
    0x2000f4d4        -       0x00007800   Zero   RW        10411    .bss                heap_4.o
    0x20016cd4   COMPRESSED   0x00000004   PAD
    0x20016cd8        -       0x00002000   Zero   RW            1    STACK               startup_stm32f40_41xxx.o


==============================================================================

Image component sizes


      Code (inc. data)   RO Data    RW Data    ZI Data      Debug   Object Name

         0          0          0          0          0       1492   aos_crc64.o
       898        156          0         92       1624       9577   app.o
       214         50         85         28          0       4276   cmd.o
        64          0          0          0          0       1137   com_fun.o
       252          4          0          4          0       2250   comm_rec.o
         0          0          0        100         12      16442   config.o
      3126        182       2864         48        150       8064   dap_app.o
      3360        206          0         88      40040       9591   dap_motor.o
        40         10          0          0          0        454   dwt_delay.o
         6          0          0         24       2050       2885   ethernet_driver.o
         0          0          0          0          0      13316   event_groups.o
      1602        156          0        816      14000      18116   f4_uart.o
       656         58          0         28      30720       5215   heap_4.o
       116         10          0          0          0       8222   hmi_driver.o
       124          0          0          0          0       2769   list.o
       520        256          0          0          0      59582   main.o
       120         14          0          0          0        980   misc.o
       212          0          0          0          0       2644   my_queue.o
      1014         92          0         12          0      11909   port.o
      1964         20          0          0         64      17038   queue.o
       448         28          0         16        704      11346   sdio_sdcard.o
        60         12          0          0          0        498   spi.o
        36          8        392          0       8192        856   startup_stm32f40_41xxx.o
       860         48          0         16          0       6610   stm32f4_sys.o
       174         32          0          0          0       3084   stm32f4xx_dma.o
        70          0          0          0          0       1003   stm32f4xx_gpio.o
        20          0          0          0          0       2689   stm32f4xx_it.o
        64         12          0          0          0       1154   stm32f4xx_rcc.o
        80         14          0          0          0       3441   stm32f4xx_sdio.o
       440         38          0          0          0       6656   stm32f4xx_tim.o
       340         32          0         20          0     307997   system_stm32f4xx.o
      3788        402          0         64        400      32529   tasks.o
        24          4          0          0          0       2438   tim.o
      1236        116          0         20         40      28686   timers.o
        24          4          0         24        123       5658   ui_process.o
         2          0          0          0          0        852   usb_bsp.o
       460          0          0          0          0       7086   usb_core.o
      3710         16          0          0          0      10547   usb_hcd_int.o
        82          0          0         30          0       6541   usbh_core.o
        16          6          0          0          0        484   usbh_usr.o
       316         60          0          0          0       1478   version.o
         6          0          0         20       2000       1231   wifi_driver.o

    ----------------------------------------------------------------------
     26586       2046       3376       1452     100132     638823   Object Totals
         0          0         32          0          0          0   (incl. Generated)
        42          0          3          2         13          0   (incl. Padding)

    ----------------------------------------------------------------------

      Code (inc. data)   RO Data    RW Data    ZI Data      Debug   Library Member Name

       164         44          0          0          0        620   dunder.o
        44          0          0          0          0        248   fabs.o
        48          0          0          0          0        124   fpclassify.o
       248          0          0          0          0        152   poly.o
      3152        296        136          0          0        352   pow.o
         0          0          8          0          0          0   qnan.o
       110          0          0          0          0        148   sqrt.o
        56          8          0          0          0         84   __0sscanf.o
        86          0          0          0          0          0   __dczerorl2.o
        28          0          0          0          0         68   _chval.o
       816          6          0          0          0        112   _scanf.o
       332          0          0          0          0         96   _scanf_int.o
        64          0          0          0          0         84   _sgetc.o
        40          6         64          0          0         68   ctype_c.o
         0          0          0          0          0          0   entry.o
         0          0          0          0          0          0   entry10a.o
         0          0          0          0          0          0   entry11a.o
         4          0          0          0          0          0   entry12b.o
         8          4          0          0          0          0   entry2.o
         4          0          0          0          0          0   entry5.o
         0          0          0          0          0          0   entry7b.o
         0          0          0          0          0          0   entry8b.o
         8          4          0          0          0          0   entry9a.o
        12          6          0          4          0         68   errno.o
        30          0          0          0          0          0   handlers.o
        36          8          0          0          0         68   init.o
        10          0          0          0          0         68   isspace_c.o
         0          0          0          0          0          0   iusefp.o
        30          0          0          0          0         68   llshl.o
        36          0          0          0          0         68   llsshr.o
        32          0          0          0          0         68   llushr.o
        36          0          0          0          0         68   memcpya.o
        36          0          0          0          0        108   memseta.o
      2268         96          0          0          0        616   printfa.o
        40          8          0          0          0         84   scanf_char.o
         0          0          0          4          0          0   stdout.o
        44          0          0          0          0         80   uidiv.o
        98          0          0          0          0         92   uldiv.o
        48          0          0          0          0         68   cdrcmple.o
        56          0          0          0          0         88   d2f.o
       334          0          0          0          0        148   dadd.o
       222          0          0          0          0        100   ddiv.o
       186          0          0          0          0        176   depilogue.o
        62          0          0          0          0         80   dfixi.o
        48          0          0          0          0         68   dfixul.o
        34          0          0          0          0         76   dflti.o
       228          0          0          0          0         96   dmul.o
        46          0          0          0          0         80   dscalb.o
       162          0          0          0          0        100   dsqrt.o
        38          0          0          0          0         68   f2d.o
       110          0          0          0          0        168   fepilogue.o

    ----------------------------------------------------------------------
      9510        486        208          8          0       4928   Library Totals
        16          0          0          0          0          0   (incl. Padding)

    ----------------------------------------------------------------------

      Code (inc. data)   RO Data    RW Data    ZI Data      Debug   Library Name

      3766        340        144          0          0       1644   m_wm.l
      4154        146         64          8          0       1968   mc_w.l
      1574          0          0          0          0       1316   mf_w.l

    ----------------------------------------------------------------------
      9510        486        208          8          0       4928   Library Totals

    ----------------------------------------------------------------------

==============================================================================


      Code (inc. data)   RO Data    RW Data    ZI Data      Debug   

     36096       2532       3584       1460     100132     621467   Grand Totals
     36096       2532       3584        192     100132     621467   ELF Image Totals (compressed)
     36096       2532       3584        192          0          0   ROM Totals

==============================================================================

    Total RO  Size (Code + RO Data)                39680 (  38.75kB)
    Total RW  Size (RW Data + ZI Data)            101592 (  99.21kB)
    Total ROM Size (Code + RO Data + RW Data)      39872 (  38.94kB)

==============================================================================

