Component: ARM Compiler 5.06 update 7 (build 960) Tool: armlink [4d3601]

==============================================================================

Section Cross References

    startup_stm32f40_41xxx.o(RESET) refers to startup_stm32f40_41xxx.o(STACK) for __initial_sp
    startup_stm32f40_41xxx.o(RESET) refers to startup_stm32f40_41xxx.o(.text) for Reset_Handler
    startup_stm32f40_41xxx.o(RESET) refers to stm32f4xx_it.o(i.NMI_Handler) for NMI_Handler
    startup_stm32f40_41xxx.o(RESET) refers to stm32f4xx_it.o(i.HardFault_Handler) for HardFault_Handler
    startup_stm32f40_41xxx.o(RESET) refers to stm32f4xx_it.o(i.MemManage_Handler) for MemManage_Handler
    startup_stm32f40_41xxx.o(RESET) refers to stm32f4xx_it.o(i.BusFault_Handler) for BusFault_Handler
    startup_stm32f40_41xxx.o(RESET) refers to stm32f4xx_it.o(i.UsageFault_Handler) for UsageFault_Handler
    startup_stm32f40_41xxx.o(RESET) refers to port.o(.emb_text) for SVC_Handler
    startup_stm32f40_41xxx.o(RESET) refers to stm32f4xx_it.o(i.DebugMon_Handler) for DebugMon_Handler
    startup_stm32f40_41xxx.o(RESET) refers to port.o(i.SysTick_Handler) for SysTick_Handler
    startup_stm32f40_41xxx.o(RESET) refers to spi.o(i.DMA1_Stream3_IRQHandler) for DMA1_Stream3_IRQHandler
    startup_stm32f40_41xxx.o(RESET) refers to tim.o(i.TIM3_IRQHandler) for TIM3_IRQHandler
    startup_stm32f40_41xxx.o(RESET) refers to f4_uart.o(i.USART1_IRQHandler) for USART1_IRQHandler
    startup_stm32f40_41xxx.o(RESET) refers to f4_uart.o(i.USART2_IRQHandler) for USART2_IRQHandler
    startup_stm32f40_41xxx.o(RESET) refers to f4_uart.o(i.USART3_IRQHandler) for USART3_IRQHandler
    startup_stm32f40_41xxx.o(RESET) refers to sdio_sdcard.o(i.SDIO_IRQHandler) for SDIO_IRQHandler
    startup_stm32f40_41xxx.o(RESET) refers to f4_uart.o(i.UART4_IRQHandler) for UART4_IRQHandler
    startup_stm32f40_41xxx.o(RESET) refers to f4_uart.o(i.UART5_IRQHandler) for UART5_IRQHandler
    startup_stm32f40_41xxx.o(RESET) refers to usbh_usr.o(i.OTG_FS_IRQHandler) for OTG_FS_IRQHandler
    startup_stm32f40_41xxx.o(RESET) refers to f4_uart.o(i.USART6_IRQHandler) for USART6_IRQHandler
    startup_stm32f40_41xxx.o(.text) refers to system_stm32f4xx.o(i.SystemInit) for SystemInit
    startup_stm32f40_41xxx.o(.text) refers to entry.o(.ARM.Collect$$$$00000000) for __main
    system_stm32f4xx.o(i.SystemCoreClockUpdate) refers to system_stm32f4xx.o(.data) for SystemCoreClock
    system_stm32f4xx.o(i.SystemInit) refers to system_stm32f4xx.o(i.SetSysClock) for SetSysClock
    stm32f4xx_adc.o(i.ADC_DeInit) refers to stm32f4xx_rcc.o(i.RCC_APB2PeriphResetCmd) for RCC_APB2PeriphResetCmd
    stm32f4xx_can.o(i.CAN_DeInit) refers to stm32f4xx_rcc.o(i.RCC_APB1PeriphResetCmd) for RCC_APB1PeriphResetCmd
    stm32f4xx_can.o(i.CAN_GetITStatus) refers to stm32f4xx_can.o(i.CheckITStatus) for CheckITStatus
    stm32f4xx_cryp.o(i.CRYP_DeInit) refers to stm32f4xx_rcc.o(i.RCC_AHB2PeriphResetCmd) for RCC_AHB2PeriphResetCmd
    stm32f4xx_cryp_aes.o(i.CRYP_AES_CBC) refers to stm32f4xx_cryp.o(i.CRYP_KeyStructInit) for CRYP_KeyStructInit
    stm32f4xx_cryp_aes.o(i.CRYP_AES_CBC) refers to stm32f4xx_cryp.o(i.CRYP_FIFOFlush) for CRYP_FIFOFlush
    stm32f4xx_cryp_aes.o(i.CRYP_AES_CBC) refers to stm32f4xx_cryp.o(i.CRYP_Init) for CRYP_Init
    stm32f4xx_cryp_aes.o(i.CRYP_AES_CBC) refers to stm32f4xx_cryp.o(i.CRYP_KeyInit) for CRYP_KeyInit
    stm32f4xx_cryp_aes.o(i.CRYP_AES_CBC) refers to stm32f4xx_cryp.o(i.CRYP_Cmd) for CRYP_Cmd
    stm32f4xx_cryp_aes.o(i.CRYP_AES_CBC) refers to stm32f4xx_cryp.o(i.CRYP_GetFlagStatus) for CRYP_GetFlagStatus
    stm32f4xx_cryp_aes.o(i.CRYP_AES_CBC) refers to stm32f4xx_cryp.o(i.CRYP_IVInit) for CRYP_IVInit
    stm32f4xx_cryp_aes.o(i.CRYP_AES_CBC) refers to stm32f4xx_cryp.o(i.CRYP_GetCmdStatus) for CRYP_GetCmdStatus
    stm32f4xx_cryp_aes.o(i.CRYP_AES_CBC) refers to stm32f4xx_cryp.o(i.CRYP_DataIn) for CRYP_DataIn
    stm32f4xx_cryp_aes.o(i.CRYP_AES_CBC) refers to stm32f4xx_cryp.o(i.CRYP_DataOut) for CRYP_DataOut
    stm32f4xx_cryp_aes.o(i.CRYP_AES_CCM) refers to stm32f4xx_cryp.o(i.CRYP_KeyStructInit) for CRYP_KeyStructInit
    stm32f4xx_cryp_aes.o(i.CRYP_AES_CCM) refers to stm32f4xx_cryp.o(i.CRYP_FIFOFlush) for CRYP_FIFOFlush
    stm32f4xx_cryp_aes.o(i.CRYP_AES_CCM) refers to stm32f4xx_cryp.o(i.CRYP_KeyInit) for CRYP_KeyInit
    stm32f4xx_cryp_aes.o(i.CRYP_AES_CCM) refers to stm32f4xx_cryp.o(i.CRYP_IVInit) for CRYP_IVInit
    stm32f4xx_cryp_aes.o(i.CRYP_AES_CCM) refers to stm32f4xx_cryp.o(i.CRYP_Init) for CRYP_Init
    stm32f4xx_cryp_aes.o(i.CRYP_AES_CCM) refers to stm32f4xx_cryp.o(i.CRYP_PhaseConfig) for CRYP_PhaseConfig
    stm32f4xx_cryp_aes.o(i.CRYP_AES_CCM) refers to stm32f4xx_cryp.o(i.CRYP_DataIn) for CRYP_DataIn
    stm32f4xx_cryp_aes.o(i.CRYP_AES_CCM) refers to stm32f4xx_cryp.o(i.CRYP_Cmd) for CRYP_Cmd
    stm32f4xx_cryp_aes.o(i.CRYP_AES_CCM) refers to stm32f4xx_cryp.o(i.CRYP_GetCmdStatus) for CRYP_GetCmdStatus
[...]
    USBH_HCD_INT_fops                        0x20000664   Data           4  usbh_core.o(.data)
    suspend_flag                             0x20000668   Data           4  usbh_core.o(.data)
    MSC_Setup                                0x2000068c   Data           8  usbh_msc_core.o(.data)
    MSCErrorCount                            0x20000694   Data           1  usbh_msc_core.o(.data)
    USBH_MSC_cb                              0x20000698   Data          16  usbh_msc_core.o(.data)
    USR_Callbacks                            0x200006b0   Data          72  usbh_usr.o(.data)
    __stdout                                 0x200006f8   Data           4  stdout.o(.data)
    save_time                                0x20000700   Data          12  config.o(.bss)
    sensor_data                              0x2000070c   Data          20  app.o(.bss)
    USB_Host                                 0x20000720   Data         148  app.o(.bss)
    USB_OTG_Core                             0x200007b4   Data        1456  app.o(.bss)
    b_ctrl                                   0x20000dc8   Data          14  ui_process.o(.bss)
    r_pic_id                                 0x20000dd6   Data           9  ui_process.o(.bss)
    cure_parameter                           0x20000ddf   Data        3000  cure.o(.bss)
    exe_parameter                            0x20001997   Data          50  cure.o(.bss)
    cure                                     0x200019c9   Data          16  cure.o(.bss)
    read_buf                                 0x200019d9   Data         256  cure.o(.bss)
    user_custom                              0x20001ad9   Data        3000  custom.o(.bss)
    cur_connected_ap                         0x20002691   Data         188  wifi_use.o(.bss)
    record_ap                                0x2000274d   Data        6016  wifi_use.o(.bss)
    wifi_temp_name                           0x20003ecd   Data        6016  wifi_use.o(.bss)
    head                                     0x2000564d   Data          38  data_upload.o(.bss)
    idle_data                                0x20005673   Data         103  data_upload.o(.bss)
    cure_data_head                           0x200056da   Data          51  data_upload.o(.bss)
    upload_cure_para_data                    0x2000570d   Data         500  data_upload.o(.bss)
    cure_data_tail                           0x20005901   Data         112  data_upload.o(.bss)
    upload_data_buf                          0x20005971   Data        1000  data_upload.o(.bss)
    enthernet_flow                           0x200078d0   Data          39  ethernet_update.o(.bss)
    W25QXX_BUFFER                            0x200089be   Data        4096  w25qxx.o(.bss)
    SDIO_InitStructure                       0x200099c0   Data          24  sdio_sdcard.o(.bss)
    SDIO_CmdInitStructure                    0x200099d8   Data          20  sdio_sdcard.o(.bss)
    SDIO_DataInitStructure                   0x200099ec   Data          24  sdio_sdcard.o(.bss)
    SDCardInfo                               0x20009a28   Data          88  sdio_sdcard.o(.bss)
    SDIO_DATA_BUFFER                         0x20009a80   Data         512  sdio_sdcard.o(.bss)
    ad1_data                                 0x20009c80   Data          12  adc.o(.bss)
    ad3_data                                 0x20009c8c   Data          12  adc.o(.bss)
    led_data_buf                             0x20009c98   Data        2000  ws2812b.o(.bss)
    rgb_color                                0x2000a468   Data         128  ws2812b.o(.bss)
    wifi_pack_buf                            0x2000a4e8   Data        2000  wifi_driver.o(.bss)
    sntp_tm                                  0x2000acb8   Data          28  rtc.o(.bss)
    etherne_pack_buf                         0x2000ad06   Data        2000  ethernet_driver.o(.bss)
    eth_server_ip                            0x2000b4d6   Data          30  ethernet_driver.o(.bss)
    xQueueRegistry                           0x2000ebb8   Data          64  queue.o(.bss)
    fs                                       0x200165bc   Data          12  file_handing.o(.bss)
    fileinfo                                 0x200165c8   Data          32  file_handing.o(.bss)
    dir                                      0x200165e8   Data          36  file_handing.o(.bss)
    fdst                                     0x2001660c   Data         552  file_handing.o(.bss)
    f_user                                   0x20016834   Data         552  file_handing.o(.bss)
    f_fs                                     0x20016a5c   Data        1680  file_handing.o(.bss)
    USBH_CfgDesc                             0x2001765c   Data         512  usbh_stdreq.o(.bss)
    USBH_MSC_CBWData                         0x2001785c   Data          32  usbh_msc_bot.o(.bss)
    USBH_MSC_CSWData                         0x2001787c   Data          16  usbh_msc_bot.o(.bss)
    USBH_MSC_BOTXferParam                    0x2001788c   Data          16  usbh_msc_bot.o(.bss)
    MSC_Machine                              0x2001789c   Data          74  usbh_msc_core.o(.bss)
    USBH_MSC_Param                           0x200178e8   Data          16  usbh_msc_scsi.o(.bss)
    USBH_DataInBuffer                        0x200178f8   Data         512  usbh_msc_scsi.o(.bss)
    USBH_DataOutBuffer                       0x20017af8   Data         512  usbh_msc_scsi.o(.bss)
    __initial_sp                             0x20019cf8   Data           0  startup_stm32f40_41xxx.o(STACK)



==============================================================================

Memory Map of the image

  Image Entry point : 0x08010189

  Load Region LR_IROM1 (Base: 0x08010000, Size: 0x0001ee14, Max: 0x00050000, ABSOLUTE, COMPRESSED[0x0001e868])

    Execution Region ER_IROM1 (Exec base: 0x08010000, Load base: 0x08010000, Size: 0x0001e714, Max: 0x00050000, ABSOLUTE)

    Exec Addr    Load Addr    Size         Type   Attr      Idx    E Section Name        Object

    0x08010000   0x08010000   0x00000188   Data   RO            3    RESET               startup_stm32f40_41xxx.o
    0x08010188   0x08010188   0x00000000   Code   RO        12352  * .ARM.Collect$$$$00000000  mc_w.l(entry.o)
    0x08010188   0x08010188   0x00000004   Code   RO        12650    .ARM.Collect$$$$00000001  mc_w.l(entry2.o)
    0x0801018c   0x0801018c   0x00000004   Code   RO        12653    .ARM.Collect$$$$00000004  mc_w.l(entry5.o)
    0x08010190   0x08010190   0x00000000   Code   RO        12655    .ARM.Collect$$$$00000008  mc_w.l(entry7b.o)
    0x08010190   0x08010190   0x00000000   Code   RO        12657    .ARM.Collect$$$$0000000A  mc_w.l(entry8b.o)
    0x08010190   0x08010190   0x00000008   Code   RO        12658    .ARM.Collect$$$$0000000B  mc_w.l(entry9a.o)
    0x08010198   0x08010198   0x00000004   Code   RO        12665    .ARM.Collect$$$$0000000E  mc_w.l(entry12b.o)
    0x0801019c   0x0801019c   0x00000000   Code   RO        12660    .ARM.Collect$$$$0000000F  mc_w.l(entry10a.o)
    0x0801019c   0x0801019c   0x00000000   Code   RO        12662    .ARM.Collect$$$$00000011  mc_w.l(entry11a.o)
    0x0801019c   0x0801019c   0x00000004   Code   RO        12651    .ARM.Collect$$$$00002712  mc_w.l(entry2.o)
    0x080101a0   0x080101a0   0x000000be   Code   RO        10464    .emb_text           port.o
    0x0801025e   0x0801025e   0x00000002   PAD
    0x08010260   0x08010260   0x00000024   Code   RO            4    .text               startup_stm32f40_41xxx.o
    0x08010284   0x08010284   0x00000062   Code   RO        12355    .text               mc_w.l(ldiv.o)
    0x080102e6   0x080102e6   0x00000024   Code   RO        12357    .text               mc_w.l(memcpya.o)
    0x0801030a   0x0801030a   0x00000024   Code   RO        12361    .text               mc_w.l(memseta.o)
    0x0801032e   0x0801032e   0x00000024   Code   RO        12363    .text               mc_w.l(strstr.o)
    0x08010352   0x08010352   0x0000000e   Code   RO        12365    .text               mc_w.l(strlen.o)
    0x08010360   0x08010360   0x0000001c   Code   RO        12367    .text               mc_w.l(strcmp.o)
    0x0801037c   0x0801037c   0x0000001a   Code   RO        12369    .text               mc_w.l(memcmp.o)
    0x08010396   0x08010396   0x0000001e   Code   RO        12373    .text               mc_w.l(strncmp.o)
    0x080103b4   0x080103b4   0x00000032   Code   RO        12377    .text               mc_w.l(strncasecmp.o)
    0x080103e6   0x080103e6   0x00000002   PAD
    0x080103e8   0x080103e8   0x00000038   Code   RO        12640    .text               mc_w.l(__0sscanf.o)
    0x08010420   0x08010420   0x0000014c   Code   RO        12642    .text               mc_w.l(_scanf_int.o)
    0x0801056c   0x0801056c   0x000000e0   Code   RO        12644    .text               mc_w.l(_scanf_str.o)
    0x0801064c   0x0801064c   0x0000001a   Code   RO        12646    .text               mc_w.l(atoi.o)
    0x08010666   0x08010666   0x00000026   Code   RO        12648    .text               mf_w.l(f2d.o)
    0x0801068c   0x0801068c   0x0000002c   Code   RO        12667    .text               mc_w.l(uidiv.o)
    0x080106b8   0x080106b8   0x00000062   Code   RO        12669    .text               mc_w.l(uldiv.o)
    0x0801071a   0x0801071a   0x0000000c   Code   RO        12671    .text               mc_w.l(tolower.o)
    0x08010726   0x08010726   0x0000001c   Code   RO        12680    .text               mc_w.l(_chval.o)
    0x08010742   0x08010742   0x00000002   PAD
    0x08010744   0x08010744   0x00000028   Code   RO        12682    .text               mc_w.l(scanf_char.o)
    0x0801076c   0x0801076c   0x00000040   Code   RO        12684    .text               mc_w.l(_sgetc.o)
    0x080107ac   0x080107ac   0x00000070   Code   RO        12686    .text               mc_w.l(strtol.o)
    0x0801081c   0x0801081c   0x00000000   Code   RO        12688    .text               mc_w.l(iusefp.o)
    0x0801081c   0x0801081c   0x0000014e   Code   RO        12689    .text               mf_w.l(dadd.o)
    0x0801096a   0x0801096a   0x000000e4   Code   RO        12691    .text               mf_w.l(dmul.o)
    0x08010a4e   0x08010a4e   0x000000de   Code   RO        12693    .text               mf_w.l(ddiv.o)
    0x08010b2c   0x08010b2c   0x00000030   Code   RO        12695    .text               mf_w.l(dfixul.o)
    0x08010b5c   0x08010b5c   0x00000030   Code   RO        12697    .text               mf_w.l(cdrcmple.o)
    0x08010b8c   0x08010b8c   0x00000024   Code   RO        12699    .text               mc_w.l(init.o)
    0x08010bb0   0x08010bb0   0x0000001e   Code   RO        12701    .text               mc_w.l(llshl.o)
    0x08010bce   0x08010bce   0x00000020   Code   RO        12703    .text               mc_w.l(llushr.o)
    0x08010bee   0x08010bee   0x00000024   Code   RO        12705    .text               mc_w.l(llsshr.o)
    0x08010c12   0x08010c12   0x00000002   PAD
    0x08010c14   0x08010c14   0x00000008   Code   RO        12709    .text               mc_w.l(ctype_o.o)
    0x08010c1c   0x08010c1c   0x00000012   Code   RO        12731    .text               mc_w.l(isspace_o.o)
    0x08010c2e   0x08010c2e   0x00000002   PAD
    0x08010c30   0x08010c30   0x00000330   Code   RO        12737    .text               mc_w.l(_scanf.o)
    0x08010f60   0x08010f60   0x0000009e   Code   RO        12739    .text               mc_w.l(_strtoul.o)
    0x08010ffe   0x08010ffe   0x000000ba   Code   RO        12741    .text               mf_w.l(depilogue.o)
    0x080110b8   0x080110b8   0x00000056   Code   RO        12754    .text               mc_w.l(__dczerorl2.o)
    0x0801110e   0x0801110e   0x00000002   PAD
    0x08011110   0x08011110   0x0000018c   Code   RO         7884    i.ADC1_Config       adc.o
    0x0801129c   0x0801129c   0x00000016   Code   RO          213    i.ADC_Cmd           stm32f4xx_adc.o
    0x080112b2   0x080112b2   0x00000002   PAD
    0x080112b4   0x080112b4   0x00000030   Code   RO          214    i.ADC_CommonInit    stm32f4xx_adc.o
    0x080112e4   0x080112e4   0x00000016   Code   RO          217    i.ADC_DMACmd        stm32f4xx_adc.o
    0x080112fa   0x080112fa   0x00000016   Code   RO          218    i.ADC_DMARequestAfterLastTransferCmd  stm32f4xx_adc.o
    0x08011310   0x08011310   0x00000054   Code   RO          233    i.ADC_Init          stm32f4xx_adc.o
    0x08011364   0x08011364   0x000000b8   Code   RO          238    i.ADC_RegularChannelConfig  stm32f4xx_adc.o
    0x0801141c   0x0801141c   0x0000000a   Code   RO          240    i.ADC_SoftwareStartConv  stm32f4xx_adc.o
    0x08011426   0x08011426   0x00000002   PAD
    0x08011428   0x08011428   0x0000002c   Code   RO          243    i.ADC_TempSensorVrefintCmd  stm32f4xx_adc.o
    0x08011454   0x08011454   0x0000004a   Code   RO         5814    i.AnimationPause    hmi_driver.o
    0x0801149e   0x0801149e   0x0000004a   Code   RO         5818    i.AnimationStart    hmi_driver.o
    0x080114e8   0x080114e8   0x00000024   Code   RO         5820    i.BatchBegin        hmi_driver.o
    0x0801150c   0x0801150c   0x0000001c   Code   RO         5821    i.BatchEnd          hmi_driver.o
    0x08011528   0x08011528   0x00000026   Code   RO         5822    i.BatchSetButtonValue  hmi_driver.o
    0x0801154e   0x0801154e   0x00000004   Code   RO         5164    i.BusFault_Handler  stm32f4xx_it.o
    0x08011552   0x08011552   0x00000030   Code   RO         7673    i.CmdError          sdio_sdcard.o
    0x08011582   0x08011582   0x00000002   PAD
    0x08011584   0x08011584   0x00000064   Code   RO         7674    i.CmdResp1Error     sdio_sdcard.o
    0x080115e8   0x080115e8   0x00000054   Code   RO         7675    i.CmdResp2Error     sdio_sdcard.o
    0x0801163c   0x0801163c   0x00000038   Code   RO         7676    i.CmdResp3Error     sdio_sdcard.o
    0x08011674   0x08011674   0x00000094   Code   RO         7677    i.CmdResp6Error     sdio_sdcard.o
    0x08011708   0x08011708   0x0000004c   Code   RO         7678    i.CmdResp7Error     sdio_sdcard.o
    0x08011754   0x08011754   0x0000003c   Code   RO         7319    i.DMA1_Stream3_IRQHandler  spi.o
    0x08011790   0x08011790   0x00000034   Code   RO         1232    i.DMA_ClearFlag     stm32f4xx_dma.o
    0x080117c4   0x080117c4   0x00000016   Code   RO         1234    i.DMA_Cmd           stm32f4xx_dma.o
    0x080117da   0x080117da   0x00000002   PAD
    0x080117dc   0x080117dc   0x00000158   Code   RO         1235    i.DMA_DeInit        stm32f4xx_dma.o
    0x08011934   0x08011934   0x00000016   Code   RO         1238    i.DMA_FlowControllerConfig  stm32f4xx_dma.o
    0x0801194a   0x0801194a   0x00000014   Code   RO         1239    i.DMA_GetCmdStatus  stm32f4xx_dma.o
    0x0801195e   0x0801195e   0x00000002   PAD
    0x08011960   0x08011960   0x00000044   Code   RO         1243    i.DMA_GetFlagStatus  stm32f4xx_dma.o
    0x080119a4   0x080119a4   0x00000064   Code   RO         1244    i.DMA_GetITStatus   stm32f4xx_dma.o
    0x08011a08   0x08011a08   0x00000058   Code   RO         1246    i.DMA_Init          stm32f4xx_dma.o
    0x08011a60   0x08011a60   0x00000004   Code   RO         1249    i.DMA_SetCurrDataCounter  stm32f4xx_dma.o
    0x08011a64   0x08011a64   0x00000002   Code   RO         5165    i.DebugMon_Handler  stm32f4xx_it.o
    0x08011a66   0x08011a66   0x00000002   PAD
    0x08011a68   0x08011a68   0x00000080   Code   RO        11165    i.DeleteDirectoryFiles  file_handing.o
    0x08011ae8   0x08011ae8   0x00000194   Code   RO         7679    i.FindSCR           sdio_sdcard.o
    0x08011c7c   0x08011c7c   0x000000ba   Code   RO         7934    i.FineTab           ntc.o
    0x08011d36   0x08011d36   0x00000002   PAD
    0x08011d38   0x08011d38   0x0000005c   Code   RO        11089    i.GBKtoUNICODE      mycc936.o
    0x08011d94   0x08011d94   0x00000040   Code   RO         8838    i.GPIO_AF_Set       stm32f4_sys.o
    0x08011dd4   0x08011dd4   0x00000090   Code   RO         2034    i.GPIO_Init         stm32f4xx_gpio.o
    0x08011e64   0x08011e64   0x00000046   Code   RO         2035    i.GPIO_PinAFConfig  stm32f4xx_gpio.o
    0x08011eaa   0x08011eaa   0x000000de   Code   RO         8839    i.GPIO_Set          stm32f4_sys.o
    0x08011f88   0x08011f88   0x0000000a   Code   RO        11449    i.HCD_GetCurrentFrame  usb_hcd.o
    0x08011f92   0x08011f92   0x00000014   Code   RO        11450    i.HCD_GetCurrentSpeed  usb_hcd.o
    0x08011fa6   0x08011fa6   0x0000000a   Code   RO        11452    i.HCD_GetURB_State  usb_hcd.o
    0x08011fb0   0x08011fb0   0x0000000c   Code   RO        11453    i.HCD_GetXferCnt    usb_hcd.o
    0x08011fbc   0x08011fbc   0x00000060   Code   RO        11455    i.HCD_Init          usb_hcd.o
    0x0801201c   0x0801201c   0x00000008   Code   RO        11456    i.HCD_IsDeviceConnected  usb_hcd.o
    0x08012024   0x08012024   0x00000008   Code   RO        11457    i.HCD_IsPortEnabled  usb_hcd.o
    0x0801202c   0x0801202c   0x0000000e   Code   RO        11458    i.HCD_ResetPort     usb_hcd.o
    0x0801203a   0x0801203a   0x00000020   Code   RO        11459    i.HCD_SubmitRequest  usb_hcd.o
    0x0801205a   0x0801205a   0x00000004   Code   RO         5166    i.HardFault_Handler  stm32f4xx_it.o
    0x0801205e   0x0801205e   0x00000002   PAD
    0x08012060   0x08012060   0x000000a0   Code   RO         7680    i.IsCardProgramming  sdio_sdcard.o
    0x08012100   0x08012100   0x00000078   Code   RO         8841    i.MY_NVIC_Init      stm32f4_sys.o
    0x08012178   0x08012178   0x00000028   Code   RO         8842    i.MY_NVIC_PriorityGroupConfig  stm32f4_sys.o
    0x080121a0   0x080121a0   0x00000010   Code   RO         8843    i.MY_NVIC_SetVectorTable  stm32f4_sys.o
    0x080121b0   0x080121b0   0x00000004   Code   RO         5167    i.MemManage_Handler  stm32f4xx_it.o
    0x080121b4   0x080121b4   0x00000002   Code   RO         5168    i.NMI_Handler       stm32f4xx_it.o
    0x080121b6   0x080121b6   0x00000002   PAD
    0x080121b8   0x080121b8   0x00000078   Code   RO          155    i.NVIC_Init         misc.o
    0x08012230   0x08012230   0x00000010   Code   RO        12190    i.OTG_FS_IRQHandler  usbh_usr.o
    0x08012240   0x08012240   0x0000000c   Code   RO         2825    i.PWR_BackupAccessCmd  stm32f4xx_pwr.o
    0x0801224c   0x0801224c   0x00000058   Code   RO         9218    i.Queue_get_1       my_queue.o
    0x080122a4   0x080122a4   0x00000026   Code   RO         9219    i.Queue_ini         my_queue.o
    0x080122ca   0x080122ca   0x00000056   Code   RO         9222    i.Queue_set_1       my_queue.o
    0x08012320   0x08012320   0x00000020   Code   RO         2960    i.RCC_AHB1PeriphClockCmd  stm32f4xx_rcc.o
    0x08012340   0x08012340   0x00000020   Code   RO         2963    i.RCC_AHB2PeriphClockCmd  stm32f4xx_rcc.o
    0x08012360   0x08012360   0x00000020   Code   RO         2969    i.RCC_APB1PeriphClockCmd  stm32f4xx_rcc.o
    0x08012380   0x08012380   0x00000020   Code   RO         2971    i.RCC_APB1PeriphResetCmd  stm32f4xx_rcc.o
    0x080123a0   0x080123a0   0x00000020   Code   RO         2972    i.RCC_APB2PeriphClockCmd  stm32f4xx_rcc.o
    0x080123c0   0x080123c0   0x00000020   Code   RO         2974    i.RCC_APB2PeriphResetCmd  stm32f4xx_rcc.o
    0x080123e0   0x080123e0   0x00000040   Code   RO         2982    i.RCC_GetFlagStatus  stm32f4xx_rcc.o
    0x08012420   0x08012420   0x0000002c   Code   RO         2990    i.RCC_LSEConfig     stm32f4xx_rcc.o
    0x0801244c   0x0801244c   0x0000000c   Code   RO         3004    i.RCC_RTCCLKCmd     stm32f4xx_rcc.o
    0x08012458   0x08012458   0x0000003c   Code   RO         3005    i.RCC_RTCCLKConfig  stm32f4xx_rcc.o
    0x08012494   0x08012494   0x00000016   Code   RO         3367    i.RTC_Bcd2ToByte    stm32f4xx_rtc.o
    0x080124aa   0x080124aa   0x0000001c   Code   RO         3369    i.RTC_ByteToBcd2    stm32f4xx_rtc.o
    0x080124c6   0x080124c6   0x00000002   PAD
    0x080124c8   0x080124c8   0x00000050   Code   RO         3379    i.RTC_EnterInitMode  stm32f4xx_rtc.o
    0x08012518   0x08012518   0x00000014   Code   RO         3380    i.RTC_ExitInitMode  stm32f4xx_rtc.o
    0x0801252c   0x0801252c   0x0000004c   Code   RO         3383    i.RTC_GetDate       stm32f4xx_rtc.o
    0x08012578   0x08012578   0x00000050   Code   RO         3388    i.RTC_GetTime       stm32f4xx_rtc.o
    0x080125c8   0x080125c8   0x00000064   Code   RO         3393    i.RTC_Init          stm32f4xx_rtc.o
    0x0801262c   0x0801262c   0x00000020   Code   RO         3396    i.RTC_ReadBackupRegister  stm32f4xx_rtc.o
    0x0801264c   0x0801264c   0x000000c8   Code   RO         3399    i.RTC_SetDate       stm32f4xx_rtc.o
    0x08012714   0x08012714   0x000000d0   Code   RO         3400    i.RTC_SetTime       stm32f4xx_rtc.o
    0x080127e4   0x080127e4   0x00000024   Code   RO         8425    i.RTC_Set_Date      rtc.o
    0x08012808   0x08012808   0x00000024   Code   RO         8426    i.RTC_Set_Time      rtc.o
    0x0801282c   0x0801282c   0x00000060   Code   RO         3416    i.RTC_WaitForSynchro  stm32f4xx_rtc.o
    0x0801288c   0x0801288c   0x0000001c   Code   RO         3419    i.RTC_WriteBackupRegister  stm32f4xx_rtc.o
    0x080128a8   0x080128a8   0x000000ac   Code   RO         7681    i.SDEnWideBus       sdio_sdcard.o
    0x08012954   0x08012954   0x0000000c   Code   RO         3894    i.SDIO_ClearFlag    stm32f4xx_sdio.o
    0x08012960   0x08012960   0x00000014   Code   RO         7682    i.SDIO_Clock_Set    sdio_sdcard.o
    0x08012974   0x08012974   0x00000034   Code   RO         3900    i.SDIO_DataConfig   stm32f4xx_sdio.o
    0x080129a8   0x080129a8   0x00000018   Code   RO         3906    i.SDIO_GetFlagStatus  stm32f4xx_sdio.o
    0x080129c0   0x080129c0   0x00000010   Code   RO         3908    i.SDIO_GetPowerState  stm32f4xx_sdio.o
    0x080129d0   0x080129d0   0x00000008   Code   RO         7683    i.SDIO_IRQHandler   sdio_sdcard.o
    0x080129d8   0x080129d8   0x00000030   Code   RO         3911    i.SDIO_Init         stm32f4xx_sdio.o
    0x08012a08   0x08012a08   0x00000038   Code   RO         7684    i.SDIO_Register_Deinit  sdio_sdcard.o
    0x08012a40   0x08012a40   0x0000002c   Code   RO         3914    i.SDIO_SendCommand  stm32f4xx_sdio.o
    0x08012a6c   0x08012a6c   0x0000000c   Code   RO         3916    i.SDIO_SetPowerState  stm32f4xx_sdio.o
    0x08012a78   0x08012a78   0x00000080   Code   RO         7685    i.SD_DMA_Config     sdio_sdcard.o
    0x08012af8   0x08012af8   0x00000068   Code   RO         7686    i.SD_EnableWideBusOperation  sdio_sdcard.o
    0x08012b60   0x08012b60   0x00000310   Code   RO         7687    i.SD_GetCardInfo    sdio_sdcard.o
    0x08012e70   0x08012e70   0x00000130   Code   RO         7689    i.SD_Init           sdio_sdcard.o
    0x08012fa0   0x08012fa0   0x00000164   Code   RO         7690    i.SD_InitializeCards  sdio_sdcard.o
    0x08013104   0x08013104   0x000001e4   Code   RO         7692    i.SD_PowerON        sdio_sdcard.o
    0x080132e8   0x080132e8   0x00000154   Code   RO         7693    i.SD_ProcessIRQSrc  sdio_sdcard.o
    0x0801343c   0x0801343c   0x00000264   Code   RO         7694    i.SD_ReadBlock      sdio_sdcard.o
    0x080136a0   0x080136a0   0x00000098   Code   RO         7695    i.SD_ReadDisk       sdio_sdcard.o
    0x08013738   0x08013738   0x000002f0   Code   RO         7696    i.SD_ReadMultiBlocks  sdio_sdcard.o
    0x08013a28   0x08013a28   0x00000030   Code   RO         7697    i.SD_SelectDeselect  sdio_sdcard.o
    0x08013a58   0x08013a58   0x00000018   Code   RO         7699    i.SD_SetDeviceMode  sdio_sdcard.o
    0x08013a70   0x08013a70   0x00000384   Code   RO         7700    i.SD_WriteBlock     sdio_sdcard.o
    0x08013df4   0x08013df4   0x00000098   Code   RO         7701    i.SD_WriteDisk      sdio_sdcard.o
    0x08013e8c   0x08013e8c   0x000003cc   Code   RO         7702    i.SD_WriteMultiBlocks  sdio_sdcard.o
    0x08014258   0x08014258   0x00000060   Code   RO         7321    i.SPI2_ReadWriteByte  spi.o
    0x080142b8   0x080142b8   0x00000018   Code   RO         4118    i.SPI_Cmd           stm32f4xx_spi.o
    0x080142d0   0x080142d0   0x000000b0   Code   RO         4125    i.SPI_I2S_DeInit    stm32f4xx_spi.o
    0x08014380   0x08014380   0x0000003c   Code   RO         4131    i.SPI_Init          stm32f4xx_spi.o
    0x080143bc   0x080143bc   0x00000020   Code   RO         5893    i.SendChar          hmi_driver.o
    0x080143dc   0x080143dc   0x00000016   Code   RO         5896    i.SendStrings       hmi_driver.o
    0x080143f2   0x080143f2   0x0000003c   Code   RO         5915    i.SetScreen         hmi_driver.o
    0x0801442e   0x0801442e   0x00000002   PAD
    0x08014430   0x08014430   0x000000ec   Code   RO           13    i.SetSysClock       system_stm32f4xx.o
    0x0801451c   0x0801451c   0x00000052   Code   RO         5922    i.SetTextValue      hmi_driver.o
    0x0801456e   0x0801456e   0x00000002   PAD
    0x08014570   0x08014570   0x00000068   Code   RO         8844    i.Stm32_Clock_Init  stm32f4_sys.o
    0x080145d8   0x080145d8   0x00000034   Code   RO        10465    i.SysTick_Handler   port.o
    0x0801460c   0x0801460c   0x0000010c   Code   RO         8845    i.Sys_Clock_Set     stm32f4_sys.o
    0x08014718   0x08014718   0x00000010   Code   RO         8846    i.Sys_Soft_Reset    stm32f4_sys.o
    0x08014728   0x08014728   0x00000068   Code   RO           15    i.SystemInit        system_stm32f4xx.o
    0x08014790   0x08014790   0x0000014c   Code   RO         7566    i.TIM3_IRQHandler   tim.o
    0x080148dc   0x080148dc   0x00000018   Code   RO         4344    i.TIM_ARRPreloadConfig  stm32f4xx_tim.o
    0x080148f4   0x080148f4   0x00000006   Code   RO         4351    i.TIM_ClearITPendingBit  stm32f4xx_tim.o
    0x080148fa   0x080148fa   0x00000018   Code   RO         4356    i.TIM_Cmd           stm32f4xx_tim.o
    0x08014912   0x08014912   0x0000001e   Code   RO         4358    i.TIM_CtrlPWMOutputs  stm32f4xx_tim.o
    0x08014930   0x08014930   0x00000012   Code   RO         4359    i.TIM_DMACmd        stm32f4xx_tim.o
    0x08014942   0x08014942   0x00000022   Code   RO         4377    i.TIM_GetITStatus   stm32f4xx_tim.o
    0x08014964   0x08014964   0x00000012   Code   RO         4381    i.TIM_ITConfig      stm32f4xx_tim.o
    0x08014976   0x08014976   0x00000002   PAD
    0x08014978   0x08014978   0x000000a4   Code   RO         4390    i.TIM_OC2Init       stm32f4xx_tim.o
    0x08014a1c   0x08014a1c   0x0000001a   Code   RO         4393    i.TIM_OC2PreloadConfig  stm32f4xx_tim.o
    0x08014a36   0x08014a36   0x00000002   PAD
    0x08014a38   0x08014a38   0x000000a0   Code   RO         4395    i.TIM_OC3Init       stm32f4xx_tim.o
    0x08014ad8   0x08014ad8   0x00000012   Code   RO         4398    i.TIM_OC3PreloadConfig  stm32f4xx_tim.o
    0x08014aea   0x08014aea   0x00000002   PAD
    0x08014aec   0x08014aec   0x00000078   Code   RO         4400    i.TIM_OC4Init       stm32f4xx_tim.o
    0x08014b64   0x08014b64   0x0000001a   Code   RO         4402    i.TIM_OC4PreloadConfig  stm32f4xx_tim.o
    0x08014b7e   0x08014b7e   0x00000002   PAD
    0x08014b80   0x08014b80   0x00000084   Code   RO         4428    i.TIM_TimeBaseInit  stm32f4xx_tim.o
    0x08014c04   0x08014c04   0x00000034   Code   RO         8634    i.UART4_IRQHandler  f4_uart.o
    0x08014c38   0x08014c38   0x00000034   Code   RO         8635    i.UART5_IRQHandler  f4_uart.o
    0x08014c6c   0x08014c6c   0x00000064   Code   RO        11090    i.UNICODEtoGBK      mycc936.o
    0x08014cd0   0x08014cd0   0x00000030   Code   RO         8636    i.USART1_IRQHandler  f4_uart.o
    0x08014d00   0x08014d00   0x00000080   Code   RO         8637    i.USART2_IRQHandler  f4_uart.o
    0x08014d80   0x08014d80   0x00000080   Code   RO         8638    i.USART3_IRQHandler  f4_uart.o
    0x08014e00   0x08014e00   0x00000080   Code   RO         8639    i.USART6_IRQHandler  f4_uart.o
    0x08014e80   0x08014e80   0x00000026   Code   RO        11709    i.USBH_Alloc_Channel  usbh_hcs.o
    0x08014ea6   0x08014ea6   0x00000060   Code   RO        11762    i.USBH_BulkReceiveData  usbh_ioreq.o
    0x08014f06   0x08014f06   0x0000005e   Code   RO        11763    i.USBH_BulkSendData  usbh_ioreq.o
    0x08014f64   0x08014f64   0x0000004c   Code   RO        11846    i.USBH_ClrFeature   usbh_stdreq.o
    0x08014fb0   0x08014fb0   0x0000000c   Code   RO        11607    i.USBH_Connected    usbh_core.o
    0x08014fbc   0x08014fbc   0x00000046   Code   RO        11764    i.USBH_CtlReceiveData  usbh_ioreq.o
    0x08015002   0x08015002   0x00000064   Code   RO        11765    i.USBH_CtlReq       usbh_ioreq.o
    0x08015066   0x08015066   0x0000006e   Code   RO        11766    i.USBH_CtlSendData  usbh_ioreq.o
    0x080150d4   0x080150d4   0x00000042   Code   RO        11767    i.USBH_CtlSendSetup  usbh_ioreq.o
    0x08015116   0x08015116   0x0000001c   Code   RO        11710    i.USBH_DeAllocate_AllChannel  usbh_hcs.o
    0x08015132   0x08015132   0x0000003a   Code   RO        11608    i.USBH_DeInit       usbh_core.o
    0x0801516c   0x0801516c   0x00000028   Code   RO        11609    i.USBH_Disconnected  usbh_core.o
    0x08015194   0x08015194   0x0000002e   Code   RO        11610    i.USBH_ErrorHandle  usbh_core.o
    0x080151c2   0x080151c2   0x0000001e   Code   RO        11711    i.USBH_Free_Channel  usbh_hcs.o
    0x080151e0   0x080151e0   0x00000044   Code   RO        11847    i.USBH_GetDescriptor  usbh_stdreq.o
    0x08015224   0x08015224   0x00000028   Code   RO        11712    i.USBH_GetFreeChannel  usbh_hcs.o
    0x0801524c   0x0801524c   0x00000012   Code   RO        11848    i.USBH_GetNextDesc  usbh_stdreq.o
    0x0801525e   0x0801525e   0x00000002   PAD
    0x08015260   0x08015260   0x0000006c   Code   RO        11849    i.USBH_Get_CfgDesc  usbh_stdreq.o
    0x080152cc   0x080152cc   0x00000038   Code   RO        11850    i.USBH_Get_DevDesc  usbh_stdreq.o
    0x08015304   0x08015304   0x0000003c   Code   RO        11851    i.USBH_Get_StringDesc  usbh_stdreq.o
    0x08015340   0x08015340   0x0000022c   Code   RO        11611    i.USBH_HandleControl  usbh_core.o
    0x0801556c   0x0801556c   0x000001e0   Code   RO        11612    i.USBH_HandleEnum   usbh_core.o
    0x0801574c   0x0801574c   0x00000046   Code   RO        11613    i.USBH_Init         usbh_core.o
    0x08015792   0x08015792   0x00000024   Code   RO        12011    i.USBH_MSC_BOTReset  usbh_msc_core.o
    0x080157b6   0x080157b6   0x00000002   PAD
    0x080157b8   0x080157b8   0x00000060   Code   RO        11962    i.USBH_MSC_BOT_Abort  usbh_msc_bot.o
    0x08015818   0x08015818   0x00000014   Code   RO        12012    i.USBH_MSC_ClassRequest  usbh_msc_core.o
    0x0801582c   0x0801582c   0x00000080   Code   RO        11963    i.USBH_MSC_DecodeCSW  usbh_msc_bot.o
    0x080158ac   0x080158ac   0x00000044   Code   RO        12013    i.USBH_MSC_ErrorHandle  usbh_msc_core.o
    0x080158f0   0x080158f0   0x0000002c   Code   RO        12014    i.USBH_MSC_GETMaxLUN  usbh_msc_core.o
    0x0801591c   0x0801591c   0x000001a8   Code   RO        12015    i.USBH_MSC_Handle   usbh_msc_core.o
    0x08015ac4   0x08015ac4   0x00000408   Code   RO        11964    i.USBH_MSC_HandleBOTXfer  usbh_msc_bot.o
    0x08015ecc   0x08015ecc   0x00000044   Code   RO        11965    i.USBH_MSC_Init     usbh_msc_bot.o
    0x08015f10   0x08015f10   0x0000004c   Code   RO        12016    i.USBH_MSC_InterfaceDeInit  usbh_msc_core.o
    0x08015f5c   0x08015f5c   0x000000d0   Code   RO        12017    i.USBH_MSC_InterfaceInit  usbh_msc_core.o
    0x0801602c   0x0801602c   0x000000d0   Code   RO        12072    i.USBH_MSC_ModeSense6  usbh_msc_scsi.o
    0x080160fc   0x080160fc   0x00000100   Code   RO        12073    i.USBH_MSC_Read10   usbh_msc_scsi.o
    0x080161fc   0x080161fc   0x000000dc   Code   RO        12074    i.USBH_MSC_ReadCapacity10  usbh_msc_scsi.o
    0x080162d8   0x080162d8   0x000000e0   Code   RO        12075    i.USBH_MSC_RequestSense  usbh_msc_scsi.o
    0x080163b8   0x080163b8   0x000000b0   Code   RO        12076    i.USBH_MSC_TestUnitReady  usbh_msc_scsi.o
    0x08016468   0x08016468   0x000000e4   Code   RO        12077    i.USBH_MSC_Write10  usbh_msc_scsi.o
    0x0801654c   0x0801654c   0x00000064   Code   RO        11713    i.USBH_Modify_Channel  usbh_hcs.o
    0x080165b0   0x080165b0   0x000000a8   Code   RO        11533    i.USBH_OTG_ISR_Handler  usb_hcd_int.o
    0x08016658   0x08016658   0x0000009a   Code   RO        11714    i.USBH_Open_Channel  usbh_hcs.o
    0x080166f2   0x080166f2   0x00000002   PAD
    0x080166f4   0x080166f4   0x00000134   Code   RO        11852    i.USBH_ParseCfgDesc  usbh_stdreq.o
    0x08016828   0x08016828   0x00000058   Code   RO        11853    i.USBH_ParseDevDesc  usbh_stdreq.o
    0x08016880   0x08016880   0x00000020   Code   RO        11854    i.USBH_ParseEPDesc  usbh_stdreq.o
    0x080168a0   0x080168a0   0x00000026   Code   RO        11855    i.USBH_ParseInterfaceDesc  usbh_stdreq.o
    0x080168c6   0x080168c6   0x00000036   Code   RO        11856    i.USBH_ParseStringDesc  usbh_stdreq.o
    0x080168fc   0x080168fc   0x0000000c   Code   RO        11614    i.USBH_PortDisabled  usbh_core.o
    0x08016908   0x08016908   0x0000000c   Code   RO        11615    i.USBH_PortEnabled  usbh_core.o
    0x08016914   0x08016914   0x000001d4   Code   RO        11616    i.USBH_Process      usbh_core.o
    0x08016ae8   0x08016ae8   0x00000006   Code   RO        11617    i.USBH_SOF          usbh_core.o
    0x08016aee   0x08016aee   0x00000026   Code   RO        11857    i.USBH_SetAddress   usbh_stdreq.o
    0x08016b14   0x08016b14   0x00000026   Code   RO        11858    i.USBH_SetCfg       usbh_stdreq.o
    0x08016b3a   0x08016b3a   0x00000018   Code   RO        11772    i.USBH_SubmitSetupRequest  usbh_ioreq.o
    0x08016b52   0x08016b52   0x00000002   PAD
    0x08016b54   0x08016b54   0x00000060   Code   RO        12191    i.USBH_UDISK_Read   usbh_usr.o
    0x08016bb4   0x08016bb4   0x00000010   Code   RO        12192    i.USBH_UDISK_Status  usbh_usr.o
    0x08016bc4   0x08016bc4   0x00000060   Code   RO        12193    i.USBH_UDISK_Write  usbh_usr.o
    0x08016c24   0x08016c24   0x0000004c   Code   RO        12194    i.USBH_USR_Configuration_DescAvailable  usbh_usr.o
    0x08016c70   0x08016c70   0x0000000c   Code   RO        12195    i.USBH_USR_DeInit   usbh_usr.o
    0x08016c7c   0x08016c7c   0x00000020   Code   RO        12196    i.USBH_USR_DeviceAddressAssigned  usbh_usr.o
    0x08016c9c   0x08016c9c   0x00000078   Code   RO        12197    i.USBH_USR_DeviceAttached  usbh_usr.o
    0x08016d14   0x08016d14   0x0000006c   Code   RO        12198    i.USBH_USR_DeviceDisconnected  usbh_usr.o
    0x08016d80   0x08016d80   0x00000050   Code   RO        12199    i.USBH_USR_DeviceNotSupported  usbh_usr.o
    0x08016dd0   0x08016dd0   0x00000078   Code   RO        12200    i.USBH_USR_DeviceSpeedDetected  usbh_usr.o
    0x08016e48   0x08016e48   0x00000038   Code   RO        12201    i.USBH_USR_Device_DescAvailable  usbh_usr.o
    0x08016e80   0x08016e80   0x00000020   Code   RO        12202    i.USBH_USR_EnumerationDone  usbh_usr.o
    0x08016ea0   0x08016ea0   0x00000070   Code   RO        12203    i.USBH_USR_Init     usbh_usr.o
    0x08016f10   0x08016f10   0x00000054   Code   RO        12204    i.USBH_USR_MSC_Application  usbh_usr.o
    0x08016f64   0x08016f64   0x00000024   Code   RO        12205    i.USBH_USR_Manufacturer_String  usbh_usr.o
    0x08016f88   0x08016f88   0x00000020   Code   RO        12206    i.USBH_USR_OverCurrentDetected  usbh_usr.o
    0x08016fa8   0x08016fa8   0x00000020   Code   RO        12207    i.USBH_USR_Product_String  usbh_usr.o
    0x08016fc8   0x08016fc8   0x0000001c   Code   RO        12208    i.USBH_USR_ResetDevice  usbh_usr.o
    0x08016fe4   0x08016fe4   0x00000024   Code   RO        12209    i.USBH_USR_SerialNum_String  usbh_usr.o
    0x08017008   0x08017008   0x00000024   Code   RO        12210    i.USBH_USR_UnrecoveredError  usbh_usr.o
    0x0801702c   0x0801702c   0x00000020   Code   RO        12211    i.USBH_USR_UserInput  usbh_usr.o
    0x0801704c   0x0801704c   0x00000002   Code   RO        12133    i.USB_OTG_BSP_ConfigVBUS  usb_bsp.o
    0x0801704e   0x0801704e   0x00000002   Code   RO        12134    i.USB_OTG_BSP_DriveVBUS  usb_bsp.o
    0x08017050   0x08017050   0x00000022   Code   RO        12135    i.USB_OTG_BSP_EnableInterrupt  usb_bsp.o
    0x08017072   0x08017072   0x00000002   PAD
    0x08017074   0x08017074   0x0000005c   Code   RO        12136    i.USB_OTG_BSP_Init  usb_bsp.o
    0x080170d0   0x080170d0   0x0000000c   Code   RO        12137    i.USB_OTG_BSP_mDelay  usb_bsp.o
    0x080170dc   0x080170dc   0x0000000c   Code   RO        12138    i.USB_OTG_BSP_uDelay  usb_bsp.o
    0x080170e8   0x080170e8   0x00000126   Code   RO        11259    i.USB_OTG_CoreInit  usb_core.o
    0x0801720e   0x0801720e   0x000000d6   Code   RO        11260    i.USB_OTG_CoreInitHost  usb_core.o
    0x080172e4   0x080172e4   0x00000070   Code   RO        11261    i.USB_OTG_CoreReset  usb_core.o
    0x08017354   0x08017354   0x00000022   Code   RO        11262    i.USB_OTG_DisableGlobalInt  usb_core.o
    0x08017376   0x08017376   0x0000005c   Code   RO        11263    i.USB_OTG_DriveVbus  usb_core.o
    0x080173d2   0x080173d2   0x00000034   Code   RO        11264    i.USB_OTG_EnableCommonInt  usb_core.o
    0x08017406   0x08017406   0x00000022   Code   RO        11265    i.USB_OTG_EnableGlobalInt  usb_core.o
    0x08017428   0x08017428   0x00000084   Code   RO        11266    i.USB_OTG_EnableHostInt  usb_core.o
    0x080174ac   0x080174ac   0x0000004c   Code   RO        11267    i.USB_OTG_FlushRxFifo  usb_core.o
    0x080174f8   0x080174f8   0x00000054   Code   RO        11268    i.USB_OTG_FlushTxFifo  usb_core.o
    0x0801754c   0x0801754c   0x0000000c   Code   RO        11269    i.USB_OTG_GetMode   usb_core.o
    0x08017558   0x08017558   0x0000005a   Code   RO        11270    i.USB_OTG_HC_DoPing  usb_core.o
    0x080175b2   0x080175b2   0x0000009a   Code   RO        11271    i.USB_OTG_HC_Halt   usb_core.o
    0x0801764c   0x0801764c   0x00000238   Code   RO        11272    i.USB_OTG_HC_Init   usb_core.o
    0x08017884   0x08017884   0x000001f6   Code   RO        11273    i.USB_OTG_HC_StartXfer  usb_core.o
    0x08017a7a   0x08017a7a   0x00000018   Code   RO        11274    i.USB_OTG_InitFSLSPClkSel  usb_core.o
    0x08017a92   0x08017a92   0x00000010   Code   RO        11276    i.USB_OTG_IsEvenFrame  usb_core.o
    0x08017aa2   0x08017aa2   0x00000014   Code   RO        11277    i.USB_OTG_IsHostMode  usb_core.o
    0x08017ab6   0x08017ab6   0x00000010   Code   RO        11278    i.USB_OTG_ReadCoreItr  usb_core.o
    0x08017ac6   0x08017ac6   0x00000030   Code   RO        11279    i.USB_OTG_ReadHPRT0  usb_core.o
    0x08017af6   0x08017af6   0x00000008   Code   RO        11280    i.USB_OTG_ReadHostAllChannels_intr  usb_core.o
    0x08017afe   0x08017afe   0x00000028   Code   RO        11282    i.USB_OTG_ReadPacket  usb_core.o
    0x08017b26   0x08017b26   0x00000040   Code   RO        11283    i.USB_OTG_ResetPort  usb_core.o
    0x08017b66   0x08017b66   0x00000002   PAD
    0x08017b68   0x08017b68   0x000000d0   Code   RO        11284    i.USB_OTG_SelectCore  usb_core.o
    0x08017c38   0x08017c38   0x0000004e   Code   RO        11285    i.USB_OTG_SetCurrentMode  usb_core.o
    0x08017c86   0x08017c86   0x00000002   PAD
    0x08017c88   0x08017c88   0x0000002c   Code   RO        11534    i.USB_OTG_USBH_handle_Disconnect_ISR  usb_hcd_int.o
    0x08017cb4   0x08017cb4   0x00000046   Code   RO        11535    i.USB_OTG_USBH_handle_IncompletePeriodicXfer_ISR  usb_hcd_int.o
    0x08017cfa   0x08017cfa   0x00000056   Code   RO        11536    i.USB_OTG_USBH_handle_hc_ISR  usb_hcd_int.o
    0x08017d50   0x08017d50   0x0000041e   Code   RO        11537    i.USB_OTG_USBH_handle_hc_n_In_ISR  usb_hcd_int.o
    0x0801816e   0x0801816e   0x000003b8   Code   RO        11538    i.USB_OTG_USBH_handle_hc_n_Out_ISR  usb_hcd_int.o
    0x08018526   0x08018526   0x00000136   Code   RO        11539    i.USB_OTG_USBH_handle_nptxfempty_ISR  usb_hcd_int.o
    0x0801865c   0x0801865c   0x0000013c   Code   RO        11540    i.USB_OTG_USBH_handle_port_ISR  usb_hcd_int.o
    0x08018798   0x08018798   0x00000136   Code   RO        11541    i.USB_OTG_USBH_handle_ptxfempty_ISR  usb_hcd_int.o
    0x080188ce   0x080188ce   0x00000164   Code   RO        11542    i.USB_OTG_USBH_handle_rx_qlvl_ISR  usb_hcd_int.o
    0x08018a32   0x08018a32   0x00000002   PAD
    0x08018a34   0x08018a34   0x0000002c   Code   RO        11543    i.USB_OTG_USBH_handle_sof_ISR  usb_hcd_int.o
    0x08018a60   0x08018a60   0x0000003e   Code   RO        11287    i.USB_OTG_WritePacket  usb_core.o
    0x08018a9e   0x08018a9e   0x00000002   PAD
    0x08018aa0   0x08018aa0   0x00000068   Code   RO        11166    i.USH_User_App      file_handing.o
    0x08018b08   0x08018b08   0x00000004   Code   RO         5169    i.UsageFault_Handler  stm32f4xx_it.o
    0x08018b0c   0x08018b0c   0x00000048   Code   RO         7419    i.W25QXX_Erase_Sector  w25qxx.o
    0x08018b54   0x08018b54   0x00000020   Code   RO         7420    i.W25QXX_Init       w25qxx.o
    0x08018b74   0x08018b74   0x00000050   Code   RO         7422    i.W25QXX_Read       w25qxx.o
    0x08018bc4   0x08018bc4   0x00000048   Code   RO         7423    i.W25QXX_ReadID     w25qxx.o
    0x08018c0c   0x08018c0c   0x0000002c   Code   RO         7424    i.W25QXX_ReadSR     w25qxx.o
    0x08018c38   0x08018c38   0x00000012   Code   RO         7426    i.W25QXX_Wait_Busy  w25qxx.o
    0x08018c4a   0x08018c4a   0x00000002   PAD
    0x08018c4c   0x08018c4c   0x000000b8   Code   RO         7427    i.W25QXX_Write      w25qxx.o
    0x08018d04   0x08018d04   0x00000020   Code   RO         7429    i.W25QXX_Write_Enable  w25qxx.o
    0x08018d24   0x08018d24   0x00000046   Code   RO         7430    i.W25QXX_Write_NoCheck  w25qxx.o
    0x08018d6a   0x08018d6a   0x00000002   PAD
    0x08018d6c   0x08018d6c   0x00000054   Code   RO         7431    i.W25QXX_Write_Page  w25qxx.o
    0x08018dc0   0x08018dc0   0x00000020   Code   RO        12612    i.__0printf         mc_w.l(printfa.o)
    0x08018de0   0x08018de0   0x00000028   Code   RO        12614    i.__0sprintf        mc_w.l(printfa.o)
    0x08018e08   0x08018e08   0x00000008   Code   RO        12673    i.__aeabi_errno_addr  mc_w.l(errno.o)
    0x08018e10   0x08018e10   0x0000000e   Code   RO        12748    i.__scatterload_copy  mc_w.l(handlers.o)
    0x08018e1e   0x08018e1e   0x00000002   Code   RO        12749    i.__scatterload_null  mc_w.l(handlers.o)
    0x08018e20   0x08018e20   0x0000000e   Code   RO        12750    i.__scatterload_zeroinit  mc_w.l(handlers.o)
    0x08018e2e   0x08018e2e   0x00000002   PAD
    0x08018e30   0x08018e30   0x00000184   Code   RO        12619    i._fp_digits        mc_w.l(printfa.o)
    0x08018fb4   0x08018fb4   0x000006b4   Code   RO        12620    i._printf_core      mc_w.l(printfa.o)
    0x08019668   0x08019668   0x00000024   Code   RO        12621    i._printf_post_padding  mc_w.l(printfa.o)
    0x0801968c   0x0801968c   0x0000002e   Code   RO        12622    i._printf_pre_padding  mc_w.l(printfa.o)
    0x080196ba   0x080196ba   0x0000000a   Code   RO        12624    i._sputc            mc_w.l(printfa.o)
    0x080196c4   0x080196c4   0x0000007c   Code   RO         6858    i.add_custom_info   custom.o
    0x08019740   0x08019740   0x00000200   Code   RO         6746    i.analytical_curing_parameter  cure.o
    0x08019940   0x08019940   0x0000004c   Code   RO         8130    i.blinking_orange_lamp  ws2812b.o
    0x0801998c   0x0801998c   0x0000004c   Code   RO         8131    i.blinking_red_lamp  ws2812b.o
    0x080199d8   0x080199d8   0x00000012   Code   RO         7977    i.bsp_DelayMS       dwt_delay.o
    0x080199ea   0x080199ea   0x00000002   PAD
    0x080199ec   0x080199ec   0x00000030   Code   RO         7978    i.bsp_DelayUS       dwt_delay.o
    0x08019a1c   0x08019a1c   0x00000028   Code   RO         7979    i.bsp_InitDWT       dwt_delay.o
    0x08019a44   0x08019a44   0x00000074   Code   RO         9130    i.cal_crc           com_fun.o
    0x08019ab8   0x08019ab8   0x000000fc   Code   RO         6951    i.cal_input_pro     setting.o
    0x08019bb4   0x08019bb4   0x00000114   Code   RO         5528    i.cfg_get           config.o
    0x08019cc8   0x08019cc8   0x00000064   Code   RO         5530    i.cfg_save          config.o
    0x08019d2c   0x08019d2c   0x00000090   Code   RO        10738    i.check_fs          ff.o
    0x08019dbc   0x08019dbc   0x00000014   Code   RO        10739    i.chk_chr           ff.o
    0x08019dd0   0x08019dd0   0x0000003e   Code   RO         5933    i.clear_button_all  hmi_driver.o
    0x08019e0e   0x08019e0e   0x00000032   Code   RO         5934    i.clear_button_value  hmi_driver.o
    0x08019e40   0x08019e40   0x0000004a   Code   RO         5935    i.clear_text_value  hmi_driver.o
    0x08019e8a   0x08019e8a   0x00000032   Code   RO        10740    i.clmt_clust        ff.o
    0x08019ebc   0x08019ebc   0x0000001a   Code   RO        10741    i.clust2sect        ff.o
    0x08019ed6   0x08019ed6   0x00000002   PAD
    0x08019ed8   0x08019ed8   0x00000020   Code   RO         9054    i.cmd_ini           cmd.o
    0x08019ef8   0x08019ef8   0x00000010   Code   RO         9055    i.cmd_reg           cmd.o
    0x08019f08   0x08019f08   0x00000090   Code   RO        10742    i.cmp_lfn           ff.o
    0x08019f98   0x08019f98   0x00000138   Code   RO         6952    i.control_input_pro  setting.o
    0x0801a0d0   0x0801a0d0   0x00000012   Code   RO         7703    i.convert_from_bytes_to_power_of_two  sdio_sdcard.o
    0x0801a0e2   0x0801a0e2   0x000000d6   Code   RO        10743    i.create_chain      ff.o
    0x0801a1b8   0x0801a1b8   0x00000270   Code   RO        10744    i.create_name       ff.o
    0x0801a428   0x0801a428   0x00000048   Code   RO         6747    i.cure_page_info    cure.o
    0x0801a470   0x0801a470   0x00000194   Code   RO         6748    i.cure_select       cure.o
    0x0801a604   0x0801a604   0x000000e0   Code   RO         6749    i.cure_show_text    cure.o
    0x0801a6e4   0x0801a6e4   0x0000014c   Code   RO         6750    i.cure_start        cure.o
    0x0801a830   0x0801a830   0x00000148   Code   RO         6751    i.cure_state_process  cure.o
    0x0801a978   0x0801a978   0x000000e0   Code   RO         6752    i.cure_stop         cure.o
    0x0801aa58   0x0801aa58   0x000000e0   Code   RO         6753    i.curing_continue   cure.o
    0x0801ab38   0x0801ab38   0x00000058   Code   RO         6754    i.curing_pause      cure.o
    0x0801ab90   0x0801ab90   0x00000148   Code   RO         6859    i.custom_input_pro  custom.o
    0x0801acd8   0x0801acd8   0x00000208   Code   RO         6860    i.custom_select     custom.o
    0x0801aee0   0x0801aee0   0x00000088   Code   RO         6861    i.delete_para       custom.o
    0x0801af68   0x0801af68   0x0000000c   Code   RO         9056    i.dft_cmd_out       cmd.o
    0x0801af74   0x0801af74   0x0000005c   Code   RO        10745    i.dir_alloc         ff.o
    0x0801afd0   0x0801afd0   0x000000ea   Code   RO        10746    i.dir_find          ff.o
    0x0801b0ba   0x0801b0ba   0x00000110   Code   RO        10747    i.dir_next          ff.o
    0x0801b1ca   0x0801b1ca   0x000000c4   Code   RO        10748    i.dir_read          ff.o
    0x0801b28e   0x0801b28e   0x0000012a   Code   RO        10749    i.dir_register      ff.o
    0x0801b3b8   0x0801b3b8   0x0000006a   Code   RO        10750    i.dir_remove        ff.o
    0x0801b422   0x0801b422   0x0000009e   Code   RO        10751    i.dir_sdi           ff.o
    0x0801b4c0   0x0801b4c0   0x0000003e   Code   RO        10605    i.disk_initialize   diskio.o
    0x0801b4fe   0x0801b4fe   0x00000002   PAD
    0x0801b500   0x0801b500   0x000000fc   Code   RO        10606    i.disk_ioctl        diskio.o
    0x0801b5fc   0x0801b5fc   0x0000008c   Code   RO        10607    i.disk_read         diskio.o
    0x0801b688   0x0801b688   0x00000006   Code   RO        10608    i.disk_status       diskio.o
    0x0801b68e   0x0801b68e   0x0000008c   Code   RO        10609    i.disk_write        diskio.o
    0x0801b71a   0x0801b71a   0x00000002   PAD
    0x0801b71c   0x0801b71c   0x00000044   Code   RO         5694    i.door_task         app.o
    0x0801b760   0x0801b760   0x00000534   Code   RO         7192    i.download_check_file  ota_update.o
    0x0801bc94   0x0801bc94   0x00000730   Code   RO         7193    i.download_ota_file  ota_update.o
    0x0801c3c4   0x0801c3c4   0x00000224   Code   RO         7194    i.download_parameter_file  ota_update.o
    0x0801c5e8   0x0801c5e8   0x000005d4   Code   RO         6953    i.eject_input_pro   setting.o
    0x0801cbbc   0x0801cbbc   0x00000034   Code   RO         5936    i.eject_keyboard_set  hmi_driver.o
    0x0801cbf0   0x0801cbf0   0x00000006   Code   RO         8488    i.entherne_data_pro  ethernet_driver.o
    0x0801cbf6   0x0801cbf6   0x00000002   PAD
    0x0801cbf8   0x0801cbf8   0x00000060   Code   RO         5695    i.enthernet_data_pro_task  app.o
    0x0801cc58   0x0801cc58   0x00000080   Code   RO         8225    i.esp8266_DNS       wifi_driver.o
    0x0801ccd8   0x0801ccd8   0x00000020   Code   RO         8226    i.esp8266_at_test   wifi_driver.o
    0x0801ccf8   0x0801ccf8   0x00000044   Code   RO         8227    i.esp8266_ate_config  wifi_driver.o
    0x0801cd3c   0x0801cd3c   0x00000058   Code   RO         8228    i.esp8266_connect_tcp_server  wifi_driver.o
    0x0801cd94   0x0801cd94   0x00000088   Code   RO         8229    i.esp8266_connect_udp_server  wifi_driver.o
    0x0801ce1c   0x0801ce1c   0x00000024   Code   RO         8230    i.esp8266_disconnect_ap  wifi_driver.o
    0x0801ce40   0x0801ce40   0x00000028   Code   RO         8231    i.esp8266_disconnect_server  wifi_driver.o
    0x0801ce68   0x0801ce68   0x00000058   Code   RO         8232    i.esp8266_enter_unvarnished  wifi_driver.o
    0x0801cec0   0x0801cec0   0x0000003c   Code   RO         8233    i.esp8266_exit_unvarnished  wifi_driver.o
    0x0801cefc   0x0801cefc   0x000000ac   Code   RO         8234    i.esp8266_get_ip    wifi_driver.o
    0x0801cfa8   0x0801cfa8   0x0000007c   Code   RO         8235    i.esp8266_get_ntp_time  wifi_driver.o
    0x0801d024   0x0801d024   0x00000028   Code   RO         8236    i.esp8266_hw_reset  wifi_driver.o
    0x0801d04c   0x0801d04c   0x00000050   Code   RO         8237    i.esp8266_join_ap   wifi_driver.o
    0x0801d09c   0x0801d09c   0x00000024   Code   RO         8238    i.esp8266_query_ap  wifi_driver.o
    0x0801d0c0   0x0801d0c0   0x0000006c   Code   RO         8239    i.esp8266_query_connected_ap  wifi_driver.o
    0x0801d12c   0x0801d12c   0x00000028   Code   RO         8240    i.esp8266_restore   wifi_driver.o
    0x0801d154   0x0801d154   0x00000058   Code   RO         8241    i.esp8266_send_at_cmd  wifi_driver.o
    0x0801d1ac   0x0801d1ac   0x0000005c   Code   RO         8242    i.esp8266_set_auto_connected  wifi_driver.o
    0x0801d208   0x0801d208   0x0000007c   Code   RO         8244    i.esp8266_set_mode  wifi_driver.o
    0x0801d284   0x0801d284   0x00000030   Code   RO         8245    i.esp8266_set_ntp   wifi_driver.o
    0x0801d2b4   0x0801d2b4   0x00000024   Code   RO         8246    i.esp8266_sw_reset  wifi_driver.o
    0x0801d2d8   0x0801d2d8   0x00000024   Code   RO         8247    i.esp8266_uart_tx   wifi_driver.o
    0x0801d2fc   0x0801d2fc   0x00000558   Code   RO         7248    i.eth_download_check_file  ethernet_update.o
    0x0801d854   0x0801d854   0x0000072c   Code   RO         7249    i.eth_download_update_file  ethernet_update.o
    0x0801df80   0x0801df80   0x000006e4   Code   RO         7250    i.eth_update_process  ethernet_update.o
    0x0801e664   0x0801e664   0x00000020   Code   RO         8489    i.ethernet_h_reset  ethernet_driver.o
    0x0801e684   0x0801e684   0x0000019c   Code   RO         8490    i.ethernet_module_run  ethernet_driver.o
    0x0801e820   0x0801e820   0x0000004a   Code   RO        11168    i.exf_getfree       file_handing.o
    0x0801e86a   0x0801e86a   0x00000024   Code   RO        10753    i.f_close           ff.o
    0x0801e88e   0x0801e88e   0x00000016   Code   RO        10754    i.f_closedir        ff.o
    0x0801e8a4   0x0801e8a4   0x00000102   Code   RO        10755    i.f_getfree         ff.o
    0x0801e9a6   0x0801e9a6   0x00000052   Code   RO        10757    i.f_gets            ff.o
    0x0801e9f8   0x0801e9f8   0x0000017c   Code   RO        10759    i.f_mkdir           ff.o
    0x0801eb74   0x0801eb74   0x00000640   Code   RO        10760    i.f_mkfs            ff.o
    0x0801f1b4   0x0801f1b4   0x0000005c   Code   RO        10761    i.f_mount           ff.o
    0x0801f210   0x0801f210   0x00000180   Code   RO        10762    i.f_open            ff.o
    0x0801f390   0x0801f390   0x00000088   Code   RO        10763    i.f_opendir         ff.o
    0x0801f418   0x0801f418   0x000001b0   Code   RO        10767    i.f_read            ff.o
    0x0801f5c8   0x0801f5c8   0x00000072   Code   RO        10768    i.f_readdir         ff.o
    0x0801f63a   0x0801f63a   0x00000054   Code   RO        10771    i.f_stat            ff.o
    0x0801f68e   0x0801f68e   0x000000b0   Code   RO        10772    i.f_sync            ff.o
    0x0801f73e   0x0801f73e   0x000000c2   Code   RO        10774    i.f_unlink          ff.o
    0x0801f800   0x0801f800   0x000001ea   Code   RO        10776    i.f_write           ff.o
    0x0801f9ea   0x0801f9ea   0x00000026   Code   RO        11091    i.ff_convert        mycc936.o
    0x0801fa10   0x0801fa10   0x0000000c   Code   RO        10610    i.ff_memalloc       diskio.o
    0x0801fa1c   0x0801fa1c   0x0000000c   Code   RO        10611    i.ff_memfree        diskio.o
    0x0801fa28   0x0801fa28   0x00000038   Code   RO        11092    i.ff_wtoupper       mycc936.o
    0x0801fa60   0x0801fa60   0x0000011c   Code   RO         8248    i.file_header_request  wifi_driver.o
    0x0801fb7c   0x0801fb7c   0x00000388   Code   RO        10777    i.find_volume       ff.o
    0x0801ff04   0x0801ff04   0x00000080   Code   RO        10778    i.fit_lfn           ff.o
    0x0801ff84   0x0801ff84   0x00000090   Code   RO        10779    i.follow_path       ff.o
    0x08020014   0x08020014   0x00000014   Code   RO         8849    i.fputc             stm32f4_sys.o
    0x08020028   0x08020028   0x00000038   Code   RO         9057    i.fun_echo          cmd.o
    0x08020060   0x08020060   0x00000060   Code   RO         9058    i.fun_help          cmd.o
    0x080200c0   0x080200c0   0x000000c8   Code   RO        10780    i.gen_numname       ff.o
    0x08020188   0x08020188   0x000000a8   Code   RO         6755    i.get_cure_file     cure.o
    0x08020230   0x08020230   0x000000e8   Code   RO        10781    i.get_fat           ff.o
    0x08020318   0x08020318   0x00000008   Code   RO        10612    i.get_fattime       diskio.o
    0x08020320   0x08020320   0x0000010c   Code   RO        10782    i.get_fileinfo      ff.o
    0x0802042c   0x0802042c   0x00000064   Code   RO         7887    i.get_io_voltage    adc.o
    0x08020490   0x08020490   0x0000004a   Code   RO        10783    i.get_ldnumber      ff.o
    0x080204da   0x080204da   0x00000002   PAD
    0x080204dc   0x080204dc   0x0000008c   Code   RO         7032    i.get_month         version.o
    0x08020568   0x08020568   0x0000001e   Code   RO         5696    i.get_que_data      app.o
    0x08020586   0x08020586   0x00000002   PAD
    0x08020588   0x08020588   0x0000006c   Code   RO         5697    i.get_sensor_data_task  app.o
    0x080205f4   0x080205f4   0x00000026   Code   RO         6756    i.get_str_num       cure.o
    0x0802061a   0x0802061a   0x00000002   PAD
    0x0802061c   0x0802061c   0x00000234   Code   RO         7936    i.get_temperature   ntc.o
    0x08020850   0x08020850   0x00000058   Code   RO         8427    i.getmonth          rtc.o
    0x080208a8   0x080208a8   0x00000058   Code   RO         8428    i.getweekday        rtc.o
    0x08020900   0x08020900   0x000001cc   Code   RO         7292    i.gpio_init         led.o
    0x08020acc   0x08020acc   0x0000004c   Code   RO         8132    i.green_breathing_light  ws2812b.o
    0x08020b18   0x08020b18   0x0000011c   Code   RO         6954    i.hidden_function_screen  setting.o
    0x08020c34   0x08020c34   0x000000a8   Code   RO         6955    i.hidden_function_screen_two  setting.o
    0x08020cdc   0x08020cdc   0x0000030c   Code   RO         5698    i.init_task         app.o
    0x08020fe8   0x08020fe8   0x0000006c   Code   RO         6862    i.input_curing_time  custom.o
    0x08021054   0x08021054   0x00000040   Code   RO         5699    i.lcd_data_pro_task  app.o
    0x08021094   0x08021094   0x00000020   Code   RO        10784    i.ld_clust          ff.o
    0x080210b4   0x080210b4   0x000000f4   Code   RO         8134    i.led_single_show   ws2812b.o
    0x080211a8   0x080211a8   0x0000022c   Code   RO         5247    i.main              main.o
    0x080213d4   0x080213d4   0x00000026   Code   RO        10785    i.mem_cmp           ff.o
    0x080213fa   0x080213fa   0x0000001a   Code   RO        10786    i.mem_cpy           ff.o
    0x08021414   0x08021414   0x00000134   Code   RO        11170    i.mem_mount         file_handing.o
    0x08021548   0x08021548   0x00000014   Code   RO        10787    i.mem_set           ff.o
    0x0802155c   0x0802155c   0x00000040   Code   RO         7567    i.motor_ctrl_on     tim.o
    0x0802159c   0x0802159c   0x00000078   Code   RO         5700    i.motor_runtime_callback  app.o
    0x08021614   0x08021614   0x00000032   Code   RO        10788    i.move_window       ff.o
    0x08021646   0x08021646   0x00000002   PAD
    0x08021648   0x08021648   0x000000a4   Code   RO        11173    i.my_copyfile       file_handing.o
    0x080216ec   0x080216ec   0x0000008a   Code   RO         8429    i.my_rtc_init       rtc.o
    0x08021776   0x08021776   0x00000002   PAD
    0x08021778   0x08021778   0x000003bc   Code   RO         7152    i.netword_package_upload  data_upload.o
    0x08021b34   0x08021b34   0x000007a8   Code   RO         7195    i.ota_run_process   ota_update.o
    0x080222dc   0x080222dc   0x00000084   Code   RO         7153    i.p_data_upload     data_upload.o
    0x08022360   0x08022360   0x00000248   Code   RO         7064    i.parse_ap_name     wifi_use.o
    0x080225a8   0x080225a8   0x00000074   Code   RO        10789    i.pick_lfn          ff.o
    0x0802261c   0x0802261c   0x00000024   Code   RO         6695    i.pop_tips          ui_process.o
    0x08022640   0x08022640   0x00000080   Code   RO         6696    i.pop_up_main       ui_process.o
    0x080226c0   0x080226c0   0x000000c0   Code   RO         9923    i.prvAddCurrentTaskToDelayedList  tasks.o
    0x08022780   0x08022780   0x000000ec   Code   RO         9924    i.prvAddNewTaskToReadyList  tasks.o
    0x0802286c   0x0802286c   0x00000064   Code   RO        10293    i.prvCheckForValidListAndQueue  timers.o
    0x080228d0   0x080228d0   0x00000048   Code   RO         9925    i.prvCheckTasksWaitingTermination  tasks.o
    0x08022918   0x08022918   0x0000002a   Code   RO         9549    i.prvCopyDataFromQueue  queue.o
    0x08022942   0x08022942   0x0000007e   Code   RO         9550    i.prvCopyDataToQueue  queue.o
    0x080229c0   0x080229c0   0x00000012   Code   RO         9926    i.prvDeleteTCB      tasks.o
    0x080229d2   0x080229d2   0x00000002   PAD
    0x080229d4   0x080229d4   0x00000028   Code   RO        10294    i.prvGetNextExpireTime  timers.o
    0x080229fc   0x080229fc   0x00000070   Code   RO        10541    i.prvHeapInit       heap_4.o
    0x08022a6c   0x08022a6c   0x00000028   Code   RO         9927    i.prvIdleTask       tasks.o
    0x08022a94   0x08022a94   0x0000002a   Code   RO         9553    i.prvInitialiseNewQueue  queue.o
    0x08022abe   0x08022abe   0x000000cc   Code   RO         9928    i.prvInitialiseNewTask  tasks.o
    0x08022b8a   0x08022b8a   0x00000058   Code   RO        10295    i.prvInitialiseNewTimer  timers.o
    0x08022be2   0x08022be2   0x00000002   PAD
    0x08022be4   0x08022be4   0x00000068   Code   RO         9929    i.prvInitialiseTaskLists  tasks.o
    0x08022c4c   0x08022c4c   0x00000068   Code   RO        10542    i.prvInsertBlockIntoFreeList  heap_4.o
    0x08022cb4   0x08022cb4   0x00000058   Code   RO        10296    i.prvInsertTimerInActiveList  timers.o
    0x08022d0c   0x08022d0c   0x0000001a   Code   RO         9554    i.prvIsQueueEmpty   queue.o
    0x08022d26   0x08022d26   0x0000001e   Code   RO         9555    i.prvIsQueueFull    queue.o
    0x08022d44   0x08022d44   0x00000044   Code   RO        10297    i.prvProcessExpiredTimer  timers.o
    0x08022d88   0x08022d88   0x0000011c   Code   RO        10298    i.prvProcessReceivedCommands  timers.o
    0x08022ea4   0x08022ea4   0x00000074   Code   RO        10299    i.prvProcessTimerOrBlockTask  timers.o
    0x08022f18   0x08022f18   0x00000028   Code   RO        10300    i.prvReloadTimer    timers.o
    0x08022f40   0x08022f40   0x00000030   Code   RO         9931    i.prvResetNextTaskUnblockTime  tasks.o
    0x08022f70   0x08022f70   0x0000002c   Code   RO        10301    i.prvSampleTimeNow  timers.o
    0x08022f9c   0x08022f9c   0x00000044   Code   RO        10302    i.prvSwitchTimerLists  timers.o
    0x08022fe0   0x08022fe0   0x00000016   Code   RO         9932    i.prvTaskCheckFreeStackSpace  tasks.o
    0x08022ff6   0x08022ff6   0x00000002   PAD
    0x08022ff8   0x08022ff8   0x00000040   Code   RO        10466    i.prvTaskExitError  port.o
    0x08023038   0x08023038   0x0000001a   Code   RO        10303    i.prvTimerTask      timers.o
    0x08023052   0x08023052   0x0000007e   Code   RO         9556    i.prvUnlockQueue    queue.o
    0x080230d0   0x080230d0   0x00000136   Code   RO        10790    i.put_fat           ff.o
    0x08023206   0x08023206   0x00000002   PAD
    0x08023208   0x08023208   0x0000012c   Code   RO        10544    i.pvPortMalloc      heap_4.o
    0x08023334   0x08023334   0x0000002c   Code   RO        10467    i.pxPortInitialiseStack  port.o
    0x08023360   0x08023360   0x00000068   Code   RO         6863    i.read_custom_info  custom.o
    0x080233c8   0x080233c8   0x0000003c   Code   RO         6864    i.read_user_parameter  custom.o
    0x08023404   0x08023404   0x00000050   Code   RO         9184    i.rec_sync          comm_rec.o
    0x08023454   0x08023454   0x0000006c   Code   RO        10792    i.remove_chain      ff.o
    0x080234c0   0x080234c0   0x00000134   Code   RO         7065    i.remove_duplicates  wifi_use.o
    0x080235f4   0x080235f4   0x0000003c   Code   RO         8137    i.rgb_light_stat    ws2812b.o
    0x08023630   0x08023630   0x00000070   Code   RO         8138    i.rgb_warning_show  ws2812b.o
    0x080236a0   0x080236a0   0x00000214   Code   RO         8430    i.rtc_time_calibration  rtc.o
    0x080238b4   0x080238b4   0x000000a8   Code   RO         5701    i.run_task          app.o
    0x0802395c   0x0802395c   0x0000011c   Code   RO         6865    i.save_para         custom.o
    0x08023a78   0x08023a78   0x000001b8   Code   RO         8251    i.server_download_request  wifi_driver.o
    0x08023c30   0x08023c30   0x00000024   Code   RO         5937    i.set_screen        hmi_driver.o
    0x08023c54   0x08023c54   0x000001c8   Code   RO         6956    i.setting_ctrl1     setting.o
    0x08023e1c   0x08023e1c   0x00000078   Code   RO         6957    i.setting_ctrl2     setting.o
    0x08023e94   0x08023e94   0x00000094   Code   RO         6958    i.setting_show      setting.o
    0x08023f28   0x08023f28   0x0000025c   Code   RO         6757    i.show_cur_cure_page  cure.o
    0x08024184   0x08024184   0x000002f4   Code   RO         6866    i.show_cur_custom_page  custom.o
    0x08024478   0x08024478   0x0000008c   Code   RO         6758    i.show_hour_min_sec  cure.o
    0x08024504   0x08024504   0x0000010c   Code   RO         6867    i.show_para         custom.o
    0x08024610   0x08024610   0x000000b0   Code   RO         7066    i.show_wifi_list    wifi_use.o
    0x080246c0   0x080246c0   0x0000009c   Code   RO         5702    i.software_timer_task  app.o
    0x0802475c   0x0802475c   0x000000e4   Code   RO         7325    i.spi2_config       spi.o
    0x08024840   0x08024840   0x00000010   Code   RO        10793    i.st_clust          ff.o
    0x08024850   0x08024850   0x00000020   Code   RO         8139    i.steady_green_light  ws2812b.o
    0x08024870   0x08024870   0x00000020   Code   RO        10794    i.sum_sfn           ff.o
    0x08024890   0x08024890   0x00000052   Code   RO         5939    i.switch_icon       hmi_driver.o
    0x080248e2   0x080248e2   0x000000c8   Code   RO        10795    i.sync_fs           ff.o
    0x080249aa   0x080249aa   0x0000004c   Code   RO        10796    i.sync_window       ff.o
    0x080249f6   0x080249f6   0x00000002   PAD
    0x080249f8   0x080249f8   0x00000204   Code   RO         6759    i.temperature_control  cure.o
    0x08024bfc   0x08024bfc   0x000000a4   Code   RO         7568    i.timer1_pwm_config  tim.o
    0x08024ca0   0x08024ca0   0x0000005c   Code   RO         7569    i.timer3_time_config  tim.o
    0x08024cfc   0x08024cfc   0x000000bc   Code   RO         7570    i.timer4_pwm_config  tim.o
    0x08024db8   0x08024db8   0x0000009c   Code   RO         7571    i.timer5_pwm_config  tim.o
    0x08024e54   0x08024e54   0x00000ffc   Code   RO         6697    i.touch_cmd_pro     ui_process.o
    0x08025e50   0x08025e50   0x0000001c   Code   RO         8640    i.uart1_putchar     f4_uart.o
    0x08025e6c   0x08025e6c   0x00000328   Code   RO         8643    i.uart_initial      f4_uart.o
    0x08026194   0x08026194   0x00000060   Code   RO         8644    i.uart_irq          f4_uart.o
    0x080261f4   0x080261f4   0x00000036   Code   RO         8645    i.uart_send         f4_uart.o
    0x0802622a   0x0802622a   0x00000002   PAD
    0x0802622c   0x0802622c   0x00000018   Code   RO         6698    i.ui_updata_tx      ui_process.o
    0x08026244   0x08026244   0x000000a8   Code   RO         9935    i.ulTaskGenericNotifyTake  tasks.o
    0x080262ec   0x080262ec   0x000002b0   Code   RO         7196    i.update_cure_parameter_file  ota_update.o
    0x0802659c   0x0802659c   0x0000003c   Code   RO         5703    i.usb_disk_task     app.o
    0x080265d8   0x080265d8   0x0000015c   Code   RO         8491    i.usr_cal_rtc_time  ethernet_driver.o
    0x08026734   0x08026734   0x0000003c   Code   RO         8492    i.usr_enter_at_mode  ethernet_driver.o
    0x08026770   0x08026770   0x00000024   Code   RO         8493    i.usr_exit_at_mode  ethernet_driver.o
    0x08026794   0x08026794   0x0000011c   Code   RO         8494    i.usr_file_header_request  ethernet_driver.o
    0x080268b0   0x080268b0   0x000000dc   Code   RO         8495    i.usr_k5_init       ethernet_driver.o
    0x0802698c   0x0802698c   0x00000024   Code   RO         8496    i.usr_k5_tx         ethernet_driver.o
    0x080269b0   0x080269b0   0x00000048   Code   RO         8497    i.usr_ping_web_server  ethernet_driver.o
    0x080269f8   0x080269f8   0x0000002c   Code   RO         8498    i.usr_query_connect  ethernet_driver.o
    0x08026a24   0x08026a24   0x0000006c   Code   RO         8499    i.usr_query_wan_ip  ethernet_driver.o
    0x08026a90   0x08026a90   0x0000002c   Code   RO         8500    i.usr_restart       ethernet_driver.o
    0x08026abc   0x08026abc   0x00000030   Code   RO         8501    i.usr_restore_default  ethernet_driver.o
    0x08026aec   0x08026aec   0x00000058   Code   RO         8502    i.usr_send_at_cmd   ethernet_driver.o
    0x08026b44   0x08026b44   0x000001b8   Code   RO         8503    i.usr_server_download_request  ethernet_driver.o
    0x08026cfc   0x08026cfc   0x0000004c   Code   RO         8504    i.usr_set_tcp_server  ethernet_driver.o
    0x08026d48   0x08026d48   0x0000004c   Code   RO         8506    i.usr_set_udp_server  ethernet_driver.o
    0x08026d94   0x08026d94   0x00000028   Code   RO         8507    i.usr_set_wan_ip    ethernet_driver.o
    0x08026dbc   0x08026dbc   0x00000090   Code   RO         5704    i.uv_total_time_callback  app.o
    0x08026e4c   0x08026e4c   0x0000008c   Code   RO         6959    i.uvled_total_time_show  setting.o
    0x08026ed8   0x08026ed8   0x00000028   Code   RO         9509    i.uxListRemove      list.o
    0x08026f00   0x08026f00   0x0000000c   Code   RO         9937    i.uxTaskGetNumberOfTasks  tasks.o
    0x08026f0c   0x08026f0c   0x00000028   Code   RO         9938    i.uxTaskGetStackHighWaterMark  tasks.o
    0x08026f34   0x08026f34   0x0000001a   Code   RO         9510    i.vListInitialise   list.o
    0x08026f4e   0x08026f4e   0x00000006   Code   RO         9511    i.vListInitialiseItem  list.o
    0x08026f54   0x08026f54   0x00000034   Code   RO         9512    i.vListInsert       list.o
    0x08026f88   0x08026f88   0x00000054   Code   RO        10469    i.vPortEnterCritical  port.o
    0x08026fdc   0x08026fdc   0x0000003c   Code   RO        10470    i.vPortExitCritical  port.o
    0x08027018   0x08027018   0x0000008c   Code   RO        10545    i.vPortFree         heap_4.o
    0x080270a4   0x080270a4   0x00000028   Code   RO        10471    i.vPortSetupTimerInterrupt  port.o
    0x080270cc   0x080270cc   0x00000078   Code   RO        10472    i.vPortValidateInterruptPriority  port.o
    0x08027144   0x08027144   0x00000060   Code   RO         9562    i.vQueueAddToRegistry  queue.o
    0x080271a4   0x080271a4   0x0000004a   Code   RO         9566    i.vQueueWaitForMessageRestricted  queue.o
    0x080271ee   0x080271ee   0x00000002   PAD
    0x080271f0   0x080271f0   0x0000005c   Code   RO         9944    i.vTaskDelay        tasks.o
    0x0802724c   0x0802724c   0x0000018c   Code   RO         9947    i.vTaskGenericNotifyGiveFromISR  tasks.o
    0x080273d8   0x080273d8   0x00000018   Code   RO         9949    i.vTaskInternalSetTimeOutState  tasks.o
    0x080273f0   0x080273f0   0x0000000c   Code   RO         9950    i.vTaskMissedYield  tasks.o
    0x080273fc   0x080273fc   0x00000038   Code   RO         9951    i.vTaskPlaceOnEventList  tasks.o
    0x08027434   0x08027434   0x00000064   Code   RO         9952    i.vTaskPlaceOnEventListRestricted  tasks.o
    0x08027498   0x08027498   0x0000009c   Code   RO         9960    i.vTaskStartScheduler  tasks.o
    0x08027534   0x08027534   0x00000010   Code   RO         9962    i.vTaskSuspendAll   tasks.o
    0x08027544   0x08027544   0x0000008c   Code   RO         9963    i.vTaskSwitchContext  tasks.o
    0x080275d0   0x080275d0   0x00000036   Code   RO        10797    i.validate          ff.o
    0x08027606   0x08027606   0x00000002   PAD
    0x08027608   0x08027608   0x000000a4   Code   RO         7033    i.version_release   version.o
    0x080276ac   0x080276ac   0x00000002   Code   RO         9060    i.void_cmd_out      cmd.o
    0x080276ae   0x080276ae   0x00000006   Code   RO         8852    i.void_putchar      stm32f4_sys.o
    0x080276b4   0x080276b4   0x00000094   Code   RO         7067    i.wifi_check_box_icon  wifi_use.o
    0x08027748   0x08027748   0x00000006   Code   RO         8253    i.wifi_data_pro     wifi_driver.o
    0x0802774e   0x0802774e   0x00000002   PAD
    0x08027750   0x08027750   0x00000060   Code   RO         5705    i.wifi_data_pro_task  app.o
    0x080277b0   0x080277b0   0x00000054   Code   RO         7068    i.wifi_init_process  wifi_use.o
    0x08027804   0x08027804   0x00000098   Code   RO         7069    i.wifi_input_pro    wifi_use.o
    0x0802789c   0x0802789c   0x00000454   Code   RO         7070    i.wifi_link_ctrl    wifi_use.o
    0x08027cf0   0x08027cf0   0x0000014c   Code   RO         7071    i.wifi_list_ctrl    wifi_use.o
    0x08027e3c   0x08027e3c   0x00000080   Code   RO         7072    i.wifi_list_refresh  wifi_use.o
    0x08027ebc   0x08027ebc   0x00000104   Code   RO         7073    i.wifi_module_run   wifi_use.o
    0x08027fc0   0x08027fc0   0x0000003c   Code   RO         6868    i.write_user_parameter  custom.o
    0x08027ffc   0x08027ffc   0x00000128   Code   RO         8140    i.ws2812_init       ws2812b.o
    0x08028124   0x08028124   0x00000168   Code   RO        10473    i.xPortStartScheduler  port.o
    0x0802828c   0x0802828c   0x00000066   Code   RO         9569    i.xQueueGenericCreate  queue.o
    0x080282f2   0x080282f2   0x00000002   PAD
    0x080282f4   0x080282f4   0x000000dc   Code   RO         9570    i.xQueueGenericReset  queue.o
    0x080283d0   0x080283d0   0x000001a8   Code   RO         9571    i.xQueueGenericSend  queue.o
    0x08028578   0x08028578   0x00000128   Code   RO         9572    i.xQueueGenericSendFromISR  queue.o
    0x080286a0   0x080286a0   0x00000168   Code   RO         9579    i.xQueueReceive     queue.o
    0x08028808   0x08028808   0x00000090   Code   RO         9965    i.xTaskCheckForTimeOut  tasks.o
    0x08028898   0x08028898   0x00000068   Code   RO         9966    i.xTaskCreate       tasks.o
    0x08028900   0x08028900   0x00000020   Code   RO         9973    i.xTaskGetSchedulerState  tasks.o
    0x08028920   0x08028920   0x0000000c   Code   RO         9974    i.xTaskGetTickCount  tasks.o
    0x0802892c   0x0802892c   0x000001bc   Code   RO         9976    i.xTaskIncrementTick  tasks.o
    0x08028ae8   0x08028ae8   0x000000f0   Code   RO         9977    i.xTaskPriorityDisinherit  tasks.o
    0x08028bd8   0x08028bd8   0x00000120   Code   RO         9979    i.xTaskRemoveFromEventList  tasks.o
    0x08028cf8   0x08028cf8   0x00000178   Code   RO         9980    i.xTaskResumeAll    tasks.o
    0x08028e70   0x08028e70   0x00000036   Code   RO        10310    i.xTimerCreate      timers.o
    0x08028ea6   0x08028ea6   0x00000002   PAD
    0x08028ea8   0x08028ea8   0x00000058   Code   RO        10311    i.xTimerCreateTimerTask  timers.o
    0x08028f00   0x08028f00   0x00000084   Code   RO        10312    i.xTimerGenericCommand  timers.o
    0x08028f84   0x08028f84   0x00000b11   Data   RO         6960    .constdata          setting.o
    0x08029a95   0x08029a95   0x00000b11   Data   RO         7155    .constdata          data_upload.o
    0x0802a5a6   0x0802a5a6   0x00000002   PAD
    0x0802a5a8   0x0802a5a8   0x000017d4   Data   RO         7937    .constdata          ntc.o
    0x0802bd7c   0x0802bd7c   0x00000b11   Data   RO         8142    .constdata          ws2812b.o
    0x0802c88d   0x0802c88d   0x00000003   PAD
    0x0802c890   0x0802c890   0x00000b78   Data   RO         8255    .constdata          wifi_driver.o
    0x0802d408   0x0802d408   0x00000018   Data   RO         9062    .constdata          cmd.o
    0x0802d420   0x0802d420   0x00000128   Data   RO         9134    .constdata          com_fun.o
    0x0802d548   0x0802d548   0x0000003a   Data   RO        10799    .constdata          ff.o
    0x0802d582   0x0802d582   0x00000ed2   Data   RO        11093    .constdata          mycc936.o
    0x0802e454   0x0802e454   0x00000081   Data   RO        12710    .constdata          mc_w.l(ctype_o.o)
    0x0802e4d5   0x0802e4d5   0x00000003   PAD
    0x0802e4d8   0x0802e4d8   0x00000004   Data   RO        12711    .constdata          mc_w.l(ctype_o.o)
    0x0802e4dc   0x0802e4dc   0x000000bd   Data   RO         5708    .conststring        app.o
    0x0802e599   0x0802e599   0x00000003   PAD
    0x0802e59c   0x0802e59c   0x00000058   Data   RO         7076    .conststring        wifi_use.o
    0x0802e5f4   0x0802e5f4   0x00000071   Data   RO         7156    .conststring        data_upload.o
    0x0802e665   0x0802e665   0x00000003   PAD
    0x0802e668   0x0802e668   0x0000004c   Data   RO         8433    .conststring        rtc.o
    0x0802e6b4   0x0802e6b4   0x0000003d   Data   RO         9063    .conststring        cmd.o
    0x0802e6f1   0x0802e6f1   0x00000003   PAD
    0x0802e6f4   0x0802e6f4   0x00000020   Data   RO        12746    Region$$Table       anon$$obj.o


    Execution Region RW_IRAM1 (Exec base: 0x20000000, Load base: 0x0802e714, Size: 0x00019cf8, Max: 0x00020000, ABSOLUTE, COMPRESSED[0x00000154])

    Exec Addr    Load Addr    Size         Type   Attr      Idx    E Section Name        Object

    0x20000000   COMPRESSED   0x00000014   Data   RW           16    .data               system_stm32f4xx.o
    0x20000014   COMPRESSED   0x00000074   Data   RW         5533    .data               config.o
    0x20000088   COMPRESSED   0x00000060   Data   RW         5709    .data               app.o
    0x200000e8   COMPRESSED   0x0000001c   Data   RW         6701    .data               ui_process.o
    0x20000104   COMPRESSED   0x00000012   Data   RW         6762    .data               cure.o
    0x20000116   COMPRESSED   0x0000000a   Data   RW         6871    .data               custom.o
    0x20000120   COMPRESSED   0x0000000a   Data   RW         6961    .data               setting.o
    0x2000012a   COMPRESSED   0x0000000c   Data   RW         7077    .data               wifi_use.o
    0x20000136   COMPRESSED   0x00000002   PAD
    0x20000138   COMPRESSED   0x00000008   Data   RW         7157    .data               data_upload.o
    0x20000140   COMPRESSED   0x0000001c   Data   RW         7199    .data               ota_update.o
    0x2000015c   COMPRESSED   0x00000008   Data   RW         7253    .data               ethernet_update.o
    0x20000164   COMPRESSED   0x00000002   Data   RW         7435    .data               w25qxx.o
    0x20000166   COMPRESSED   0x00000002   PAD
    0x20000168   COMPRESSED   0x00000010   Data   RW         7705    .data               sdio_sdcard.o
    0x20000178   COMPRESSED   0x00000004   Data   RW         7890    .data               adc.o
    0x2000017c   COMPRESSED   0x00000018   Data   RW         7938    .data               ntc.o
    0x20000194   COMPRESSED   0x00000038   Data   RW         8143    .data               ws2812b.o
    0x200001cc   COMPRESSED   0x00000014   Data   RW         8256    .data               wifi_driver.o
    0x200001e0   COMPRESSED   0x00000058   Data   RW         8434    .data               rtc.o
    0x20000238   COMPRESSED   0x00000018   Data   RW         8510    .data               ethernet_driver.o
    0x20000250   COMPRESSED   0x00000330   Data   RW         8648    .data               f4_uart.o
    0x20000580   COMPRESSED   0x00000010   Data   RW         8856    .data               stm32f4_sys.o
    0x20000590   COMPRESSED   0x0000001c   Data   RW         9064    .data               cmd.o
    0x200005ac   COMPRESSED   0x00000004   Data   RW         9185    .data               comm_rec.o
    0x200005b0   COMPRESSED   0x00000040   Data   RW         9983    .data               tasks.o
    0x200005f0   COMPRESSED   0x00000014   Data   RW        10319    .data               timers.o
    0x20000604   COMPRESSED   0x0000000c   Data   RW        10474    .data               port.o
    0x20000610   COMPRESSED   0x0000001c   Data   RW        10551    .data               heap_4.o
    0x2000062c   COMPRESSED   0x00000002   Data   RW        10614    .data               diskio.o
    0x2000062e   COMPRESSED   0x00000002   Data   RW        10800    .data               ff.o
    0x20000630   COMPRESSED   0x0000001d   Data   RW        11177    .data               file_handing.o
    0x2000064d   COMPRESSED   0x00000003   PAD
    0x20000650   COMPRESSED   0x0000001e   Data   RW        11621    .data               usbh_core.o
    0x2000066e   COMPRESSED   0x00000003   Data   RW        11862    .data               usbh_stdreq.o
    0x20000671   COMPRESSED   0x00000003   PAD
    0x20000674   COMPRESSED   0x00000015   Data   RW        11967    .data               usbh_msc_bot.o
    0x20000689   COMPRESSED   0x00000003   PAD
    0x2000068c   COMPRESSED   0x0000001d   Data   RW        12019    .data               usbh_msc_core.o
    0x200006a9   COMPRESSED   0x00000001   Data   RW        12079    .data               usbh_msc_scsi.o
    0x200006aa   COMPRESSED   0x00000002   PAD
    0x200006ac   COMPRESSED   0x0000004c   Data   RW        12213    .data               usbh_usr.o
    0x200006f8   COMPRESSED   0x00000004   Data   RW        12666    .data               mc_w.l(stdout.o)
    0x200006fc   COMPRESSED   0x00000004   Data   RW        12676    .data               mc_w.l(errno.o)
    0x20000700        -       0x0000000c   Zero   RW         5531    .bss                config.o
    0x2000070c        -       0x00000658   Zero   RW         5706    .bss                app.o
    0x20000d64        -       0x0000007b   Zero   RW         6699    .bss                ui_process.o
    0x20000ddf        -       0x00000cfa   Zero   RW         6760    .bss                cure.o
    0x20001ad9        -       0x00000bb8   Zero   RW         6869    .bss                custom.o
    0x20002691        -       0x00002fbc   Zero   RW         7074    .bss                wifi_use.o
    0x2000564d        -       0x0000070c   Zero   RW         7154    .bss                data_upload.o
    0x20005d59   COMPRESSED   0x00000003   PAD
    0x20005d5c        -       0x00001b74   Zero   RW         7197    .bss                ota_update.o
    0x200078d0        -       0x000010ee   Zero   RW         7251    .bss                ethernet_update.o
    0x200089be        -       0x00001000   Zero   RW         7433    .bss                w25qxx.o
    0x200099be   COMPRESSED   0x00000002   PAD
    0x200099c0        -       0x000002c0   Zero   RW         7704    .bss                sdio_sdcard.o
    0x20009c80        -       0x00000018   Zero   RW         7888    .bss                adc.o
    0x20009c98        -       0x00000850   Zero   RW         8141    .bss                ws2812b.o
    0x2000a4e8        -       0x000007d0   Zero   RW         8254    .bss                wifi_driver.o
    0x2000acb8        -       0x0000004e   Zero   RW         8431    .bss                rtc.o
    0x2000ad06        -       0x00000802   Zero   RW         8508    .bss                ethernet_driver.o
    0x2000b508        -       0x000036b0   Zero   RW         8646    .bss                f4_uart.o
    0x2000ebb8        -       0x00000040   Zero   RW         9583    .bss                queue.o
    0x2000ebf8        -       0x00000190   Zero   RW         9982    .bss                tasks.o
    0x2000ed88        -       0x00000028   Zero   RW        10318    .bss                timers.o
    0x2000edb0        -       0x00007800   Zero   RW        10550    .bss                heap_4.o
    0x200165b0        -       0x0000000c   Zero   RW        10798    .bss                ff.o
    0x200165bc        -       0x000010a0   Zero   RW        11174    .bss                file_handing.o
    0x2001765c        -       0x00000200   Zero   RW        11861    .bss                usbh_stdreq.o
    0x2001785c        -       0x00000040   Zero   RW        11966    .bss                usbh_msc_bot.o
    0x2001789c        -       0x0000004a   Zero   RW        12018    .bss                usbh_msc_core.o
    0x200178e6   COMPRESSED   0x00000002   PAD
    0x200178e8        -       0x00000410   Zero   RW        12078    .bss                usbh_msc_scsi.o
    0x20017cf8        -       0x00002000   Zero   RW            1    STACK               startup_stm32f40_41xxx.o


==============================================================================

Image component sizes


      Code (inc. data)   RO Data    RW Data    ZI Data      Debug   Object Name

       496         46          0          4         24       1855   adc.o
         0          0          0          0          0       1492   aos_crc64.o
      1890        502        189         96       1624       9816   app.o
       214         50         85         28          0       4124   cmd.o
       116          4        296          0          0       1154   com_fun.o
        80          4          0          4          0       1431   comm_rec.o
       376        180          0        116         12      17395   config.o
      3874        606          0         18       3322      11297   cure.o
      2748        330          0         10       3000       8912   custom.o
      1088        126       2946          8       1804       4052   data_upload.o
       632         16          0          2          0      11870   diskio.o
       106         22          0          0          0       1506   dwt_delay.o
      2470        802          0         24       2050      13571   ethernet_driver.o
      4968       1196          0          8       4334       5963   ethernet_update.o
         0          0          0          0          0      13252   event_groups.o
      1522        148          0        816      14000      17716   f4_uart.o
     10086        140         58          2         12      45425   ff.o
       778        210          0         29       4256       6927   file_handing.o
       656         58          0         28      30720       5111   heap_4.o
       802         28          0          0          0      15465   hmi_driver.o
       460         38          0          0          0        536   led.o
       124          0          0          0          0       2677   list.o
       556        218          0          0          0      66532   main.o
       120         14          0          0          0        948   misc.o
       212          0          0          0          0       2556   my_queue.o
       286         14       3794          0          0       5275   mycc936.o
       750         50       6100         24          0       2261   ntc.o
      6368       1456          0         28       7028       9574   ota_update.o
      1014         92          0         12          0      11697   port.o
      1964         20          0          0         64      16750   queue.o
       918         76         76         88         78       5093   rtc.o
      7462        398          0         16        704      33197   sdio_sdcard.o
      3372        904       2833         10          0       7764   setting.o
       384         28          0          0          0       1781   spi.o
        36          8        392          0       8192        836   startup_stm32f40_41xxx.o
       876         56          0         16          0       6867   stm32f4_sys.o
       436         34          0          0          0       5774   stm32f4xx_adc.o
       720         72          0          0          0       6695   stm32f4xx_dma.o
       214          0          0          0          0       1675   stm32f4xx_gpio.o
        20          0          0          0          0       2585   stm32f4xx_it.o
        12          6          0          0          0        502   stm32f4xx_pwr.o
       372         60          0          0          0       5573   stm32f4xx_rcc.o
       970         66          0          0          0       8294   stm32f4xx_rtc.o
       208         38          0          0          0       5441   stm32f4xx_sdio.o
       260         24          0          0          0       2250   stm32f4xx_spi.o
       800         56          0          0          0       8970   stm32f4xx_tim.o
       340         32          0         20          0     329761   system_stm32f4xx.o
      3788        402          0         64        400      31973   tasks.o
       996         62          0          0          0       5855   tim.o
      1236        116          0         20         40      28334   timers.o
      4280        606          0         28        123       9312   ui_process.o
       154          6          0          0          0       3500   usb_bsp.o
      3034         18          0          0          0      18495   usb_core.o
       210          0          0          0          0       5663   usb_hcd.o
      3710         16          0          0          0      10347   usb_hcd_int.o
      1760         48          0         30          0      10409   usbh_core.o
       390          0          0          0          0       4552   usbh_hcs.o
       560          0          0          0          0       5578   usbh_ioreq.o
      1324        106          0         21         64       6857   usbh_msc_bot.o
       876         62          0         29         74       6525   usbh_msc_core.o
      1312         88          0          1       1040       7224   usbh_msc_scsi.o
       982         12          0          3        512      10585   usbh_stdreq.o
      1288        672          0         76          0      17040   usbh_usr.o
       304         48          0          0          0       1422   version.o
       688         58          0          2       4096       8421   w25qxx.o
      2430        982       2936         20       2000      16689   wifi_driver.o
      3280        560         88         12      12220       8458   wifi_use.o
       972        104       2833         56       2128       6038   ws2812b.o

    ----------------------------------------------------------------------
     95828      12194      22672       1784     103928     973475   Object Totals
         0          0         32          0          0          0   (incl. Generated)
        98          0         14         15          7          0   (incl. Padding)

    ----------------------------------------------------------------------

      Code (inc. data)   RO Data    RW Data    ZI Data      Debug   Library Member Name

        56          8          0          0          0         84   __0sscanf.o
        86          0          0          0          0          0   __dczerorl2.o
        28          0          0          0          0         68   _chval.o
       816          6          0          0          0        112   _scanf.o
       332          0          0          0          0         96   _scanf_int.o
       224          0          0          0          0         96   _scanf_str.o
        64          0          0          0          0         84   _sgetc.o
       158          0          0          0          0         92   _strtoul.o
        26          0          0          0          0         80   atoi.o
         8          4        133          0          0         68   ctype_o.o
         0          0          0          0          0          0   entry.o
         0          0          0          0          0          0   entry10a.o
         0          0          0          0          0          0   entry11a.o
         4          0          0          0          0          0   entry12b.o
         8          4          0          0          0          0   entry2.o
         4          0          0          0          0          0   entry5.o
         0          0          0          0          0          0   entry7b.o
         0          0          0          0          0          0   entry8b.o
         8          4          0          0          0          0   entry9a.o
         8          4          0          4          0         68   errno.o
        30          0          0          0          0          0   handlers.o
        36          8          0          0          0         68   init.o
        18          0          0          0          0         76   isspace_o.o
         0          0          0          0          0          0   iusefp.o
        98          0          0          0          0         84   ldiv.o
        30          0          0          0          0         68   llshl.o
        36          0          0          0          0         68   llsshr.o
        32          0          0          0          0         68   llushr.o
        26          0          0          0          0         80   memcmp.o
        36          0          0          0          0         68   memcpya.o
        36          0          0          0          0        108   memseta.o
      2268         96          0          0          0        616   printfa.o
        40          8          0          0          0         84   scanf_char.o
         0          0          0          4          0          0   stdout.o
        28          0          0          0          0         76   strcmp.o
        14          0          0          0          0         68   strlen.o
        50          0          0          0          0         84   strncasecmp.o
        30          0          0          0          0         80   strncmp.o
        36          0          0          0          0         80   strstr.o
       112          0          0          0          0         88   strtol.o
        12          0          0          0          0         68   tolower.o
        44          0          0          0          0         80   uidiv.o
        98          0          0          0          0         92   uldiv.o
        48          0          0          0          0         68   cdrcmple.o
       334          0          0          0          0        148   dadd.o
       222          0          0          0          0        100   ddiv.o
       186          0          0          0          0        176   depilogue.o
        48          0          0          0          0         68   dfixul.o
       228          0          0          0          0         96   dmul.o
        38          0          0          0          0         68   f2d.o

    ----------------------------------------------------------------------
      6056        142        136          8          0       3676   Library Totals
        12          0          3          0          0          0   (incl. Padding)

    ----------------------------------------------------------------------

      Code (inc. data)   RO Data    RW Data    ZI Data      Debug   Library Name

      4940        142        133          8          0       2952   mc_w.l
      1104          0          0          0          0        724   mf_w.l

    ----------------------------------------------------------------------
      6056        142        136          8          0       3676   Library Totals

    ----------------------------------------------------------------------

==============================================================================


      Code (inc. data)   RO Data    RW Data    ZI Data      Debug   

    101884      12336      22808       1792     103928     918859   Grand Totals
    101884      12336      22808        340     103928     918859   ELF Image Totals (compressed)
    101884      12336      22808        340          0          0   ROM Totals

==============================================================================

    Total RO  Size (Code + RO Data)               124692 ( 121.77kB)
    Total RW  Size (RW Data + ZI Data)            105720 ( 103.24kB)
    Total ROM Size (Code + RO Data + RW Data)     125032 ( 122.10kB)

==============================================================================

